Archive member included to satisfy reference by file (symbol)

/usr/local/gcc-arm-none-eabi-9-2019-q4-major/bin/../lib/gcc/arm-none-eabi/9.2.1/../../../../arm-none-eabi/lib/thumb/v7e-m+fp/hard/libc_nano.a(lib_a-ctype_.o)
                              _build/nrf52840_xxaa/nrf_log_str_formatter.c.o (_ctype_)
/usr/local/gcc-arm-none-eabi-9-2019-q4-major/bin/../lib/gcc/arm-none-eabi/9.2.1/../../../../arm-none-eabi/lib/thumb/v7e-m+fp/hard/libc_nano.a(lib_a-exit.o)
                              /usr/local/gcc-arm-none-eabi-9-2019-q4-major/bin/../lib/gcc/arm-none-eabi/9.2.1/../../../../arm-none-eabi/lib/thumb/v7e-m+fp/hard/crt0.o (exit)
/usr/local/gcc-arm-none-eabi-9-2019-q4-major/bin/../lib/gcc/arm-none-eabi/9.2.1/../../../../arm-none-eabi/lib/thumb/v7e-m+fp/hard/libc_nano.a(lib_a-impure.o)
                              /usr/local/gcc-arm-none-eabi-9-2019-q4-major/bin/../lib/gcc/arm-none-eabi/9.2.1/../../../../arm-none-eabi/lib/thumb/v7e-m+fp/hard/libc_nano.a(lib_a-exit.o) (_global_impure_ptr)
/usr/local/gcc-arm-none-eabi-9-2019-q4-major/bin/../lib/gcc/arm-none-eabi/9.2.1/../../../../arm-none-eabi/lib/thumb/v7e-m+fp/hard/libc_nano.a(lib_a-init.o)
                              /usr/local/gcc-arm-none-eabi-9-2019-q4-major/bin/../lib/gcc/arm-none-eabi/9.2.1/../../../../arm-none-eabi/lib/thumb/v7e-m+fp/hard/crt0.o (__libc_init_array)
/usr/local/gcc-arm-none-eabi-9-2019-q4-major/bin/../lib/gcc/arm-none-eabi/9.2.1/../../../../arm-none-eabi/lib/thumb/v7e-m+fp/hard/libc_nano.a(lib_a-memcmp.o)
                              _build/nrf52840_xxaa/main.c.o (memcmp)
/usr/local/gcc-arm-none-eabi-9-2019-q4-major/bin/../lib/gcc/arm-none-eabi/9.2.1/../../../../arm-none-eabi/lib/thumb/v7e-m+fp/hard/libc_nano.a(lib_a-memcpy-stub.o)
                              _build/nrf52840_xxaa/nrf_log_frontend.c.o (memcpy)
/usr/local/gcc-arm-none-eabi-9-2019-q4-major/bin/../lib/gcc/arm-none-eabi/9.2.1/../../../../arm-none-eabi/lib/thumb/v7e-m+fp/hard/libc_nano.a(lib_a-memset.o)
                              /usr/local/gcc-arm-none-eabi-9-2019-q4-major/bin/../lib/gcc/arm-none-eabi/9.2.1/../../../../arm-none-eabi/lib/thumb/v7e-m+fp/hard/crt0.o (memset)
/usr/local/gcc-arm-none-eabi-9-2019-q4-major/bin/../lib/gcc/arm-none-eabi/9.2.1/../../../../arm-none-eabi/lib/thumb/v7e-m+fp/hard/libc_nano.a(lib_a-rand.o)
                              _build/nrf52840_xxaa/main.c.o (srand)
/usr/local/gcc-arm-none-eabi-9-2019-q4-major/bin/../lib/gcc/arm-none-eabi/9.2.1/../../../../arm-none-eabi/lib/thumb/v7e-m+fp/hard/libc_nano.a(lib_a-strcpy.o)
                              _build/nrf52840_xxaa/SEGGER_RTT.c.o (strcpy)
/usr/local/gcc-arm-none-eabi-9-2019-q4-major/bin/../lib/gcc/arm-none-eabi/9.2.1/../../../../arm-none-eabi/lib/thumb/v7e-m+fp/hard/libc_nano.a(lib_a-strlen.o)
                              _build/nrf52840_xxaa/nrf_log_frontend.c.o (strlen)
/usr/local/gcc-arm-none-eabi-9-2019-q4-major/bin/../lib/gcc/arm-none-eabi/9.2.1/../../../../arm-none-eabi/lib/thumb/v7e-m+fp/hard/libc_nano.a(lib_a-malloc.o)
                              /usr/local/gcc-arm-none-eabi-9-2019-q4-major/bin/../lib/gcc/arm-none-eabi/9.2.1/../../../../arm-none-eabi/lib/thumb/v7e-m+fp/hard/libc_nano.a(lib_a-rand.o) (malloc)
/usr/local/gcc-arm-none-eabi-9-2019-q4-major/bin/../lib/gcc/arm-none-eabi/9.2.1/../../../../arm-none-eabi/lib/thumb/v7e-m+fp/hard/libc_nano.a(lib_a-nano-freer.o)
                              /usr/local/gcc-arm-none-eabi-9-2019-q4-major/bin/../lib/gcc/arm-none-eabi/9.2.1/../../../../arm-none-eabi/lib/thumb/v7e-m+fp/hard/libc_nano.a(lib_a-malloc.o) (_free_r)
/usr/local/gcc-arm-none-eabi-9-2019-q4-major/bin/../lib/gcc/arm-none-eabi/9.2.1/../../../../arm-none-eabi/lib/thumb/v7e-m+fp/hard/libc_nano.a(lib_a-nano-mallocr.o)
                              /usr/local/gcc-arm-none-eabi-9-2019-q4-major/bin/../lib/gcc/arm-none-eabi/9.2.1/../../../../arm-none-eabi/lib/thumb/v7e-m+fp/hard/libc_nano.a(lib_a-malloc.o) (_malloc_r)
/usr/local/gcc-arm-none-eabi-9-2019-q4-major/bin/../lib/gcc/arm-none-eabi/9.2.1/../../../../arm-none-eabi/lib/thumb/v7e-m+fp/hard/libc_nano.a(lib_a-sbrkr.o)
                              /usr/local/gcc-arm-none-eabi-9-2019-q4-major/bin/../lib/gcc/arm-none-eabi/9.2.1/../../../../arm-none-eabi/lib/thumb/v7e-m+fp/hard/libc_nano.a(lib_a-nano-mallocr.o) (_sbrk_r)
/usr/local/gcc-arm-none-eabi-9-2019-q4-major/bin/../lib/gcc/arm-none-eabi/9.2.1/../../../../arm-none-eabi/lib/thumb/v7e-m+fp/hard/libc_nano.a(lib_a-mlock.o)
                              /usr/local/gcc-arm-none-eabi-9-2019-q4-major/bin/../lib/gcc/arm-none-eabi/9.2.1/../../../../arm-none-eabi/lib/thumb/v7e-m+fp/hard/libc_nano.a(lib_a-nano-freer.o) (__malloc_lock)
/usr/local/gcc-arm-none-eabi-9-2019-q4-major/bin/../lib/gcc/arm-none-eabi/9.2.1/../../../../arm-none-eabi/lib/thumb/v7e-m+fp/hard/libc_nano.a(lib_a-reent.o)
[...]
Memory Configuration

Name             Origin             Length             Attributes
FLASH            0x0000000000000000 0x0000000000100000 xr
RAM              0x0000000020000000 0x0000000000040000 xrw
*default*        0x0000000000000000 0xffffffffffffffff

Linker script and memory map


.text           0x0000000000000000     0x3230
 *(.isr_vector)
 .isr_vector    0x0000000000000000      0x200 _build/nrf52840_xxaa/gcc_startup_nrf52840.S.o
                0x0000000000000000                __isr_vector
 *(.text*)
 .text          0x0000000000000200       0x40 /usr/local/gcc-arm-none-eabi-9-2019-q4-major/bin/../lib/gcc/arm-none-eabi/9.2.1/thumb/v7e-m+fp/hard/crtbegin.o
 .text          0x0000000000000240       0x74 /usr/local/gcc-arm-none-eabi-9-2019-q4-major/bin/../lib/gcc/arm-none-eabi/9.2.1/../../../../arm-none-eabi/lib/thumb/v7e-m+fp/hard/crt0.o
                0x0000000000000240                _mainCRTStartup
                0x0000000000000240                _start
 .text          0x00000000000002b4       0x3c _build/nrf52840_xxaa/gcc_startup_nrf52840.S.o
                0x00000000000002b4                Reset_Handler
                0x00000000000002dc                NMI_Handler
                0x00000000000002de                HardFault_Handler
                0x00000000000002e0                MemoryManagement_Handler
                0x00000000000002e2                BusFault_Handler
                0x00000000000002e4                UsageFault_Handler
                0x00000000000002e6                SVC_Handler
                0x00000000000002e8                DebugMon_Handler
                0x00000000000002ea                PendSV_Handler
                0x00000000000002ec                SysTick_Handler
                0x00000000000002ee                TIMER2_IRQHandler
                0x00000000000002ee                RTC0_IRQHandler
                0x00000000000002ee                SWI0_EGU0_IRQHandler
                0x00000000000002ee                SWI2_EGU2_IRQHandler
                0x00000000000002ee                GPIOTE_IRQHandler
                0x00000000000002ee                PWM1_IRQHandler
                0x00000000000002ee                POWER_CLOCK_IRQHandler
                0x00000000000002ee                RADIO_IRQHandler
                0x00000000000002ee                PDM_IRQHandler
                0x00000000000002ee                TEMP_IRQHandler
                0x00000000000002ee                QDEC_IRQHandler
                0x00000000000002ee                TIMER3_IRQHandler
                0x00000000000002ee                PWM3_IRQHandler
                0x00000000000002ee                FPU_IRQHandler
                0x00000000000002ee                USBD_IRQHandler
                0x00000000000002ee                SPIM0_SPIS0_TWIM0_TWIS0_SPI0_TWI0_IRQHandler
                0x00000000000002ee                TIMER4_IRQHandler
                0x00000000000002ee                CRYPTOCELL_IRQHandler
                0x00000000000002ee                I2S_IRQHandler
                0x00000000000002ee                SWI4_EGU4_IRQHandler
                0x00000000000002ee                TIMER0_IRQHandler
                0x00000000000002ee                UARTE1_IRQHandler
                0x00000000000002ee                TIMER1_IRQHandler
                0x00000000000002ee                SPIM3_IRQHandler
                0x00000000000002ee                PWM2_IRQHandler
                0x00000000000002ee                ECB_IRQHandler
                0x00000000000002ee                SPIM1_SPIS1_TWIM1_TWIS1_SPI1_TWI1_IRQHandler
                0x00000000000002ee                Default_Handler
                0x00000000000002ee                SAADC_IRQHandler
                0x00000000000002ee                CCM_AAR_IRQHandler
                0x00000000000002ee                WDT_IRQHandler
                0x00000000000002ee                SWI5_EGU5_IRQHandler
                0x00000000000002ee                RNG_IRQHandler
                0x00000000000002ee                RTC2_IRQHandler
                0x00000000000002ee                PWM0_IRQHandler
                0x00000000000002ee                SWI3_EGU3_IRQHandler
                0x00000000000002ee                RTC1_IRQHandler
                0x00000000000002ee                SWI1_EGU1_IRQHandler
                0x00000000000002ee                SPIM2_SPIS2_SPI2_IRQHandler
                0x00000000000002ee                NFCT_IRQHandler
                0x00000000000002ee                MWU_IRQHandler
                0x00000000000002ee                COMP_LPCOMP_IRQHandler
 .text.nrf_log_backend_serial_put
                0x00000000000002f0       0xd8 _build/nrf52840_xxaa/nrf_log_backend_serial.c.o
                0x00000000000002f0                nrf_log_backend_serial_put
 .text.nrf_log_backend_uart_flush
                0x00000000000003c8        0x4 _build/nrf52840_xxaa/nrf_log_backend_uart.c.o
 .text.nrf_log_backend_uart_put
                0x00000000000003cc       0x20 _build/nrf52840_xxaa/nrf_log_backend_uart.c.o
 .text.serial_tx
                0x00000000000003ec       0x4c _build/nrf52840_xxaa/nrf_log_backend_uart.c.o
 .text.nrf_log_backend_uart_panic_set
                0x0000000000000438       0x7c _build/nrf52840_xxaa/nrf_log_backend_uart.c.o
 .text.nrf_log_backend_uart_init
                0x00000000000004b4       0x60 _build/nrf52840_xxaa/nrf_log_backend_uart.c.o
                0x00000000000004b4                nrf_log_backend_uart_init
 .text.nrf_log_default_backends_init
                0x0000000000000514       0x20 _build/nrf52840_xxaa/nrf_log_default_backends.c.o
                0x0000000000000514                nrf_log_default_backends_init
 .text.nrf_log_init
                0x0000000000000534       0x40 _build/nrf52840_xxaa/nrf_log_frontend.c.o
                0x0000000000000534                nrf_log_init
 .text.nrf_log_module_name_get
                0x0000000000000574       0x48 _build/nrf52840_xxaa/nrf_log_frontend.c.o
                0x0000000000000574                nrf_log_module_name_get
 .text.nrf_log_color_id_get
                0x00000000000005bc       0x2c _build/nrf52840_xxaa/nrf_log_frontend.c.o
                0x00000000000005bc                nrf_log_color_id_get
 .text.nrf_log_frontend_dequeue
                0x00000000000005e8      0x26c _build/nrf52840_xxaa/nrf_log_frontend.c.o
                0x00000000000005e8                nrf_log_frontend_dequeue
 .text.nrf_log_frontend_std_0
                0x0000000000000854      0x198 _build/nrf52840_xxaa/nrf_log_frontend.c.o
                0x0000000000000854                nrf_log_frontend_std_0
 .text.nrf_log_backend_add
                0x00000000000009ec       0x5c _build/nrf52840_xxaa/nrf_log_frontend.c.o
                0x00000000000009ec                nrf_log_backend_add
 .text.nrf_log_panic
                0x0000000000000a48       0x2c _build/nrf52840_xxaa/nrf_log_frontend.c.o
                0x0000000000000a48                nrf_log_panic
 .text.prefix_process
                0x0000000000000a74       0x80 _build/nrf52840_xxaa/nrf_log_str_formatter.c.o
 .text.nrf_log_std_entry_process
                0x0000000000000af4       0xf0 _build/nrf52840_xxaa/nrf_log_str_formatter.c.o
                0x0000000000000af4                nrf_log_std_entry_process
 .text.nrf_log_hexdump_entry_process
                0x0000000000000be4       0xfc _build/nrf52840_xxaa/nrf_log_str_formatter.c.o
                0x0000000000000be4                nrf_log_hexdump_entry_process
 .text.app_error_handler_bare
                0x0000000000000ce0       0x20 _build/nrf52840_xxaa/app_error.c.o
                0x0000000000000ce0                app_error_handler_bare
 .text.app_error_fault_handler
                0x0000000000000d00       0x70 _build/nrf52840_xxaa/app_error_weak.c.o
                0x0000000000000d00                app_error_fault_handler
 .text.app_util_critical_region_enter
                0x0000000000000d70       0x10 _build/nrf52840_xxaa/app_util_platform.c.o
                0x0000000000000d70                app_util_critical_region_enter
 .text.app_util_critical_region_exit
                0x0000000000000d80       0x14 _build/nrf52840_xxaa/app_util_platform.c.o
                0x0000000000000d80                app_util_critical_region_exit
 .text.nrf_atomic_u32_fetch_store
                0x0000000000000d94       0x1c _build/nrf52840_xxaa/nrf_atomic.c.o
                0x0000000000000d94                nrf_atomic_u32_fetch_store
 .text.nrf_atomic_u32_add
                0x0000000000000db0       0x1c _build/nrf52840_xxaa/nrf_atomic.c.o
                0x0000000000000db0                nrf_atomic_u32_add
 .text.nrf_atomic_u32_sub
                0x0000000000000dcc       0x1c _build/nrf52840_xxaa/nrf_atomic.c.o
                0x0000000000000dcc                nrf_atomic_u32_sub
 .text.nrf_atomic_flag_set
                0x0000000000000de8       0x20 _build/nrf52840_xxaa/nrf_atomic.c.o
                0x0000000000000de8                nrf_atomic_flag_set
 .text.nrf_atomic_flag_clear_fetch
                0x0000000000000e08       0x20 _build/nrf52840_xxaa/nrf_atomic.c.o
                0x0000000000000e08                nrf_atomic_flag_clear_fetch
 .text.nrf_balloc_init
                0x0000000000000e28       0x38 _build/nrf52840_xxaa/nrf_balloc.c.o
                0x0000000000000e28                nrf_balloc_init
 .text.nrf_balloc_alloc
                0x0000000000000e60       0x4c _build/nrf52840_xxaa/nrf_balloc.c.o
                0x0000000000000e60                nrf_balloc_alloc
 .text.nrf_balloc_free
                0x0000000000000eac       0x2c _build/nrf52840_xxaa/nrf_balloc.c.o
                0x0000000000000eac                nrf_balloc_free
 .text.nrf_fprintf_buffer_flush
                0x0000000000000ed8       0x18 _build/nrf52840_xxaa/nrf_fprintf.c.o
                0x0000000000000ed8                nrf_fprintf_buffer_flush
 .text.nrf_fprintf
                0x0000000000000ef0       0x20 _build/nrf52840_xxaa/nrf_fprintf.c.o
                0x0000000000000ef0                nrf_fprintf
 .text.unsigned_print
                0x0000000000000f10      0x14c _build/nrf52840_xxaa/nrf_fprintf_format.c.o
 .text.nrf_fprintf_fmt
                0x000000000000105c      0x5cc _build/nrf52840_xxaa/nrf_fprintf_format.c.o
                0x000000000000105c                nrf_fprintf_fmt
 .text.nrf_memobj_pool_init
                0x0000000000001628        0x4 _build/nrf52840_xxaa/nrf_memobj.c.o
                0x0000000000001628                nrf_memobj_pool_init
 .text.nrf_memobj_alloc
                0x000000000000162c       0x94 _build/nrf52840_xxaa/nrf_memobj.c.o
                0x000000000000162c                nrf_memobj_alloc
 .text.nrf_memobj_get
                0x00000000000016c0        0x8 _build/nrf52840_xxaa/nrf_memobj.c.o
                0x00000000000016c0                nrf_memobj_get
 .text.nrf_memobj_put
                0x00000000000016c8       0x58 _build/nrf52840_xxaa/nrf_memobj.c.o
                0x00000000000016c8                nrf_memobj_put
 .text.nrf_memobj_write
                0x0000000000001720       0x68 _build/nrf52840_xxaa/nrf_memobj.c.o
                0x0000000000001720                nrf_memobj_write
 .text.nrf_memobj_read
                0x0000000000001788       0x68 _build/nrf52840_xxaa/nrf_memobj.c.o
                0x0000000000001788                nrf_memobj_read
 .text.nrf_ringbuf_init
                0x00000000000017f0       0x1c _build/nrf52840_xxaa/nrf_ringbuf.c.o
                0x00000000000017f0                nrf_ringbuf_init
 .text.uarte_evt_handler
                0x000000000000180c       0x34 _build/nrf52840_xxaa/nrf_drv_uart.c.o
 .text.uart_evt_handler
                0x0000000000001840       0x34 _build/nrf52840_xxaa/nrf_drv_uart.c.o
 .text.nrf_drv_uart_init
                0x0000000000001874       0x88 _build/nrf52840_xxaa/nrf_drv_uart.c.o
                0x0000000000001874                nrf_drv_uart_init
 .text.UARTE0_UART0_IRQHandler
                0x00000000000018fc        0xc _build/nrf52840_xxaa/nrfx_prs.c.o
                0x00000000000018fc                UARTE0_UART0_IRQHandler
 .text.nrfx_prs_acquire
                0x0000000000001908       0x3c _build/nrf52840_xxaa/nrfx_prs.c.o
                0x0000000000001908                nrfx_prs_acquire
 .text.nrfx_prs_release
                0x0000000000001944       0x18 _build/nrf52840_xxaa/nrfx_prs.c.o
                0x0000000000001944                nrfx_prs_release
 .text.nrfx_qspi_init
                0x000000000000195c      0x134 _build/nrf52840_xxaa/nrfx_qspi.c.o
                0x000000000000195c                nrfx_qspi_init
 .text.nrfx_qspi_cinstr_xfer
                0x0000000000001a90      0x140 _build/nrf52840_xxaa/nrfx_qspi.c.o
                0x0000000000001a90                nrfx_qspi_cinstr_xfer
 .text.nrfx_qspi_uninit
                0x0000000000001bd0       0x60 _build/nrf52840_xxaa/nrfx_qspi.c.o
                0x0000000000001bd0                nrfx_qspi_uninit
 .text.nrfx_qspi_write
                0x0000000000001c30       0x6c _build/nrf52840_xxaa/nrfx_qspi.c.o
                0x0000000000001c30                nrfx_qspi_write
 .text.nrfx_qspi_read
                0x0000000000001c9c       0x6c _build/nrf52840_xxaa/nrfx_qspi.c.o
                0x0000000000001c9c                nrfx_qspi_read
 .text.nrfx_qspi_erase
                0x0000000000001d08       0x64 _build/nrf52840_xxaa/nrfx_qspi.c.o
                0x0000000000001d08                nrfx_qspi_erase
 .text.QSPI_IRQHandler
                0x0000000000001d6c       0x20 _build/nrf52840_xxaa/nrfx_qspi.c.o
                0x0000000000001d6c                QSPI_IRQHandler
 .text.nrfx_uart_0_irq_handler
                0x0000000000001d8c      0x1c4 _build/nrf52840_xxaa/nrfx_uart.c.o
                0x0000000000001d8c                nrfx_uart_0_irq_handler
 .text.nrfx_uart_init
                0x0000000000001f50      0x1e8 _build/nrf52840_xxaa/nrfx_uart.c.o
                0x0000000000001f50                nrfx_uart_init
 .text.nrfx_uart_uninit
                0x0000000000002138       0xfc _build/nrf52840_xxaa/nrfx_uart.c.o
                0x0000000000002138                nrfx_uart_uninit
 .text.nrfx_uart_tx
                0x0000000000002234       0xd0 _build/nrf52840_xxaa/nrfx_uart.c.o
                0x0000000000002234                nrfx_uart_tx
 .text.nrfx_uarte_0_irq_handler
                0x0000000000002304      0x168 _build/nrf52840_xxaa/nrfx_uarte.c.o
                0x0000000000002304                nrfx_uarte_0_irq_handler
 .text.nrfx_uarte_init
                0x000000000000246c      0x220 _build/nrf52840_xxaa/nrfx_uarte.c.o
                0x000000000000246c                nrfx_uarte_init
 .text.nrfx_uarte_uninit
                0x000000000000268c      0x138 _build/nrf52840_xxaa/nrfx_uarte.c.o
                0x000000000000268c                nrfx_uarte_uninit
 .text.nrfx_uarte_tx
                0x00000000000027c4       0xb4 _build/nrf52840_xxaa/nrfx_uarte.c.o
                0x00000000000027c4                nrfx_uarte_tx
 .text.qspi_handler
                0x0000000000002878        0xc _build/nrf52840_xxaa/main.c.o
 .text.startup.main
                0x0000000000002884      0x1b0 _build/nrf52840_xxaa/main.c.o
                0x0000000000002884                main
 .text.SystemInit
                0x0000000000002a34      0x1c4 _build/nrf52840_xxaa/system_nrf52840.c.o
                0x0000000000002a34                SystemInit
 .text.exit     0x0000000000002bf8       0x28 /usr/local/gcc-arm-none-eabi-9-2019-q4-major/bin/../lib/gcc/arm-none-eabi/9.2.1/../../../../arm-none-eabi/lib/thumb/v7e-m+fp/hard/libc_nano.a(lib_a-exit.o)
                0x0000000000002bf8                exit
 .text.__libc_init_array
                0x0000000000002c20       0x48 /usr/local/gcc-arm-none-eabi-9-2019-q4-major/bin/../lib/gcc/arm-none-eabi/9.2.1/../../../../arm-none-eabi/lib/thumb/v7e-m+fp/hard/libc_nano.a(lib_a-init.o)
                0x0000000000002c20                __libc_init_array
 .text.memcmp   0x0000000000002c68       0x1c /usr/local/gcc-arm-none-eabi-9-2019-q4-major/bin/../lib/gcc/arm-none-eabi/9.2.1/../../../../arm-none-eabi/lib/thumb/v7e-m+fp/hard/libc_nano.a(lib_a-memcmp.o)
                0x0000000000002c68                memcmp
 .text.memcpy   0x0000000000002c84       0x1c /usr/local/gcc-arm-none-eabi-9-2019-q4-major/bin/../lib/gcc/arm-none-eabi/9.2.1/../../../../arm-none-eabi/lib/thumb/v7e-m+fp/hard/libc_nano.a(lib_a-memcpy-stub.o)
                0x0000000000002c84                memcpy
 .text.memset   0x0000000000002ca0       0x10 /usr/local/gcc-arm-none-eabi-9-2019-q4-major/bin/../lib/gcc/arm-none-eabi/9.2.1/../../../../arm-none-eabi/lib/thumb/v7e-m+fp/hard/libc_nano.a(lib_a-memset.o)
                0x0000000000002ca0                memset
 .text.srand    0x0000000000002cb0       0x48 /usr/local/gcc-arm-none-eabi-9-2019-q4-major/bin/../lib/gcc/arm-none-eabi/9.2.1/../../../../arm-none-eabi/lib/thumb/v7e-m+fp/hard/libc_nano.a(lib_a-rand.o)
                0x0000000000002cb0                srand
 .text.rand     0x0000000000002cf8       0x68 /usr/local/gcc-arm-none-eabi-9-2019-q4-major/bin/../lib/gcc/arm-none-eabi/9.2.1/../../../../arm-none-eabi/lib/thumb/v7e-m+fp/hard/libc_nano.a(lib_a-rand.o)
                0x0000000000002cf8                rand
 .text          0x0000000000002d60       0x10 /usr/local/gcc-arm-none-eabi-9-2019-q4-major/bin/../lib/gcc/arm-none-eabi/9.2.1/../../../../arm-none-eabi/lib/thumb/v7e-m+fp/hard/libc_nano.a(lib_a-strlen.o)
                0x0000000000002d60                strlen
 .text.malloc   0x0000000000002d70       0x10 /usr/local/gcc-arm-none-eabi-9-2019-q4-major/bin/../lib/gcc/arm-none-eabi/9.2.1/../../../../arm-none-eabi/lib/thumb/v7e-m+fp/hard/libc_nano.a(lib_a-malloc.o)
                0x0000000000002d70                malloc
 .text._malloc_r
                0x0000000000002d80       0xb4 /usr/local/gcc-arm-none-eabi-9-2019-q4-major/bin/../lib/gcc/arm-none-eabi/9.2.1/../../../../arm-none-eabi/lib/thumb/v7e-m+fp/hard/libc_nano.a(lib_a-nano-mallocr.o)
                0x0000000000002d80                _malloc_r
 .text._sbrk_r  0x0000000000002e34       0x20 /usr/local/gcc-arm-none-eabi-9-2019-q4-major/bin/../lib/gcc/arm-none-eabi/9.2.1/../../../../arm-none-eabi/lib/thumb/v7e-m+fp/hard/libc_nano.a(lib_a-sbrkr.o)
                0x0000000000002e34                _sbrk_r
 .text.__malloc_lock
                0x0000000000002e54        0xc /usr/local/gcc-arm-none-eabi-9-2019-q4-major/bin/../lib/gcc/arm-none-eabi/9.2.1/../../../../arm-none-eabi/lib/thumb/v7e-m+fp/hard/libc_nano.a(lib_a-mlock.o)
                0x0000000000002e54                __malloc_lock
 .text.__malloc_unlock
                0x0000000000002e60        0xc /usr/local/gcc-arm-none-eabi-9-2019-q4-major/bin/../lib/gcc/arm-none-eabi/9.2.1/../../../../arm-none-eabi/lib/thumb/v7e-m+fp/hard/libc_nano.a(lib_a-mlock.o)
                0x0000000000002e60                __malloc_unlock
 .text.__retarget_lock_acquire_recursive
                0x0000000000002e6c        0x2 /usr/local/gcc-arm-none-eabi-9-2019-q4-major/bin/../lib/gcc/arm-none-eabi/9.2.1/../../../../arm-none-eabi/lib/thumb/v7e-m+fp/hard/libc_nano.a(lib_a-lock.o)
                0x0000000000002e6c                __retarget_lock_acquire_recursive
 .text.__retarget_lock_release_recursive
                0x0000000000002e6e        0x2 /usr/local/gcc-arm-none-eabi-9-2019-q4-major/bin/../lib/gcc/arm-none-eabi/9.2.1/../../../../arm-none-eabi/lib/thumb/v7e-m+fp/hard/libc_nano.a(lib_a-lock.o)
                0x0000000000002e6e                __retarget_lock_release_recursive
 .text._sbrk    0x0000000000002e70       0x1c /usr/local/gcc-arm-none-eabi-9-2019-q4-major/bin/../lib/gcc/arm-none-eabi/9.2.1/../../../../arm-none-eabi/lib/thumb/v7e-m+fp/hard/libnosys.a(sbrk.o)
                0x0000000000002e70                _sbrk
 .text._exit    0x0000000000002e8c        0x4 /usr/local/gcc-arm-none-eabi-9-2019-q4-major/bin/../lib/gcc/arm-none-eabi/9.2.1/../../../../arm-none-eabi/lib/thumb/v7e-m+fp/hard/libnosys.a(_exit.o)
                0x0000000000002e8c                _exit
 *(.init)
 .init          0x0000000000002e90        0x4 /usr/local/gcc-arm-none-eabi-9-2019-q4-major/bin/../lib/gcc/arm-none-eabi/9.2.1/thumb/v7e-m+fp/hard/crti.o
                0x0000000000002e90                _init
 .init          0x0000000000002e94        0x8 /usr/local/gcc-arm-none-eabi-9-2019-q4-major/bin/../lib/gcc/arm-none-eabi/9.2.1/thumb/v7e-m+fp/hard/crtn.o
 *(.fini)
 .fini          0x0000000000002e9c        0x4 /usr/local/gcc-arm-none-eabi-9-2019-q4-major/bin/../lib/gcc/arm-none-eabi/9.2.1/thumb/v7e-m+fp/hard/crti.o
                0x0000000000002e9c                _fini
 .fini          0x0000000000002ea0        0x8 /usr/local/gcc-arm-none-eabi-9-2019-q4-major/bin/../lib/gcc/arm-none-eabi/9.2.1/thumb/v7e-m+fp/hard/crtn.o
 *crtbegin.o(.ctors)
 *crtbegin?.o(.ctors)
 *(EXCLUDE_FILE(*crtend.o *crtend?.o) .ctors)
 *(SORT_BY_NAME(.ctors.*))
 *(.ctors)
 *crtbegin.o(.dtors)
 *crtbegin?.o(.dtors)
 *(EXCLUDE_FILE(*crtend.o *crtend?.o) .dtors)
 *(SORT_BY_NAME(.dtors.*))
 *(.dtors)
 *(.rodata*)
 .rodata        0x0000000000002ea8       0x20 _build/nrf52840_xxaa/nrf_log_backend_uart.c.o
 .rodata.nrf_log_backend_uart_api
                0x0000000000002ec8        0xc _build/nrf52840_xxaa/nrf_log_backend_uart.c.o
                0x0000000000002ec8                nrf_log_backend_uart_api
 .rodata.str1.4
                0x0000000000002ed4       0x11 _build/nrf52840_xxaa/nrf_log_default_backends.c.o
 *fill*         0x0000000000002ee5        0x3 
 .rodata.nrf_log_frontend_dequeue.str1.4
                0x0000000000002ee8       0x11 _build/nrf52840_xxaa/nrf_log_frontend.c.o
 *fill*         0x0000000000002ef9        0x3 
 .rodata.str1.4
                0x0000000000002efc        0x4 _build/nrf52840_xxaa/nrf_log_frontend.c.o
 .rodata.m_log_push_ringbuf
                0x0000000000002f00        0xc _build/nrf52840_xxaa/nrf_log_frontend.c.o
 .rodata.prefix_process.str1.4
                0x0000000000002f0c       0x36 _build/nrf52840_xxaa/nrf_log_str_formatter.c.o
 *fill*         0x0000000000002f42        0x2 
 .rodata.nrf_log_std_entry_process.str1.4
                0x0000000000002f44        0x3 _build/nrf52840_xxaa/nrf_log_str_formatter.c.o
 *fill*         0x0000000000002f47        0x1 
 .rodata.nrf_log_hexdump_entry_process.str1.4
                0x0000000000002f48       0x13 _build/nrf52840_xxaa/nrf_log_str_formatter.c.o
                                         0x16 (size before relaxing)
 *fill*         0x0000000000002f5b        0x1 
 .rodata.str1.4
                0x0000000000002f5c       0x56 _build/nrf52840_xxaa/nrf_log_str_formatter.c.o
 *fill*         0x0000000000002fb2        0x2 
 .rodata.m_colors
                0x0000000000002fb4       0x24 _build/nrf52840_xxaa/nrf_log_str_formatter.c.o
 .rodata.severity_names
                0x0000000000002fd8       0x14 _build/nrf52840_xxaa/nrf_log_str_formatter.c.o
 .rodata.app_error_fault_handler.str1.4
                0x0000000000002fec       0x19 _build/nrf52840_xxaa/app_error_weak.c.o
 *fill*         0x0000000000003005        0x3 
 .rodata._aV2C.7763
                0x0000000000003008       0x10 _build/nrf52840_xxaa/nrf_fprintf_format.c.o
 .rodata.str1.4
                0x0000000000003018        0x4 _build/nrf52840_xxaa/nrfx_prs.c.o
 *fill*         0x000000000000301c        0x4 
 .rodata.delay_machine_code.8277
                0x0000000000003020        0x6 _build/nrf52840_xxaa/nrfx_qspi.c.o
 *fill*         0x0000000000003026        0x2 
 .rodata.str1.4
                0x0000000000003028        0x5 _build/nrf52840_xxaa/nrfx_uart.c.o
 *fill*         0x000000000000302d        0x3 
 .rodata.str1.4
                0x0000000000003030        0x6 _build/nrf52840_xxaa/nrfx_uarte.c.o
 *fill*         0x0000000000003036        0x2 
 .rodata.main.str1.4
                0x0000000000003038       0xd2 _build/nrf52840_xxaa/main.c.o
 *fill*         0x000000000000310a        0x2 
 .rodata        0x000000000000310c       0x1a _build/nrf52840_xxaa/main.c.o
 .rodata._ctype_
                0x0000000000003126      0x101 /usr/local/gcc-arm-none-eabi-9-2019-q4-major/bin/../lib/gcc/arm-none-eabi/9.2.1/../../../../arm-none-eabi/lib/thumb/v7e-m+fp/hard/libc_nano.a(lib_a-ctype_.o)
                0x0000000000003126                _ctype_
 *fill*         0x0000000000003227        0x1 
 .rodata._global_impure_ptr
                0x0000000000003228        0x4 /usr/local/gcc-arm-none-eabi-9-2019-q4-major/bin/../lib/gcc/arm-none-eabi/9.2.1/../../../../arm-none-eabi/lib/thumb/v7e-m+fp/hard/libc_nano.a(lib_a-impure.o)
                0x0000000000003228                _global_impure_ptr
 *(.eh_frame*)
 .eh_frame      0x000000000000322c        0x0 /usr/local/gcc-arm-none-eabi-9-2019-q4-major/bin/../lib/gcc/arm-none-eabi/9.2.1/thumb/v7e-m+fp/hard/crtbegin.o
 .eh_frame      0x000000000000322c        0x4 /usr/local/gcc-arm-none-eabi-9-2019-q4-major/bin/../lib/gcc/arm-none-eabi/9.2.1/thumb/v7e-m+fp/hard/crtend.o

.glue_7         0x0000000000003230        0x0
 .glue_7        0x0000000000003230        0x0 linker stubs

.glue_7t        0x0000000000003230        0x0
 .glue_7t       0x0000000000003230        0x0 linker stubs

.vfp11_veneer   0x0000000000003230        0x0
 .vfp11_veneer  0x0000000000003230        0x0 linker stubs

.v4_bx          0x0000000000003230        0x0
 .v4_bx         0x0000000000003230        0x0 linker stubs

.iplt           0x0000000000003230        0x0
 .iplt          0x0000000000003230        0x0 /usr/local/gcc-arm-none-eabi-9-2019-q4-major/bin/../lib/gcc/arm-none-eabi/9.2.1/thumb/v7e-m+fp/hard/crtbegin.o

.mem_section_dummy_rom

.log_const_data
                0x0000000000003230       0x20
                0x0000000000003230                PROVIDE (__start_log_const_data = .)
 *(SORT_BY_NAME(.log_const_data*))
 .log_const_data_PRS
                0x0000000000003230        0x8 _build/nrf52840_xxaa/nrfx_prs.c.o
                0x0000000000003230                m_nrf_log_PRS_logs_data_const
 .log_const_data_UART
                0x0000000000003238        0x8 _build/nrf52840_xxaa/nrfx_uart.c.o
                0x0000000000003238                m_nrf_log_UART_logs_data_const
 .log_const_data_UARTE
                0x0000000000003240        0x8 _build/nrf52840_xxaa/nrfx_uarte.c.o
                0x0000000000003240                m_nrf_log_UARTE_logs_data_const
 .log_const_data_app
                0x0000000000003248        0x8 _build/nrf52840_xxaa/nrf_log_frontend.c.o
                0x0000000000003248                m_nrf_log_app_logs_data_const
                0x0000000000003250                PROVIDE (__stop_log_const_data = .)

.log_backends   0x0000000000003250       0x10
                [!provide]                        PROVIDE (__start_log_backends = .)
 *(SORT_BY_NAME(.log_backends*))
 .log_backends  0x0000000000003250       0x10 _build/nrf52840_xxaa/nrf_log_default_backends.c.o
                [!provide]                        PROVIDE (__stop_log_backends = .)

.nrf_balloc     0x0000000000003260       0x14
                [!provide]                        PROVIDE (__start_nrf_balloc = .)
 *(.nrf_balloc)
 .nrf_balloc    0x0000000000003260       0x14 _build/nrf52840_xxaa/nrf_log_frontend.c.o
                0x0000000000003260                log_mempool
                [!provide]                        PROVIDE (__stop_nrf_balloc = .)

.ARM.extab
 *(.ARM.extab* .gnu.linkonce.armextab.*)
                0x0000000000003274                __exidx_start = .

.ARM.exidx      0x0000000000003274        0x8
 *(.ARM.exidx* .gnu.linkonce.armexidx.*)
 .ARM.exidx     0x0000000000003274        0x8 /usr/local/gcc-arm-none-eabi-9-2019-q4-major/bin/../lib/gcc/arm-none-eabi/9.2.1/../../../../arm-none-eabi/lib/thumb/v7e-m+fp/hard/crt0.o
                0x000000000000327c                __exidx_end = .
                0x000000000000327c                __etext = .

.rel.dyn        0x000000000000327c        0x0
 .rel.iplt      0x000000000000327c        0x0 /usr/local/gcc-arm-none-eabi-9-2019-q4-major/bin/../lib/gcc/arm-none-eabi/9.2.1/thumb/v7e-m+fp/hard/crtbegin.o

.data           0x0000000020000000       0x8c load address 0x000000000000327c
                0x0000000020000000                __data_start__ = .
 *(vtable)
 *(.data*)
 .data.m_uart   0x0000000020000000       0x14 _build/nrf52840_xxaa/nrf_log_backend_uart.c.o
                0x0000000020000000                m_uart
 .data.log_backend_cb_uart_log_backend
                0x0000000020000014        0x8 _build/nrf52840_xxaa/nrf_log_default_backends.c.o
 .data.SystemCoreClock
                0x000000002000001c        0x4 _build/nrf52840_xxaa/system_nrf52840.c.o
                0x000000002000001c                SystemCoreClock
 .data._impure_ptr
                0x0000000020000020        0x4 /usr/local/gcc-arm-none-eabi-9-2019-q4-major/bin/../lib/gcc/arm-none-eabi/9.2.1/../../../../arm-none-eabi/lib/thumb/v7e-m+fp/hard/libc_nano.a(lib_a-impure.o)
                0x0000000020000020                _impure_ptr
 .data.impure_data
                0x0000000020000024       0x60 /usr/local/gcc-arm-none-eabi-9-2019-q4-major/bin/../lib/gcc/arm-none-eabi/9.2.1/../../../../arm-none-eabi/lib/thumb/v7e-m+fp/hard/libc_nano.a(lib_a-impure.o)
                0x0000000020000084                . = ALIGN (0x4)
                0x0000000020000084                PROVIDE (__preinit_array_start = .)
 *(.preinit_array)
                0x0000000020000084                PROVIDE (__preinit_array_end = .)
                0x0000000020000084                . = ALIGN (0x4)
                0x0000000020000084                PROVIDE (__init_array_start = .)
 *(SORT_BY_NAME(.init_array.*))
 *(.init_array)
 .init_array    0x0000000020000084        0x4 /usr/local/gcc-arm-none-eabi-9-2019-q4-major/bin/../lib/gcc/arm-none-eabi/9.2.1/thumb/v7e-m+fp/hard/crtbegin.o
                0x0000000020000088                PROVIDE (__init_array_end = .)
                0x0000000020000088                . = ALIGN (0x4)
                [!provide]                        PROVIDE (__fini_array_start = .)
 *(SORT_BY_NAME(.fini_array.*))
 *(.fini_array)
 .fini_array    0x0000000020000088        0x4 /usr/local/gcc-arm-none-eabi-9-2019-q4-major/bin/../lib/gcc/arm-none-eabi/9.2.1/thumb/v7e-m+fp/hard/crtbegin.o
                [!provide]                        PROVIDE (__fini_array_end = .)
 *(.jcr*)
                0x000000002000008c                . = ALIGN (0x4)
                0x000000002000008c                __data_end__ = .
LOAD /usr/local/gcc-arm-none-eabi-9-2019-q4-major/bin/../lib/gcc/arm-none-eabi/9.2.1/thumb/v7e-m+fp/hard/crti.o
LOAD /usr/local/gcc-arm-none-eabi-9-2019-q4-major/bin/../lib/gcc/arm-none-eabi/9.2.1/thumb/v7e-m+fp/hard/crtbegin.o
LOAD /usr/local/gcc-arm-none-eabi-9-2019-q4-major/bin/../lib/gcc/arm-none-eabi/9.2.1/../../../../arm-none-eabi/lib/thumb/v7e-m+fp/hard/crt0.o
LOAD _build/nrf52840_xxaa/gcc_startup_nrf52840.S.o
LOAD _build/nrf52840_xxaa/nrf_log_backend_rtt.c.o
LOAD _build/nrf52840_xxaa/nrf_log_backend_serial.c.o
LOAD _build/nrf52840_xxaa/nrf_log_backend_uart.c.o
LOAD _build/nrf52840_xxaa/nrf_log_default_backends.c.o
LOAD _build/nrf52840_xxaa/nrf_log_frontend.c.o
LOAD _build/nrf52840_xxaa/nrf_log_str_formatter.c.o
LOAD _build/nrf52840_xxaa/boards.c.o
LOAD _build/nrf52840_xxaa/app_error.c.o
LOAD _build/nrf52840_xxaa/app_error_handler_gcc.c.o
LOAD _build/nrf52840_xxaa/app_error_weak.c.o
LOAD _build/nrf52840_xxaa/app_util_platform.c.o
LOAD _build/nrf52840_xxaa/nrf_assert.c.o
LOAD _build/nrf52840_xxaa/nrf_atomic.c.o
LOAD _build/nrf52840_xxaa/nrf_balloc.c.o
LOAD _build/nrf52840_xxaa/nrf_fprintf.c.o
LOAD _build/nrf52840_xxaa/nrf_fprintf_format.c.o
LOAD _build/nrf52840_xxaa/nrf_memobj.c.o
LOAD _build/nrf52840_xxaa/nrf_ringbuf.c.o
LOAD _build/nrf52840_xxaa/nrf_strerror.c.o
LOAD _build/nrf52840_xxaa/nrf_drv_uart.c.o
LOAD _build/nrf52840_xxaa/nrfx_atomic.c.o
LOAD _build/nrf52840_xxaa/nrfx_prs.c.o
LOAD _build/nrf52840_xxaa/nrfx_qspi.c.o
LOAD _build/nrf52840_xxaa/nrfx_uart.c.o
LOAD _build/nrf52840_xxaa/nrfx_uarte.c.o
LOAD _build/nrf52840_xxaa/main.c.o
LOAD _build/nrf52840_xxaa/SEGGER_RTT.c.o
LOAD _build/nrf52840_xxaa/SEGGER_RTT_Syscalls_GCC.c.o
LOAD _build/nrf52840_xxaa/SEGGER_RTT_printf.c.o
LOAD _build/nrf52840_xxaa/system_nrf52840.c.o
LOAD /usr/local/gcc-arm-none-eabi-9-2019-q4-major/bin/../lib/gcc/arm-none-eabi/9.2.1/../../../../arm-none-eabi/lib/thumb/v7e-m+fp/hard/libc_nano.a
LOAD /usr/local/gcc-arm-none-eabi-9-2019-q4-major/bin/../lib/gcc/arm-none-eabi/9.2.1/../../../../arm-none-eabi/lib/thumb/v7e-m+fp/hard/libnosys.a
LOAD /usr/local/gcc-arm-none-eabi-9-2019-q4-major/bin/../lib/gcc/arm-none-eabi/9.2.1/../../../../arm-none-eabi/lib/thumb/v7e-m+fp/hard/libm.a
START GROUP
LOAD /usr/local/gcc-arm-none-eabi-9-2019-q4-major/bin/../lib/gcc/arm-none-eabi/9.2.1/thumb/v7e-m+fp/hard/libgcc.a
LOAD /usr/local/gcc-arm-none-eabi-9-2019-q4-major/bin/../lib/gcc/arm-none-eabi/9.2.1/../../../../arm-none-eabi/lib/thumb/v7e-m+fp/hard/libg_nano.a
LOAD /usr/local/gcc-arm-none-eabi-9-2019-q4-major/bin/../lib/gcc/arm-none-eabi/9.2.1/../../../../arm-none-eabi/lib/thumb/v7e-m+fp/hard/libc_nano.a
END GROUP
START GROUP
LOAD /usr/local/gcc-arm-none-eabi-9-2019-q4-major/bin/../lib/gcc/arm-none-eabi/9.2.1/thumb/v7e-m+fp/hard/libgcc.a
LOAD /usr/local/gcc-arm-none-eabi-9-2019-q4-major/bin/../lib/gcc/arm-none-eabi/9.2.1/../../../../arm-none-eabi/lib/thumb/v7e-m+fp/hard/libc_nano.a
END GROUP
LOAD /usr/local/gcc-arm-none-eabi-9-2019-q4-major/bin/../lib/gcc/arm-none-eabi/9.2.1/thumb/v7e-m+fp/hard/crtend.o
LOAD /usr/local/gcc-arm-none-eabi-9-2019-q4-major/bin/../lib/gcc/arm-none-eabi/9.2.1/thumb/v7e-m+fp/hard/crtn.o
START GROUP
LOAD /usr/local/gcc-arm-none-eabi-9-2019-q4-major/bin/../lib/gcc/arm-none-eabi/9.2.1/thumb/v7e-m+fp/hard/libgcc.a
LOAD /usr/local/gcc-arm-none-eabi-9-2019-q4-major/bin/../lib/gcc/arm-none-eabi/9.2.1/../../../../arm-none-eabi/lib/thumb/v7e-m+fp/hard/libc.a
LOAD /usr/local/gcc-arm-none-eabi-9-2019-q4-major/bin/../lib/gcc/arm-none-eabi/9.2.1/../../../../arm-none-eabi/lib/thumb/v7e-m+fp/hard/libnosys.a
END GROUP

.igot.plt       0x000000002000008c        0x0 load address 0x0000000000003308
 .igot.plt      0x000000002000008c        0x0 /usr/local/gcc-arm-none-eabi-9-2019-q4-major/bin/../lib/gcc/arm-none-eabi/9.2.1/thumb/v7e-m+fp/hard/crtbegin.o
                0x000000002000008c                . = ALIGN (0x4)

.mem_section_dummy_ram

.log_dynamic_data
                0x000000002000008c        0x0
                0x000000002000008c                PROVIDE (__start_log_dynamic_data = .)
 *(SORT_BY_NAME(.log_dynamic_data*))
                [!provide]                        PROVIDE (__stop_log_dynamic_data = .)

.log_filter_data
                0x000000002000008c        0x0
                [!provide]                        PROVIDE (__start_log_filter_data = .)
 *(SORT_BY_NAME(.log_filter_data*))
                [!provide]                        PROVIDE (__stop_log_filter_data = .)

.bss            0x0000000020000090      0x898 load address 0x0000000000003310
                0x0000000020000090                . = ALIGN (0x4)
                0x0000000020000090                __bss_start__ = .
 *(.bss*)
 .bss           0x0000000020000090       0x1c /usr/local/gcc-arm-none-eabi-9-2019-q4-major/bin/../lib/gcc/arm-none-eabi/9.2.1/thumb/v7e-m+fp/hard/crtbegin.o
 .bss.m_async_mode
                0x00000000200000ac        0x1 _build/nrf52840_xxaa/nrf_log_backend_uart.c.o
 *fill*         0x00000000200000ad        0x3 
 .bss.m_string_buff
                0x00000000200000b0       0x40 _build/nrf52840_xxaa/nrf_log_backend_uart.c.o
 .bss.m_xfer_done
                0x00000000200000f0        0x1 _build/nrf52840_xxaa/nrf_log_backend_uart.c.o
 *fill*         0x00000000200000f1        0x3 
 .bss.log_mempool_nrf_balloc_cb
                0x00000000200000f4        0x8 _build/nrf52840_xxaa/nrf_log_frontend.c.o
 .bss.log_mempool_nrf_balloc_pool_mem
                0x00000000200000fc       0xc0 _build/nrf52840_xxaa/nrf_log_frontend.c.o
 .bss.log_mempool_nrf_balloc_pool_stack
                0x00000000200001bc        0x8 _build/nrf52840_xxaa/nrf_log_frontend.c.o
 *fill*         0x00000000200001c4        0x4 
 .bss.m_log_data
                0x00000000200001c8      0x424 _build/nrf52840_xxaa/nrf_log_frontend.c.o
 .bss.m_log_push_ringbuf_buf
                0x00000000200005ec       0x80 _build/nrf52840_xxaa/nrf_log_frontend.c.o
 .bss.m_log_push_ringbuf_cb
                0x000000002000066c       0x18 _build/nrf52840_xxaa/nrf_log_frontend.c.o
 .bss.m_in_critical_region
                0x0000000020000684        0x4 _build/nrf52840_xxaa/app_util_platform.c.o
 .bss.m_contexts
                0x0000000020000688        0x8 _build/nrf52840_xxaa/nrf_drv_uart.c.o
 .bss.m_handlers
                0x0000000020000690        0x8 _build/nrf52840_xxaa/nrf_drv_uart.c.o
 .bss.m_prs_box_4
                0x0000000020000698        0x8 _build/nrf52840_xxaa/nrfx_prs.c.o
 .bss.m_cb      0x00000000200006a0        0xc _build/nrf52840_xxaa/nrfx_qspi.c.o
 *fill*         0x00000000200006ac        0x4 
 .bss.m_cb      0x00000000200006b0       0x2c _build/nrf52840_xxaa/nrfx_uart.c.o
 *fill*         0x00000000200006dc        0x4 
 .bss.m_cb      0x00000000200006e0       0x24 _build/nrf52840_xxaa/nrfx_uarte.c.o
 .bss.m_buffer_rx
                0x0000000020000704      0x100 _build/nrf52840_xxaa/main.c.o
 .bss.m_buffer_tx
                0x0000000020000804      0x100 _build/nrf52840_xxaa/main.c.o
 .bss.m_finished
                0x0000000020000904        0x1 _build/nrf52840_xxaa/main.c.o
 *fill*         0x0000000020000905        0x3 
 .bss.__malloc_free_list
                0x0000000020000908        0x4 /usr/local/gcc-arm-none-eabi-9-2019-q4-major/bin/../lib/gcc/arm-none-eabi/9.2.1/../../../../arm-none-eabi/lib/thumb/v7e-m+fp/hard/libc_nano.a(lib_a-nano-mallocr.o)
                0x0000000020000908                __malloc_free_list
 .bss.__malloc_sbrk_start
                0x000000002000090c        0x4 /usr/local/gcc-arm-none-eabi-9-2019-q4-major/bin/../lib/gcc/arm-none-eabi/9.2.1/../../../../arm-none-eabi/lib/thumb/v7e-m+fp/hard/libc_nano.a(lib_a-nano-mallocr.o)
                0x000000002000090c                __malloc_sbrk_start
 .bss.heap_end.5507
                0x0000000020000910        0x4 /usr/local/gcc-arm-none-eabi-9-2019-q4-major/bin/../lib/gcc/arm-none-eabi/9.2.1/../../../../arm-none-eabi/lib/thumb/v7e-m+fp/hard/libnosys.a(sbrk.o)
 *(COMMON)
 COMMON         0x0000000020000914        0x2 _build/nrf52840_xxaa/nrf_drv_uart.c.o
                0x0000000020000914                nrf_drv_uart_use_easy_dma
 *fill*         0x0000000020000916        0x2 
 COMMON         0x0000000020000918        0x4 /usr/local/gcc-arm-none-eabi-9-2019-q4-major/bin/../lib/gcc/arm-none-eabi/9.2.1/../../../../arm-none-eabi/lib/thumb/v7e-m+fp/hard/libc_nano.a(lib_a-reent.o)
                0x0000000020000918                errno
 COMMON         0x000000002000091c        0x9 /usr/local/gcc-arm-none-eabi-9-2019-q4-major/bin/../lib/gcc/arm-none-eabi/9.2.1/../../../../arm-none-eabi/lib/thumb/v7e-m+fp/hard/libc_nano.a(lib_a-lock.o)
                0x000000002000091c                __lock___atexit_recursive_mutex
                0x000000002000091d                __lock___arc4random_mutex
                0x000000002000091e                __lock___env_recursive_mutex
                0x000000002000091f                __lock___sinit_recursive_mutex
                0x0000000020000920                __lock___malloc_recursive_mutex
                0x0000000020000921                __lock___at_quick_exit_mutex
                0x0000000020000922                __lock___dd_hash_mutex
                0x0000000020000923                __lock___tz_mutex
                0x0000000020000924                __lock___sfp_recursive_mutex
                0x0000000020000928                . = ALIGN (0x4)
 *fill*         0x0000000020000925        0x3 
                0x0000000020000928                __bss_end__ = .

.heap           0x0000000020000928     0x2000
                0x0000000020000928                __HeapBase = .
                0x0000000020000928                __end__ = .
                0x0000000020000928                PROVIDE (end = .)
 *(.heap*)
 .heap          0x0000000020000928     0x2000 _build/nrf52840_xxaa/gcc_startup_nrf52840.S.o
                0x0000000020002928                __HeapLimit = .

.stack_dummy    0x0000000020000928     0x2000
 *(.stack*)
 .stack         0x0000000020000928     0x2000 _build/nrf52840_xxaa/gcc_startup_nrf52840.S.o
                0x0000000020040000                __StackTop = (ORIGIN (RAM) + LENGTH (RAM))
                0x000000002003e000                __StackLimit = (__StackTop - SIZEOF (.stack_dummy))
                0x0000000020040000                PROVIDE (__stack = __StackTop)
                0x0000000000000001                ASSERT ((__StackLimit >= __HeapLimit), region RAM overflowed with stack)
                0x0000000000000090                DataInitFlashUsed = (__bss_start__ - __data_start__)
                0x000000000000327c                CodeFlashUsed = (__etext - ORIGIN (FLASH))
                0x000000000000330c                TotalFlashUsed = (CodeFlashUsed + DataInitFlashUsed)
                0x0000000000000001                ASSERT ((TotalFlashUsed <= LENGTH (FLASH)), region FLASH overflowed with .data and user data)
OUTPUT(_build/nrf52840_xxaa.out elf32-littlearm)

.ARM.attributes
                0x0000000000000000       0x30
 .ARM.attributes
                0x0000000000000000       0x1e /usr/local/gcc-arm-none-eabi-9-2019-q4-major/bin/../lib/gcc/arm-none-eabi/9.2.1/thumb/v7e-m+fp/hard/crti.o
 .ARM.attributes
                0x000000000000001e       0x34 /usr/local/gcc-arm-none-eabi-9-2019-q4-major/bin/../lib/gcc/arm-none-eabi/9.2.1/thumb/v7e-m+fp/hard/crtbegin.o
 .ARM.attributes
                0x0000000000000052       0x1c /usr/local/gcc-arm-none-eabi-9-2019-q4-major/bin/../lib/gcc/arm-none-eabi/9.2.1/../../../../arm-none-eabi/lib/thumb/v7e-m+fp/hard/crt0.o
 .ARM.attributes
                0x000000000000006e       0x20 _build/nrf52840_xxaa/gcc_startup_nrf52840.S.o
 .ARM.attributes
                0x000000000000008e       0x34 _build/nrf52840_xxaa/nrf_log_backend_serial.c.o
 .ARM.attributes
                0x00000000000000c2       0x34 _build/nrf52840_xxaa/nrf_log_backend_uart.c.o
 .ARM.attributes
                0x00000000000000f6       0x34 _build/nrf52840_xxaa/nrf_log_default_backends.c.o
 .ARM.attributes
                0x000000000000012a       0x34 _build/nrf52840_xxaa/nrf_log_frontend.c.o
 .ARM.attributes
                0x000000000000015e       0x34 _build/nrf52840_xxaa/nrf_log_str_formatter.c.o
 .ARM.attributes
                0x0000000000000192       0x34 _build/nrf52840_xxaa/app_error.c.o
 .ARM.attributes
                0x00000000000001c6       0x34 _build/nrf52840_xxaa/app_error_weak.c.o
 .ARM.attributes
                0x00000000000001fa       0x34 _build/nrf52840_xxaa/app_util_platform.c.o
 .ARM.attributes
                0x000000000000022e       0x34 _build/nrf52840_xxaa/nrf_atomic.c.o
 .ARM.attributes
                0x0000000000000262       0x34 _build/nrf52840_xxaa/nrf_balloc.c.o
 .ARM.attributes
                0x0000000000000296       0x34 _build/nrf52840_xxaa/nrf_fprintf.c.o
 .ARM.attributes
                0x00000000000002ca       0x34 _build/nrf52840_xxaa/nrf_fprintf_format.c.o
 .ARM.attributes
                0x00000000000002fe       0x34 _build/nrf52840_xxaa/nrf_memobj.c.o
 .ARM.attributes
                0x0000000000000332       0x34 _build/nrf52840_xxaa/nrf_ringbuf.c.o
 .ARM.attributes
                0x0000000000000366       0x34 _build/nrf52840_xxaa/nrf_drv_uart.c.o
 .ARM.attributes
                0x000000000000039a       0x34 _build/nrf52840_xxaa/nrfx_prs.c.o
 .ARM.attributes
                0x00000000000003ce       0x34 _build/nrf52840_xxaa/nrfx_qspi.c.o
 .ARM.attributes
                0x0000000000000402       0x34 _build/nrf52840_xxaa/nrfx_uart.c.o
 .ARM.attributes
                0x0000000000000436       0x34 _build/nrf52840_xxaa/nrfx_uarte.c.o
 .ARM.attributes
                0x000000000000046a       0x34 _build/nrf52840_xxaa/main.c.o
 .ARM.attributes
                0x000000000000049e       0x34 _build/nrf52840_xxaa/system_nrf52840.c.o
 .ARM.attributes
                0x00000000000004d2       0x32 /usr/local/gcc-arm-none-eabi-9-2019-q4-major/bin/../lib/gcc/arm-none-eabi/9.2.1/../../../../arm-none-eabi/lib/thumb/v7e-m+fp/hard/libc_nano.a(lib_a-ctype_.o)
 .ARM.attributes
                0x0000000000000504       0x34 /usr/local/gcc-arm-none-eabi-9-2019-q4-major/bin/../lib/gcc/arm-none-eabi/9.2.1/../../../../arm-none-eabi/lib/thumb/v7e-m+fp/hard/libc_nano.a(lib_a-exit.o)
 .ARM.attributes
                0x0000000000000538       0x32 /usr/local/gcc-arm-none-eabi-9-2019-q4-major/bin/../lib/gcc/arm-none-eabi/9.2.1/../../../../arm-none-eabi/lib/thumb/v7e-m+fp/hard/libc_nano.a(lib_a-impure.o)
 .ARM.attributes
                0x000000000000056a       0x34 /usr/local/gcc-arm-none-eabi-9-2019-q4-major/bin/../lib/gcc/arm-none-eabi/9.2.1/../../../../arm-none-eabi/lib/thumb/v7e-m+fp/hard/libc_nano.a(lib_a-init.o)
 .ARM.attributes
                0x000000000000059e       0x34 /usr/local/gcc-arm-none-eabi-9-2019-q4-major/bin/../lib/gcc/arm-none-eabi/9.2.1/../../../../arm-none-eabi/lib/thumb/v7e-m+fp/hard/libc_nano.a(lib_a-memcmp.o)
 .ARM.attributes
                0x00000000000005d2       0x34 /usr/local/gcc-arm-none-eabi-9-2019-q4-major/bin/../lib/gcc/arm-none-eabi/9.2.1/../../../../arm-none-eabi/lib/thumb/v7e-m+fp/hard/libc_nano.a(lib_a-memcpy-stub.o)
 .ARM.attributes
                0x0000000000000606       0x34 /usr/local/gcc-arm-none-eabi-9-2019-q4-major/bin/../lib/gcc/arm-none-eabi/9.2.1/../../../../arm-none-eabi/lib/thumb/v7e-m+fp/hard/libc_nano.a(lib_a-memset.o)
 .ARM.attributes
                0x000000000000063a       0x34 /usr/local/gcc-arm-none-eabi-9-2019-q4-major/bin/../lib/gcc/arm-none-eabi/9.2.1/../../../../arm-none-eabi/lib/thumb/v7e-m+fp/hard/libc_nano.a(lib_a-rand.o)
 .ARM.attributes
                0x000000000000066e       0x17 /usr/local/gcc-arm-none-eabi-9-2019-q4-major/bin/../lib/gcc/arm-none-eabi/9.2.1/../../../../arm-none-eabi/lib/thumb/v7e-m+fp/hard/libc_nano.a(lib_a-strlen.o)
 .ARM.attributes
                0x0000000000000685       0x34 /usr/local/gcc-arm-none-eabi-9-2019-q4-major/bin/../lib/gcc/arm-none-eabi/9.2.1/../../../../arm-none-eabi/lib/thumb/v7e-m+fp/hard/libc_nano.a(lib_a-malloc.o)
 .ARM.attributes
                0x00000000000006b9       0x34 /usr/local/gcc-arm-none-eabi-9-2019-q4-major/bin/../lib/gcc/arm-none-eabi/9.2.1/../../../../arm-none-eabi/lib/thumb/v7e-m+fp/hard/libc_nano.a(lib_a-nano-mallocr.o)
 .ARM.attributes
                0x00000000000006ed       0x34 /usr/local/gcc-arm-none-eabi-9-2019-q4-major/bin/../lib/gcc/arm-none-eabi/9.2.1/../../../../arm-none-eabi/lib/thumb/v7e-m+fp/hard/libc_nano.a(lib_a-sbrkr.o)
 .ARM.attributes
                0x0000000000000721       0x34 /usr/local/gcc-arm-none-eabi-9-2019-q4-major/bin/../lib/gcc/arm-none-eabi/9.2.1/../../../../arm-none-eabi/lib/thumb/v7e-m+fp/hard/libc_nano.a(lib_a-mlock.o)
 .ARM.attributes
                0x0000000000000755       0x34 /usr/local/gcc-arm-none-eabi-9-2019-q4-major/bin/../lib/gcc/arm-none-eabi/9.2.1/../../../../arm-none-eabi/lib/thumb/v7e-m+fp/hard/libc_nano.a(lib_a-reent.o)
 .ARM.attributes
                0x0000000000000789       0x34 /usr/local/gcc-arm-none-eabi-9-2019-q4-major/bin/../lib/gcc/arm-none-eabi/9.2.1/../../../../arm-none-eabi/lib/thumb/v7e-m+fp/hard/libc_nano.a(lib_a-lock.o)
 .ARM.attributes
                0x00000000000007bd       0x34 /usr/local/gcc-arm-none-eabi-9-2019-q4-major/bin/../lib/gcc/arm-none-eabi/9.2.1/../../../../arm-none-eabi/lib/thumb/v7e-m+fp/hard/libnosys.a(sbrk.o)
 .ARM.attributes
                0x00000000000007f1       0x34 /usr/local/gcc-arm-none-eabi-9-2019-q4-major/bin/../lib/gcc/arm-none-eabi/9.2.1/../../../../arm-none-eabi/lib/thumb/v7e-m+fp/hard/libnosys.a(_exit.o)
 .ARM.attributes
                0x0000000000000825       0x32 /usr/local/gcc-arm-none-eabi-9-2019-q4-major/bin/../lib/gcc/arm-none-eabi/9.2.1/thumb/v7e-m+fp/hard/crtend.o
 .ARM.attributes
                0x0000000000000857       0x1e /usr/local/gcc-arm-none-eabi-9-2019-q4-major/bin/../lib/gcc/arm-none-eabi/9.2.1/thumb/v7e-m+fp/hard/crtn.o

.comment        0x0000000000000000       0x79
 .comment       0x0000000000000000       0x79 _build/nrf52840_xxaa/nrf_log_backend_serial.c.o
                                         0x7a (size before relaxing)
 .comment       0x0000000000000079       0x7a _build/nrf52840_xxaa/nrf_log_backend_uart.c.o
 .comment       0x0000000000000079       0x7a _build/nrf52840_xxaa/nrf_log_default_backends.c.o
 .comment       0x0000000000000079       0x7a _build/nrf52840_xxaa/nrf_log_frontend.c.o
 .comment       0x0000000000000079       0x7a _build/nrf52840_xxaa/nrf_log_str_formatter.c.o
 .comment       0x0000000000000079       0x7a _build/nrf52840_xxaa/app_error.c.o
 .comment       0x0000000000000079       0x7a _build/nrf52840_xxaa/app_error_weak.c.o
 .comment       0x0000000000000079       0x7a _build/nrf52840_xxaa/app_util_platform.c.o
 .comment       0x0000000000000079       0x7a _build/nrf52840_xxaa/nrf_atomic.c.o
 .comment       0x0000000000000079       0x7a _build/nrf52840_xxaa/nrf_balloc.c.o
 .comment       0x0000000000000079       0x7a _build/nrf52840_xxaa/nrf_fprintf.c.o
 .comment       0x0000000000000079       0x7a _build/nrf52840_xxaa/nrf_fprintf_format.c.o
 .comment       0x0000000000000079       0x7a _build/nrf52840_xxaa/nrf_memobj.c.o
 .comment       0x0000000000000079       0x7a _build/nrf52840_xxaa/nrf_ringbuf.c.o
 .comment       0x0000000000000079       0x7a _build/nrf52840_xxaa/nrf_drv_uart.c.o
 .comment       0x0000000000000079       0x7a _build/nrf52840_xxaa/nrfx_prs.c.o
 .comment       0x0000000000000079       0x7a _build/nrf52840_xxaa/nrfx_qspi.c.o
 .comment       0x0000000000000079       0x7a _build/nrf52840_xxaa/nrfx_uart.c.o
 .comment       0x0000000000000079       0x7a _build/nrf52840_xxaa/nrfx_uarte.c.o
 .comment       0x0000000000000079       0x7a _build/nrf52840_xxaa/main.c.o
 .comment       0x0000000000000079       0x7a _build/nrf52840_xxaa/system_nrf52840.c.o

.debug_line     0x0000000000000000    0x11c13
 .debug_line    0x0000000000000000       0x89 _build/nrf52840_xxaa/gcc_startup_nrf52840.S.o
 .debug_line    0x0000000000000089      0x896 _build/nrf52840_xxaa/nrf_log_backend_serial.c.o
 .debug_line    0x000000000000091f      0xbaa _build/nrf52840_xxaa/nrf_log_backend_uart.c.o
 .debug_line    0x00000000000014c9      0x771 _build/nrf52840_xxaa/nrf_log_default_backends.c.o
 .debug_line    0x0000000000001c3a     0x2bdd _build/nrf52840_xxaa/nrf_log_frontend.c.o
 .debug_line    0x0000000000004817      0x9cd _build/nrf52840_xxaa/nrf_log_str_formatter.c.o
 .debug_line    0x00000000000051e4      0x5a4 _build/nrf52840_xxaa/app_error.c.o
 .debug_line    0x0000000000005788      0x859 _build/nrf52840_xxaa/app_error_weak.c.o
 .debug_line    0x0000000000005fe1      0x664 _build/nrf52840_xxaa/app_util_platform.c.o
 .debug_line    0x0000000000006645      0x8bb _build/nrf52840_xxaa/nrf_atomic.c.o
 .debug_line    0x0000000000006f00      0x8c6 _build/nrf52840_xxaa/nrf_balloc.c.o
 .debug_line    0x00000000000077c6      0x577 _build/nrf52840_xxaa/nrf_fprintf.c.o
 .debug_line    0x0000000000007d3d      0xf51 _build/nrf52840_xxaa/nrf_fprintf_format.c.o
 .debug_line    0x0000000000008c8e      0xb58 _build/nrf52840_xxaa/nrf_memobj.c.o
 .debug_line    0x00000000000097e6      0x9b8 _build/nrf52840_xxaa/nrf_ringbuf.c.o
 .debug_line    0x000000000000a19e      0x849 _build/nrf52840_xxaa/nrf_drv_uart.c.o
 .debug_line    0x000000000000a9e7      0x921 _build/nrf52840_xxaa/nrfx_prs.c.o
 .debug_line    0x000000000000b308     0x17e9 _build/nrf52840_xxaa/nrfx_qspi.c.o
 .debug_line    0x000000000000caf1     0x1f0b _build/nrf52840_xxaa/nrfx_uart.c.o
 .debug_line    0x000000000000e9fc     0x1de6 _build/nrf52840_xxaa/nrfx_uarte.c.o
 .debug_line    0x00000000000107e2      0xdab _build/nrf52840_xxaa/main.c.o
 .debug_line    0x000000000001158d      0x686 _build/nrf52840_xxaa/system_nrf52840.c.o

.debug_info     0x0000000000000000    0x236b8
 .debug_info    0x0000000000000000       0x26 _build/nrf52840_xxaa/gcc_startup_nrf52840.S.o
 .debug_info    0x0000000000000026     0x11f6 _build/nrf52840_xxaa/nrf_log_backend_serial.c.o
 .debug_info    0x000000000000121c     0x1c70 _build/nrf52840_xxaa/nrf_log_backend_uart.c.o
 .debug_info    0x0000000000002e8c      0xd48 _build/nrf52840_xxaa/nrf_log_default_backends.c.o
 .debug_info    0x0000000000003bd4     0x45d7 _build/nrf52840_xxaa/nrf_log_frontend.c.o
 .debug_info    0x00000000000081ab     0x13db _build/nrf52840_xxaa/nrf_log_str_formatter.c.o
 .debug_info    0x0000000000009586      0xbac _build/nrf52840_xxaa/app_error.c.o
 .debug_info    0x000000000000a132      0xfd5 _build/nrf52840_xxaa/app_error_weak.c.o
 .debug_info    0x000000000000b107     0x10df _build/nrf52840_xxaa/app_util_platform.c.o
 .debug_info    0x000000000000c1e6     0x13e4 _build/nrf52840_xxaa/nrf_atomic.c.o
 .debug_info    0x000000000000d5ca      0xe40 _build/nrf52840_xxaa/nrf_balloc.c.o
 .debug_info    0x000000000000e40a      0xb51 _build/nrf52840_xxaa/nrf_fprintf.c.o
 .debug_info    0x000000000000ef5b     0x157d _build/nrf52840_xxaa/nrf_fprintf_format.c.o
 .debug_info    0x00000000000104d8     0x15ca _build/nrf52840_xxaa/nrf_memobj.c.o
 .debug_info    0x0000000000011aa2      0xf3a _build/nrf52840_xxaa/nrf_ringbuf.c.o
 .debug_info    0x00000000000129dc     0x1ad6 _build/nrf52840_xxaa/nrf_drv_uart.c.o
 .debug_info    0x00000000000144b2     0x11aa _build/nrf52840_xxaa/nrfx_prs.c.o
 .debug_info    0x000000000001565c     0x3217 _build/nrf52840_xxaa/nrfx_qspi.c.o
 .debug_info    0x0000000000018873     0x4282 _build/nrf52840_xxaa/nrfx_uart.c.o
 .debug_info    0x000000000001caf5     0x418c _build/nrf52840_xxaa/nrfx_uarte.c.o
 .debug_info    0x0000000000020c81     0x1536 _build/nrf52840_xxaa/main.c.o
 .debug_info    0x00000000000221b7     0x1501 _build/nrf52840_xxaa/system_nrf52840.c.o

.debug_abbrev   0x0000000000000000     0x4ad3
 .debug_abbrev  0x0000000000000000       0x14 _build/nrf52840_xxaa/gcc_startup_nrf52840.S.o
 .debug_abbrev  0x0000000000000014      0x2cc _build/nrf52840_xxaa/nrf_log_backend_serial.c.o
 .debug_abbrev  0x00000000000002e0      0x41d _build/nrf52840_xxaa/nrf_log_backend_uart.c.o
 .debug_abbrev  0x00000000000006fd      0x294 _build/nrf52840_xxaa/nrf_log_default_backends.c.o
 .debug_abbrev  0x0000000000000991      0x615 _build/nrf52840_xxaa/nrf_log_frontend.c.o
 .debug_abbrev  0x0000000000000fa6      0x320 _build/nrf52840_xxaa/nrf_log_str_formatter.c.o
 .debug_abbrev  0x00000000000012c6      0x276 _build/nrf52840_xxaa/app_error.c.o
 .debug_abbrev  0x000000000000153c      0x2e9 _build/nrf52840_xxaa/app_error_weak.c.o
 .debug_abbrev  0x0000000000001825      0x37f _build/nrf52840_xxaa/app_util_platform.c.o
 .debug_abbrev  0x0000000000001ba4      0x378 _build/nrf52840_xxaa/nrf_atomic.c.o
 .debug_abbrev  0x0000000000001f1c      0x343 _build/nrf52840_xxaa/nrf_balloc.c.o
 .debug_abbrev  0x000000000000225f      0x27d _build/nrf52840_xxaa/nrf_fprintf.c.o
 .debug_abbrev  0x00000000000024dc      0x3fa _build/nrf52840_xxaa/nrf_fprintf_format.c.o
 .debug_abbrev  0x00000000000028d6      0x397 _build/nrf52840_xxaa/nrf_memobj.c.o
 .debug_abbrev  0x0000000000002c6d      0x2b2 _build/nrf52840_xxaa/nrf_ringbuf.c.o
 .debug_abbrev  0x0000000000002f1f      0x2da _build/nrf52840_xxaa/nrf_drv_uart.c.o
 .debug_abbrev  0x00000000000031f9      0x35b _build/nrf52840_xxaa/nrfx_prs.c.o
 .debug_abbrev  0x0000000000003554      0x56c _build/nrf52840_xxaa/nrfx_qspi.c.o
 .debug_abbrev  0x0000000000003ac0      0x576 _build/nrf52840_xxaa/nrfx_uart.c.o
 .debug_abbrev  0x0000000000004036      0x54a _build/nrf52840_xxaa/nrfx_uarte.c.o
 .debug_abbrev  0x0000000000004580      0x324 _build/nrf52840_xxaa/main.c.o
 .debug_abbrev  0x00000000000048a4      0x22f _build/nrf52840_xxaa/system_nrf52840.c.o

.debug_aranges  0x0000000000000000      0x600
 .debug_aranges
                0x0000000000000000       0x20 _build/nrf52840_xxaa/gcc_startup_nrf52840.S.o
 .debug_aranges
                0x0000000000000020       0x20 _build/nrf52840_xxaa/nrf_log_backend_serial.c.o
 .debug_aranges
                0x0000000000000040       0x48 _build/nrf52840_xxaa/nrf_log_backend_uart.c.o
 .debug_aranges
                0x0000000000000088       0x20 _build/nrf52840_xxaa/nrf_log_default_backends.c.o
 .debug_aranges
                0x00000000000000a8       0xb8 _build/nrf52840_xxaa/nrf_log_frontend.c.o
 .debug_aranges
                0x0000000000000160       0x38 _build/nrf52840_xxaa/nrf_log_str_formatter.c.o
 .debug_aranges
                0x0000000000000198       0x28 _build/nrf52840_xxaa/app_error.c.o
 .debug_aranges
                0x00000000000001c0       0x20 _build/nrf52840_xxaa/app_error_weak.c.o
 .debug_aranges
                0x00000000000001e0       0x48 _build/nrf52840_xxaa/app_util_platform.c.o
 .debug_aranges
                0x0000000000000228       0xb0 _build/nrf52840_xxaa/nrf_atomic.c.o
 .debug_aranges
                0x00000000000002d8       0x30 _build/nrf52840_xxaa/nrf_balloc.c.o
 .debug_aranges
                0x0000000000000308       0x28 _build/nrf52840_xxaa/nrf_fprintf.c.o
 .debug_aranges
                0x0000000000000330       0x28 _build/nrf52840_xxaa/nrf_fprintf_format.c.o
 .debug_aranges
                0x0000000000000358       0x50 _build/nrf52840_xxaa/nrf_memobj.c.o
 .debug_aranges
                0x00000000000003a8       0x50 _build/nrf52840_xxaa/nrf_ringbuf.c.o
 .debug_aranges
                0x00000000000003f8       0x30 _build/nrf52840_xxaa/nrf_drv_uart.c.o
 .debug_aranges
                0x0000000000000428       0x30 _build/nrf52840_xxaa/nrfx_prs.c.o
 .debug_aranges
                0x0000000000000458       0x78 _build/nrf52840_xxaa/nrfx_qspi.c.o
 .debug_aranges
                0x00000000000004d0       0x78 _build/nrf52840_xxaa/nrfx_uart.c.o
 .debug_aranges
                0x0000000000000548       0x68 _build/nrf52840_xxaa/nrfx_uarte.c.o
 .debug_aranges
                0x00000000000005b0       0x28 _build/nrf52840_xxaa/main.c.o
 .debug_aranges
                0x00000000000005d8       0x28 _build/nrf52840_xxaa/system_nrf52840.c.o

.debug_str      0x0000000000000000    0x90ce7
 .debug_str     0x0000000000000000       0xb1 _build/nrf52840_xxaa/gcc_startup_nrf52840.S.o
 .debug_str     0x00000000000000b1    0x84d31 _build/nrf52840_xxaa/nrf_log_backend_serial.c.o
                                      0x862ae (size before relaxing)
 .debug_str     0x0000000000084de2     0x4219 _build/nrf52840_xxaa/nrf_log_backend_uart.c.o
                                      0x8a013 (size before relaxing)
 .debug_str     0x0000000000088ffb      0x11c _build/nrf52840_xxaa/nrf_log_default_backends.c.o
                                      0x86065 (size before relaxing)
 .debug_str     0x0000000000089117     0x1366 _build/nrf52840_xxaa/nrf_log_frontend.c.o
                                      0x87510 (size before relaxing)
 .debug_str     0x000000000008a47d      0x6a6 _build/nrf52840_xxaa/nrf_log_str_formatter.c.o
                                      0x867d0 (size before relaxing)
 .debug_str     0x000000000008ab23       0xf4 _build/nrf52840_xxaa/app_error.c.o
                                      0x78046 (size before relaxing)
 .debug_str     0x000000000008ac17       0xd9 _build/nrf52840_xxaa/app_error_weak.c.o
                                      0x8672e (size before relaxing)
 .debug_str     0x000000000008acf0      0x405 _build/nrf52840_xxaa/app_util_platform.c.o
                                      0x78898 (size before relaxing)
 .debug_str     0x000000000008b0f5      0x6b9 _build/nrf52840_xxaa/nrf_atomic.c.o
                                      0x8216d (size before relaxing)
 .debug_str     0x000000000008b7ae      0x164 _build/nrf52840_xxaa/nrf_balloc.c.o
                                      0x860be (size before relaxing)
 .debug_str     0x000000000008b912      0x144 _build/nrf52840_xxaa/nrf_fprintf.c.o
                                      0x81dc6 (size before relaxing)
 .debug_str     0x000000000008ba56      0x511 _build/nrf52840_xxaa/nrf_fprintf_format.c.o
                                      0x822af (size before relaxing)
 .debug_str     0x000000000008bf67      0x1ac _build/nrf52840_xxaa/nrf_memobj.c.o
                                      0x84482 (size before relaxing)
 .debug_str     0x000000000008c113       0xdc _build/nrf52840_xxaa/nrf_ringbuf.c.o
                                      0x82b74 (size before relaxing)
 .debug_str     0x000000000008c1ef      0x47e _build/nrf52840_xxaa/nrf_drv_uart.c.o
                                      0x867f0 (size before relaxing)
 .debug_str     0x000000000008c66d      0x63d _build/nrf52840_xxaa/nrfx_prs.c.o
                                      0x88a5a (size before relaxing)
 .debug_str     0x000000000008ccaa     0x1086 _build/nrf52840_xxaa/nrfx_qspi.c.o
                                      0x86962 (size before relaxing)
 .debug_str     0x000000000008dd30      0x9e8 _build/nrf52840_xxaa/nrfx_uart.c.o
                                      0x89c3e (size before relaxing)
 .debug_str     0x000000000008e718      0x952 _build/nrf52840_xxaa/nrfx_uarte.c.o
                                      0x8a0d2 (size before relaxing)
 .debug_str     0x000000000008f06a     0x16c3 _build/nrf52840_xxaa/main.c.o
                                      0x8b87c (size before relaxing)
 .debug_str     0x000000000009072d      0x5ba _build/nrf52840_xxaa/system_nrf52840.c.o
                                      0x73cd3 (size before relaxing)

.debug_loc      0x0000000000000000     0xe912
 .debug_loc     0x0000000000000000      0x186 _build/nrf52840_xxaa/nrf_log_backend_serial.c.o
 .debug_loc     0x0000000000000186      0x341 _build/nrf52840_xxaa/nrf_log_backend_uart.c.o
 .debug_loc     0x00000000000004c7       0x17 _build/nrf52840_xxaa/nrf_log_default_backends.c.o
 .debug_loc     0x00000000000004de     0x4d6c _build/nrf52840_xxaa/nrf_log_frontend.c.o
 .debug_loc     0x000000000000524a      0x486 _build/nrf52840_xxaa/nrf_log_str_formatter.c.o
 .debug_loc     0x00000000000056d0       0xc8 _build/nrf52840_xxaa/app_error.c.o
 .debug_loc     0x0000000000005798       0x6f _build/nrf52840_xxaa/app_error_weak.c.o
 .debug_loc     0x0000000000005807      0x11a _build/nrf52840_xxaa/app_util_platform.c.o
 .debug_loc     0x0000000000005921      0x587 _build/nrf52840_xxaa/nrf_atomic.c.o
 .debug_loc     0x0000000000005ea8      0x285 _build/nrf52840_xxaa/nrf_balloc.c.o
 .debug_loc     0x000000000000612d       0x54 _build/nrf52840_xxaa/nrf_fprintf.c.o
 .debug_loc     0x0000000000006181     0x104a _build/nrf52840_xxaa/nrf_fprintf_format.c.o
 .debug_loc     0x00000000000071cb     0x100c _build/nrf52840_xxaa/nrf_memobj.c.o
 .debug_loc     0x00000000000081d7      0x66a _build/nrf52840_xxaa/nrf_ringbuf.c.o
 .debug_loc     0x0000000000008841      0x1d6 _build/nrf52840_xxaa/nrf_drv_uart.c.o
 .debug_loc     0x0000000000008a17      0x10e _build/nrf52840_xxaa/nrfx_prs.c.o
 .debug_loc     0x0000000000008b25     0x1cc1 _build/nrf52840_xxaa/nrfx_qspi.c.o
 .debug_loc     0x000000000000a7e6     0x1fcb _build/nrf52840_xxaa/nrfx_uart.c.o
 .debug_loc     0x000000000000c7b1     0x1f58 _build/nrf52840_xxaa/nrfx_uarte.c.o
 .debug_loc     0x000000000000e709      0x209 _build/nrf52840_xxaa/main.c.o

.debug_ranges   0x0000000000000000     0x2a00
 .debug_ranges  0x0000000000000000       0x28 _build/nrf52840_xxaa/nrf_log_backend_serial.c.o
 .debug_ranges  0x0000000000000028      0x110 _build/nrf52840_xxaa/nrf_log_backend_uart.c.o
 .debug_ranges  0x0000000000000138       0x10 _build/nrf52840_xxaa/nrf_log_default_backends.c.o
 .debug_ranges  0x0000000000000148      0xb00 _build/nrf52840_xxaa/nrf_log_frontend.c.o
 .debug_ranges  0x0000000000000c48       0xa8 _build/nrf52840_xxaa/nrf_log_str_formatter.c.o
 .debug_ranges  0x0000000000000cf0       0x18 _build/nrf52840_xxaa/app_error.c.o
 .debug_ranges  0x0000000000000d08       0x28 _build/nrf52840_xxaa/app_error_weak.c.o
 .debug_ranges  0x0000000000000d30       0x50 _build/nrf52840_xxaa/app_util_platform.c.o
 .debug_ranges  0x0000000000000d80      0x228 _build/nrf52840_xxaa/nrf_atomic.c.o
 .debug_ranges  0x0000000000000fa8       0x40 _build/nrf52840_xxaa/nrf_balloc.c.o
 .debug_ranges  0x0000000000000fe8       0x18 _build/nrf52840_xxaa/nrf_fprintf.c.o
 .debug_ranges  0x0000000000001000      0x338 _build/nrf52840_xxaa/nrf_fprintf_format.c.o
 .debug_ranges  0x0000000000001338       0xb8 _build/nrf52840_xxaa/nrf_memobj.c.o
 .debug_ranges  0x00000000000013f0       0x40 _build/nrf52840_xxaa/nrf_ringbuf.c.o
 .debug_ranges  0x0000000000001430       0x20 _build/nrf52840_xxaa/nrf_drv_uart.c.o
 .debug_ranges  0x0000000000001450       0x38 _build/nrf52840_xxaa/nrfx_prs.c.o
 .debug_ranges  0x0000000000001488      0x7f8 _build/nrf52840_xxaa/nrfx_qspi.c.o
 .debug_ranges  0x0000000000001c80      0x6a8 _build/nrf52840_xxaa/nrfx_uart.c.o
 .debug_ranges  0x0000000000002328      0x5c0 _build/nrf52840_xxaa/nrfx_uarte.c.o
 .debug_ranges  0x00000000000028e8       0xd8 _build/nrf52840_xxaa/main.c.o
 .debug_ranges  0x00000000000029c0       0x40 _build/nrf52840_xxaa/system_nrf52840.c.o

.debug_macro    0x0000000000000000     0x5f39
 .debug_macro   0x0000000000000000      0x380 _build/nrf52840_xxaa/nrf_log_backend_serial.c.o
 .debug_macro   0x0000000000000380       0x16 _build/nrf52840_xxaa/nrf_log_backend_serial.c.o
 .debug_macro   0x0000000000000396       0x22 _build/nrf52840_xxaa/nrf_log_backend_serial.c.o
 .debug_macro   0x00000000000003b8       0x1c _build/nrf52840_xxaa/nrf_log_backend_serial.c.o
 .debug_macro   0x00000000000003d4       0x10 _build/nrf52840_xxaa/nrf_log_backend_serial.c.o
 .debug_macro   0x00000000000003e4       0x10 _build/nrf52840_xxaa/nrf_log_backend_serial.c.o
 .debug_macro   0x00000000000003f4       0xb6 _build/nrf52840_xxaa/nrf_log_backend_serial.c.o
 .debug_macro   0x00000000000004aa       0x16 _build/nrf52840_xxaa/nrf_log_backend_serial.c.o
 .debug_macro   0x00000000000004c0      0x129 _build/nrf52840_xxaa/nrf_log_backend_serial.c.o
 .debug_macro   0x00000000000005e9       0x49 _build/nrf52840_xxaa/nrf_log_backend_serial.c.o
 .debug_macro   0x0000000000000632       0x8c _build/nrf52840_xxaa/nrf_log_backend_serial.c.o
 .debug_macro   0x00000000000006be       0x31 _build/nrf52840_xxaa/nrf_log_backend_serial.c.o
 .debug_macro   0x00000000000006ef       0x55 _build/nrf52840_xxaa/nrf_log_backend_serial.c.o
 .debug_macro   0x0000000000000744       0x98 _build/nrf52840_xxaa/nrf_log_backend_serial.c.o
 .debug_macro   0x00000000000007dc       0x10 _build/nrf52840_xxaa/nrf_log_backend_serial.c.o
 .debug_macro   0x00000000000007ec       0x1d _build/nrf52840_xxaa/nrf_log_backend_serial.c.o
 .debug_macro   0x0000000000000809       0x2e _build/nrf52840_xxaa/nrf_log_backend_serial.c.o
 .debug_macro   0x0000000000000837       0x1c _build/nrf52840_xxaa/nrf_log_backend_serial.c.o
 .debug_macro   0x0000000000000853      0x185 _build/nrf52840_xxaa/nrf_log_backend_serial.c.o
 .debug_macro   0x00000000000009d8      0x463 _build/nrf52840_xxaa/nrf_log_backend_uart.c.o
 .debug_macro   0x0000000000000e3b      0x430 _build/nrf52840_xxaa/nrf_log_backend_uart.c.o
 .debug_macro   0x000000000000126b       0x59 _build/nrf52840_xxaa/nrf_log_backend_uart.c.o
 .debug_macro   0x00000000000012c4      0x225 _build/nrf52840_xxaa/nrf_log_backend_uart.c.o
 .debug_macro   0x00000000000014e9      0x14e _build/nrf52840_xxaa/nrf_log_backend_uart.c.o
 .debug_macro   0x0000000000001637       0x5a _build/nrf52840_xxaa/nrf_log_backend_uart.c.o
 .debug_macro   0x0000000000001691       0x1d _build/nrf52840_xxaa/nrf_log_backend_uart.c.o
 .debug_macro   0x00000000000016ae       0xac _build/nrf52840_xxaa/nrf_log_backend_uart.c.o
 .debug_macro   0x000000000000175a       0x64 _build/nrf52840_xxaa/nrf_log_backend_uart.c.o
 .debug_macro   0x00000000000017be       0x20 _build/nrf52840_xxaa/nrf_log_backend_uart.c.o
 .debug_macro   0x00000000000017de       0x10 _build/nrf52840_xxaa/nrf_log_backend_uart.c.o
 .debug_macro   0x00000000000017ee       0x10 _build/nrf52840_xxaa/nrf_log_backend_uart.c.o
 .debug_macro   0x00000000000017fe       0x10 _build/nrf52840_xxaa/nrf_log_backend_uart.c.o
 .debug_macro   0x000000000000180e       0x10 _build/nrf52840_xxaa/nrf_log_backend_uart.c.o
 .debug_macro   0x000000000000181e       0x10 _build/nrf52840_xxaa/nrf_log_backend_uart.c.o
 .debug_macro   0x000000000000182e       0x3f _build/nrf52840_xxaa/nrf_log_backend_uart.c.o
 .debug_macro   0x000000000000186d      0x371 _build/nrf52840_xxaa/nrf_log_default_backends.c.o
 .debug_macro   0x0000000000001bde       0x10 _build/nrf52840_xxaa/nrf_log_default_backends.c.o
 .debug_macro   0x0000000000001bee      0x3f2 _build/nrf52840_xxaa/nrf_log_frontend.c.o
 .debug_macro   0x0000000000001fe0       0x16 _build/nrf52840_xxaa/nrf_log_frontend.c.o
 .debug_macro   0x0000000000001ff6       0x9a _build/nrf52840_xxaa/nrf_log_frontend.c.o
 .debug_macro   0x0000000000002090       0x9e _build/nrf52840_xxaa/nrf_log_frontend.c.o
 .debug_macro   0x000000000000212e      0x3c2 _build/nrf52840_xxaa/nrf_log_str_formatter.c.o
 .debug_macro   0x00000000000024f0       0xa2 _build/nrf52840_xxaa/nrf_log_str_formatter.c.o
 .debug_macro   0x0000000000002592      0x22e _build/nrf52840_xxaa/app_error.c.o
 .debug_macro   0x00000000000027c0       0x35 _build/nrf52840_xxaa/app_error.c.o
 .debug_macro   0x00000000000027f5       0x97 _build/nrf52840_xxaa/app_error.c.o
 .debug_macro   0x000000000000288c       0xf6 _build/nrf52840_xxaa/app_error.c.o
 .debug_macro   0x0000000000002982      0x370 _build/nrf52840_xxaa/app_error_weak.c.o
 .debug_macro   0x0000000000002cf2       0x16 _build/nrf52840_xxaa/app_error_weak.c.o
 .debug_macro   0x0000000000002d08       0x92 _build/nrf52840_xxaa/app_error_weak.c.o
 .debug_macro   0x0000000000002d9a      0x244 _build/nrf52840_xxaa/app_util_platform.c.o
 .debug_macro   0x0000000000002fde      0x232 _build/nrf52840_xxaa/nrf_atomic.c.o
 .debug_macro   0x0000000000003210       0x42 _build/nrf52840_xxaa/nrf_atomic.c.o
 .debug_macro   0x0000000000003252      0x335 _build/nrf52840_xxaa/nrf_balloc.c.o
 .debug_macro   0x0000000000003587       0x10 _build/nrf52840_xxaa/nrf_balloc.c.o
 .debug_macro   0x0000000000003597      0x23e _build/nrf52840_xxaa/nrf_fprintf.c.o
 .debug_macro   0x00000000000037d5       0x58 _build/nrf52840_xxaa/nrf_fprintf.c.o
 .debug_macro   0x000000000000382d      0x2b0 _build/nrf52840_xxaa/nrf_fprintf_format.c.o
 .debug_macro   0x0000000000003add      0x318 _build/nrf52840_xxaa/nrf_memobj.c.o
 .debug_macro   0x0000000000003df5      0x10e _build/nrf52840_xxaa/nrf_memobj.c.o
 .debug_macro   0x0000000000003f03       0x86 _build/nrf52840_xxaa/nrf_memobj.c.o
 .debug_macro   0x0000000000003f89       0x5b _build/nrf52840_xxaa/nrf_memobj.c.o
 .debug_macro   0x0000000000003fe4      0x2c7 _build/nrf52840_xxaa/nrf_ringbuf.c.o
 .debug_macro   0x00000000000042ab      0x372 _build/nrf52840_xxaa/nrf_drv_uart.c.o
 .debug_macro   0x000000000000461d      0x3df _build/nrf52840_xxaa/nrfx_prs.c.o
 .debug_macro   0x00000000000049fc       0x28 _build/nrf52840_xxaa/nrfx_prs.c.o
 .debug_macro   0x0000000000004a24       0x1c _build/nrf52840_xxaa/nrfx_prs.c.o
 .debug_macro   0x0000000000004a40       0x37 _build/nrf52840_xxaa/nrfx_prs.c.o
 .debug_macro   0x0000000000004a77      0x17f _build/nrf52840_xxaa/nrfx_prs.c.o
 .debug_macro   0x0000000000004bf6       0x42 _build/nrf52840_xxaa/nrfx_prs.c.o
 .debug_macro   0x0000000000004c38      0x352 _build/nrf52840_xxaa/nrfx_qspi.c.o
 .debug_macro   0x0000000000004f8a       0x16 _build/nrf52840_xxaa/nrfx_qspi.c.o
 .debug_macro   0x0000000000004fa0       0x10 _build/nrf52840_xxaa/nrfx_qspi.c.o
 .debug_macro   0x0000000000004fb0      0x3fa _build/nrf52840_xxaa/nrfx_uart.c.o
 .debug_macro   0x00000000000053aa       0x1c _build/nrf52840_xxaa/nrfx_uart.c.o
 .debug_macro   0x00000000000053c6      0x418 _build/nrf52840_xxaa/nrfx_uarte.c.o
 .debug_macro   0x00000000000057de      0x490 _build/nrf52840_xxaa/main.c.o
 .debug_macro   0x0000000000005c6e       0x58 _build/nrf52840_xxaa/main.c.o
 .debug_macro   0x0000000000005cc6       0x5c _build/nrf52840_xxaa/main.c.o
 .debug_macro   0x0000000000005d22       0x57 _build/nrf52840_xxaa/main.c.o
 .debug_macro   0x0000000000005d79       0xa0 _build/nrf52840_xxaa/main.c.o
 .debug_macro   0x0000000000005e19       0x10 _build/nrf52840_xxaa/main.c.o
 .debug_macro   0x0000000000005e29       0x10 _build/nrf52840_xxaa/main.c.o
 .debug_macro   0x0000000000005e39      0x100 _build/nrf52840_xxaa/system_nrf52840.c.o

.debug_frame    0x0000000000000000     0x1430
 .debug_frame   0x0000000000000000       0x40 _build/nrf52840_xxaa/nrf_log_backend_serial.c.o
 .debug_frame   0x0000000000000040       0xb8 _build/nrf52840_xxaa/nrf_log_backend_uart.c.o
 .debug_frame   0x00000000000000f8       0x28 _build/nrf52840_xxaa/nrf_log_default_backends.c.o
 .debug_frame   0x0000000000000120      0x2e4 _build/nrf52840_xxaa/nrf_log_frontend.c.o
 .debug_frame   0x0000000000000404       0xac _build/nrf52840_xxaa/nrf_log_str_formatter.c.o
 .debug_frame   0x00000000000004b0       0x54 _build/nrf52840_xxaa/app_error.c.o
 .debug_frame   0x0000000000000504       0x28 _build/nrf52840_xxaa/app_error_weak.c.o
 .debug_frame   0x000000000000052c       0x70 _build/nrf52840_xxaa/app_util_platform.c.o
 .debug_frame   0x000000000000059c      0x228 _build/nrf52840_xxaa/nrf_atomic.c.o
 .debug_frame   0x00000000000007c4       0x6c _build/nrf52840_xxaa/nrf_balloc.c.o
 .debug_frame   0x0000000000000830       0x5c _build/nrf52840_xxaa/nrf_fprintf.c.o
 .debug_frame   0x000000000000088c       0xa8 _build/nrf52840_xxaa/nrf_fprintf_format.c.o
 .debug_frame   0x0000000000000934       0xe8 _build/nrf52840_xxaa/nrf_memobj.c.o
 .debug_frame   0x0000000000000a1c       0xe0 _build/nrf52840_xxaa/nrf_ringbuf.c.o
 .debug_frame   0x0000000000000afc       0x80 _build/nrf52840_xxaa/nrf_drv_uart.c.o
 .debug_frame   0x0000000000000b7c       0x4c _build/nrf52840_xxaa/nrfx_prs.c.o
 .debug_frame   0x0000000000000bc8      0x1b0 _build/nrf52840_xxaa/nrfx_qspi.c.o
 .debug_frame   0x0000000000000d78      0x18c _build/nrf52840_xxaa/nrfx_uart.c.o
 .debug_frame   0x0000000000000f04      0x198 _build/nrf52840_xxaa/nrfx_uarte.c.o
 .debug_frame   0x000000000000109c       0x40 _build/nrf52840_xxaa/main.c.o
 .debug_frame   0x00000000000010dc       0x40 _build/nrf52840_xxaa/system_nrf52840.c.o
 .debug_frame   0x000000000000111c       0x28 /usr/local/gcc-arm-none-eabi-9-2019-q4-major/bin/../lib/gcc/arm-none-eabi/9.2.1/../../../../arm-none-eabi/lib/thumb/v7e-m+fp/hard/libc_nano.a(lib_a-exit.o)
 .debug_frame   0x0000000000001144       0x2c /usr/local/gcc-arm-none-eabi-9-2019-q4-major/bin/../lib/gcc/arm-none-eabi/9.2.1/../../../../arm-none-eabi/lib/thumb/v7e-m+fp/hard/libc_nano.a(lib_a-init.o)
 .debug_frame   0x0000000000001170       0x2c /usr/local/gcc-arm-none-eabi-9-2019-q4-major/bin/../lib/gcc/arm-none-eabi/9.2.1/../../../../arm-none-eabi/lib/thumb/v7e-m+fp/hard/libc_nano.a(lib_a-memcmp.o)
 .debug_frame   0x000000000000119c       0x28 /usr/local/gcc-arm-none-eabi-9-2019-q4-major/bin/../lib/gcc/arm-none-eabi/9.2.1/../../../../arm-none-eabi/lib/thumb/v7e-m+fp/hard/libc_nano.a(lib_a-memcpy-stub.o)
 .debug_frame   0x00000000000011c4       0x20 /usr/local/gcc-arm-none-eabi-9-2019-q4-major/bin/../lib/gcc/arm-none-eabi/9.2.1/../../../../arm-none-eabi/lib/thumb/v7e-m+fp/hard/libc_nano.a(lib_a-memset.o)
 .debug_frame   0x00000000000011e4       0x44 /usr/local/gcc-arm-none-eabi-9-2019-q4-major/bin/../lib/gcc/arm-none-eabi/9.2.1/../../../../arm-none-eabi/lib/thumb/v7e-m+fp/hard/libc_nano.a(lib_a-rand.o)
 .debug_frame   0x0000000000001228       0x30 /usr/local/gcc-arm-none-eabi-9-2019-q4-major/bin/../lib/gcc/arm-none-eabi/9.2.1/../../../../arm-none-eabi/lib/thumb/v7e-m+fp/hard/libc_nano.a(lib_a-malloc.o)
 .debug_frame   0x0000000000001258       0x30 /usr/local/gcc-arm-none-eabi-9-2019-q4-major/bin/../lib/gcc/arm-none-eabi/9.2.1/../../../../arm-none-eabi/lib/thumb/v7e-m+fp/hard/libc_nano.a(lib_a-nano-mallocr.o)
 .debug_frame   0x0000000000001288       0x2c /usr/local/gcc-arm-none-eabi-9-2019-q4-major/bin/../lib/gcc/arm-none-eabi/9.2.1/../../../../arm-none-eabi/lib/thumb/v7e-m+fp/hard/libc_nano.a(lib_a-sbrkr.o)
 .debug_frame   0x00000000000012b4       0x30 /usr/local/gcc-arm-none-eabi-9-2019-q4-major/bin/../lib/gcc/arm-none-eabi/9.2.1/../../../../arm-none-eabi/lib/thumb/v7e-m+fp/hard/libc_nano.a(lib_a-mlock.o)
 .debug_frame   0x00000000000012e4       0x5c /usr/local/gcc-arm-none-eabi-9-2019-q4-major/bin/../lib/gcc/arm-none-eabi/9.2.1/../../../../arm-none-eabi/lib/thumb/v7e-m+fp/hard/libc_nano.a(lib_a-reent.o)
 .debug_frame   0x0000000000001340       0xb0 /usr/local/gcc-arm-none-eabi-9-2019-q4-major/bin/../lib/gcc/arm-none-eabi/9.2.1/../../../../arm-none-eabi/lib/thumb/v7e-m+fp/hard/libc_nano.a(lib_a-lock.o)
 .debug_frame   0x00000000000013f0       0x20 /usr/local/gcc-arm-none-eabi-9-2019-q4-major/bin/../lib/gcc/arm-none-eabi/9.2.1/../../../../arm-none-eabi/lib/thumb/v7e-m+fp/hard/libnosys.a(sbrk.o)
 .debug_frame   0x0000000000001410       0x20 /usr/local/gcc-arm-none-eabi-9-2019-q4-major/bin/../lib/gcc/arm-none-eabi/9.2.1/../../../../arm-none-eabi/lib/thumb/v7e-m+fp/hard/libnosys.a(_exit.o)
