Archive member included to satisfy reference by file (symbol)

/usr/local/gcc-arm-none-eabi-9-2019-q4-major/bin/../lib/gcc/arm-none-eabi/9.2.1/../../../../arm-none-eabi/lib/thumb/v7e-m+fp/hard/libc_nano.a(lib_a-exit.o)
                              /usr/local/gcc-arm-none-eabi-9-2019-q4-major/bin/../lib/gcc/arm-none-eabi/9.2.1/../../../../arm-none-eabi/lib/thumb/v7e-m+fp/hard/crt0.o (exit)
/usr/local/gcc-arm-none-eabi-9-2019-q4-major/bin/../lib/gcc/arm-none-eabi/9.2.1/../../../../arm-none-eabi/lib/thumb/v7e-m+fp/hard/libc_nano.a(lib_a-impure.o)
                              /usr/local/gcc-arm-none-eabi-9-2019-q4-major/bin/../lib/gcc/arm-none-eabi/9.2.1/../../../../arm-none-eabi/lib/thumb/v7e-m+fp/hard/libc_nano.a(lib_a-exit.o) (_global_impure_ptr)
/usr/local/gcc-arm-none-eabi-9-2019-q4-major/bin/../lib/gcc/arm-none-eabi/9.2.1/../../../../arm-none-eabi/lib/thumb/v7e-m+fp/hard/libc_nano.a(lib_a-init.o)
                              /usr/local/gcc-arm-none-eabi-9-2019-q4-major/bin/../lib/gcc/arm-none-eabi/9.2.1/../../../../arm-none-eabi/lib/thumb/v7e-m+fp/hard/crt0.o (__libc_init_array)
/usr/local/gcc-arm-none-eabi-9-2019-q4-major/bin/../lib/gcc/arm-none-eabi/9.2.1/../../../../arm-none-eabi/lib/thumb/v7e-m+fp/hard/libc_nano.a(lib_a-memcpy-stub.o)
                              _build/nrf52840_xxaa/app_scheduler.c.o (memcpy)
/usr/local/gcc-arm-none-eabi-9-2019-q4-major/bin/../lib/gcc/arm-none-eabi/9.2.1/../../../../arm-none-eabi/lib/thumb/v7e-m+fp/hard/libc_nano.a(lib_a-memset.o)
                              /usr/local/gcc-arm-none-eabi-9-2019-q4-major/bin/../lib/gcc/arm-none-eabi/9.2.1/../../../../arm-none-eabi/lib/thumb/v7e-m+fp/hard/crt0.o (memset)
/usr/local/gcc-arm-none-eabi-9-2019-q4-major/bin/../lib/gcc/arm-none-eabi/9.2.1/../../../../arm-none-eabi/lib/thumb/v7e-m+fp/hard/libc_nano.a(lib_a-strlen.o)
                              _build/nrf52840_xxaa/nrf_fprintf_format.c.o (strlen)
/usr/local/gcc-arm-none-eabi-9-2019-q4-major/bin/../lib/gcc/arm-none-eabi/9.2.1/../../../../arm-none-eabi/lib/thumb/v7e-m+fp/hard/libnosys.a(_exit.o)
                              /usr/local/gcc-arm-none-eabi-9-2019-q4-major/bin/../lib/gcc/arm-none-eabi/9.2.1/../../../../arm-none-eabi/lib/thumb/v7e-m+fp/hard/libc_nano.a(lib_a-exit.o) (_exit)
/usr/local/gcc-arm-none-eabi-9-2019-q4-major/bin/../lib/gcc/arm-none-eabi/9.2.1/thumb/v7e-m+fp/hard/libgcc.a(_aeabi_ldivmod.o)
                              _build/nrf52840_xxaa/nrf_serial.c.o (__aeabi_ldivmod)
/usr/local/gcc-arm-none-eabi-9-2019-q4-major/bin/../lib/gcc/arm-none-eabi/9.2.1/thumb/v7e-m+fp/hard/libgcc.a(_aeabi_uldivmod.o)
                              _build/nrf52840_xxaa/nrf_serial.c.o (__aeabi_uldivmod)
/usr/local/gcc-arm-none-eabi-9-2019-q4-major/bin/../lib/gcc/arm-none-eabi/9.2.1/thumb/v7e-m+fp/hard/libgcc.a(_udivmoddi4.o)
                              /usr/local/gcc-arm-none-eabi-9-2019-q4-major/bin/../lib/gcc/arm-none-eabi/9.2.1/thumb/v7e-m+fp/hard/libgcc.a(_aeabi_ldivmod.o) (__udivmoddi4)
/usr/local/gcc-arm-none-eabi-9-2019-q4-major/bin/../lib/gcc/arm-none-eabi/9.2.1/thumb/v7e-m+fp/hard/libgcc.a(_dvmd_tls.o)
                              /usr/local/gcc-arm-none-eabi-9-2019-q4-major/bin/../lib/gcc/arm-none-eabi/9.2.1/thumb/v7e-m+fp/hard/libgcc.a(_aeabi_ldivmod.o) (__aeabi_ldiv0)

Allocating common symbols
Common symbol       size              file

nrf_drv_uart_use_easy_dma
                    0x2               _build/nrf52840_xxaa/nrf_drv_uart.c.o
nrfx_power_irq_enabled
                    0x1               _build/nrf52840_xxaa/nrfx_power.c.o
nrfx_clock_irq_enabled
                    0x1               _build/nrf52840_xxaa/nrfx_clock.c.o

Discarded input sections

 .text          0x0000000000000000        0x0 /usr/local/gcc-arm-none-eabi-9-2019-q4-major/bin/../lib/gcc/arm-none-eabi/9.2.1/thumb/v7e-m+fp/hard/crti.o
 .data          0x0000000000000000        0x0 /usr/local/gcc-arm-none-eabi-9-2019-q4-major/bin/../lib/gcc/arm-none-eabi/9.2.1/thumb/v7e-m+fp/hard/crti.o
 .bss           0x0000000000000000        0x0 /usr/local/gcc-arm-none-eabi-9-2019-q4-major/bin/../lib/gcc/arm-none-eabi/9.2.1/thumb/v7e-m+fp/hard/crti.o
 .data          0x0000000000000000        0x4 /usr/local/gcc-arm-none-eabi-9-2019-q4-major/bin/../lib/gcc/arm-none-eabi/9.2.1/thumb/v7e-m+fp/hard/crtbegin.o
 .data          0x0000000000000000        0x0 /usr/local/gcc-arm-none-eabi-9-2019-q4-major/bin/../lib/gcc/arm-none-eabi/9.2.1/../../../../arm-none-eabi/lib/thumb/v7e-m+fp/hard/crt0.o
 .bss           0x0000000000000000        0x0 /usr/local/gcc-arm-none-eabi-9-2019-q4-major/bin/../lib/gcc/arm-none-eabi/9.2.1/../../../../arm-none-eabi/lib/thumb/v7e-m+fp/hard/crt0.o
 .ARM.extab     0x0000000000000000        0x0 /usr/local/gcc-arm-none-eabi-9-2019-q4-major/bin/../lib/gcc/arm-none-eabi/9.2.1/../../../../arm-none-eabi/lib/thumb/v7e-m+fp/hard/crt0.o
 .data          0x0000000000000000        0x0 _build/nrf52840_xxaa/gcc_startup_nrf52840.S.o
[...]
Memory Configuration

Name             Origin             Length             Attributes
FLASH            0x0000000000000000 0x0000000000100000 xr
RAM              0x0000000020000000 0x0000000000040000 xrw
*default*        0x0000000000000000 0xffffffffffffffff

Linker script and memory map


.text           0x0000000000000000     0x4140
 *(.isr_vector)
 .isr_vector    0x0000000000000000      0x200 _build/nrf52840_xxaa/gcc_startup_nrf52840.S.o
                0x0000000000000000                __isr_vector
 *(.text*)
 .text          0x0000000000000200       0x40 /usr/local/gcc-arm-none-eabi-9-2019-q4-major/bin/../lib/gcc/arm-none-eabi/9.2.1/thumb/v7e-m+fp/hard/crtbegin.o
 .text          0x0000000000000240       0x74 /usr/local/gcc-arm-none-eabi-9-2019-q4-major/bin/../lib/gcc/arm-none-eabi/9.2.1/../../../../arm-none-eabi/lib/thumb/v7e-m+fp/hard/crt0.o
                0x0000000000000240                _mainCRTStartup
                0x0000000000000240                _start
 .text          0x00000000000002b4       0x3c _build/nrf52840_xxaa/gcc_startup_nrf52840.S.o
                0x00000000000002b4                Reset_Handler
                0x00000000000002dc                NMI_Handler
                0x00000000000002e0                MemoryManagement_Handler
                0x00000000000002e2                BusFault_Handler
                0x00000000000002e4                UsageFault_Handler
                0x00000000000002e6                SVC_Handler
                0x00000000000002e8                DebugMon_Handler
                0x00000000000002ea                PendSV_Handler
                0x00000000000002ec                SysTick_Handler
                0x00000000000002ee                TIMER2_IRQHandler
                0x00000000000002ee                RTC0_IRQHandler
                0x00000000000002ee                SWI0_EGU0_IRQHandler
                0x00000000000002ee                SWI2_EGU2_IRQHandler
                0x00000000000002ee                PWM1_IRQHandler
                0x00000000000002ee                RADIO_IRQHandler
                0x00000000000002ee                PDM_IRQHandler
                0x00000000000002ee                TEMP_IRQHandler
                0x00000000000002ee                QDEC_IRQHandler
                0x00000000000002ee                TIMER3_IRQHandler
                0x00000000000002ee                PWM3_IRQHandler
                0x00000000000002ee                FPU_IRQHandler
                0x00000000000002ee                USBD_IRQHandler
                0x00000000000002ee                SPIM0_SPIS0_TWIM0_TWIS0_SPI0_TWI0_IRQHandler
                0x00000000000002ee                TIMER4_IRQHandler
                0x00000000000002ee                CRYPTOCELL_IRQHandler
                0x00000000000002ee                I2S_IRQHandler
                0x00000000000002ee                SWI4_EGU4_IRQHandler
                0x00000000000002ee                TIMER0_IRQHandler
                0x00000000000002ee                UARTE1_IRQHandler
                0x00000000000002ee                TIMER1_IRQHandler
                0x00000000000002ee                SPIM3_IRQHandler
                0x00000000000002ee                PWM2_IRQHandler
                0x00000000000002ee                ECB_IRQHandler
                0x00000000000002ee                SPIM1_SPIS1_TWIM1_TWIS1_SPI1_TWI1_IRQHandler
                0x00000000000002ee                Default_Handler
                0x00000000000002ee                SAADC_IRQHandler
                0x00000000000002ee                CCM_AAR_IRQHandler
                0x00000000000002ee                WDT_IRQHandler
                0x00000000000002ee                SWI5_EGU5_IRQHandler
                0x00000000000002ee                RNG_IRQHandler
                0x00000000000002ee                RTC2_IRQHandler
                0x00000000000002ee                PWM0_IRQHandler
                0x00000000000002ee                SWI3_EGU3_IRQHandler
                0x00000000000002ee                SWI1_EGU1_IRQHandler
                0x00000000000002ee                SPIM2_SPIS2_SPI2_IRQHandler
                0x00000000000002ee                NFCT_IRQHandler
                0x00000000000002ee                MWU_IRQHandler
                0x00000000000002ee                QSPI_IRQHandler
                0x00000000000002ee                COMP_LPCOMP_IRQHandler
 .text.bsp_board_init
                0x00000000000002f0       0x64 _build/nrf52840_xxaa/boards.c.o
                0x00000000000002f0                bsp_board_init
 .text.app_error_save_and_stop
                0x0000000000000354       0x60 _build/nrf52840_xxaa/app_error.c.o
                0x0000000000000354                app_error_save_and_stop
 .text.app_error_handler
                0x00000000000003b4       0x1c _build/nrf52840_xxaa/app_error_handler_gcc.c.o
                0x00000000000003b4                app_error_handler
 .text.app_error_fault_handler
                0x00000000000003d0       0x14 _build/nrf52840_xxaa/app_error_weak.c.o
                0x00000000000003d0                app_error_fault_handler
 .text.compare_func
                0x00000000000003e4       0x18 _build/nrf52840_xxaa/app_timer2.c.o
 .text.rtc_irq  0x00000000000003fc      0x37c _build/nrf52840_xxaa/app_timer2.c.o
 .text.app_timer_init
                0x0000000000000778       0x6c _build/nrf52840_xxaa/app_timer2.c.o
                0x0000000000000778                app_timer_init
 .text.app_timer_create
                0x00000000000007e4       0x40 _build/nrf52840_xxaa/app_timer2.c.o
                0x00000000000007e4                app_timer_create
 .text.app_timer_start
                0x0000000000000824       0xa0 _build/nrf52840_xxaa/app_timer2.c.o
                0x0000000000000824                app_timer_start
 .text.app_timer_stop
                0x00000000000008c4       0x54 _build/nrf52840_xxaa/app_timer2.c.o
                0x00000000000008c4                app_timer_stop
 .text.app_util_critical_region_enter
                0x0000000000000918       0x34 _build/nrf52840_xxaa/app_util_platform.c.o
                0x0000000000000918                app_util_critical_region_enter
 .text.app_util_critical_region_exit
                0x000000000000094c       0x34 _build/nrf52840_xxaa/app_util_platform.c.o
                0x000000000000094c                app_util_critical_region_exit
 .text.drv_rtc_init
                0x0000000000000980       0xec _build/nrf52840_xxaa/drv_rtc.c.o
                0x0000000000000980                drv_rtc_init
 .text.drv_rtc_start
                0x0000000000000a6c       0x24 _build/nrf52840_xxaa/drv_rtc.c.o
                0x0000000000000a6c                drv_rtc_start
 .text.drv_rtc_stop
                0x0000000000000a90       0x24 _build/nrf52840_xxaa/drv_rtc.c.o
                0x0000000000000a90                drv_rtc_stop
 .text.drv_rtc_compare_set
                0x0000000000000ab4       0x68 _build/nrf52840_xxaa/drv_rtc.c.o
                0x0000000000000ab4                drv_rtc_compare_set
 .text.drv_rtc_windowed_compare_set
                0x0000000000000b1c      0x12c _build/nrf52840_xxaa/drv_rtc.c.o
                0x0000000000000b1c                drv_rtc_windowed_compare_set
 .text.drv_rtc_overflow_enable
                0x0000000000000c48       0x28 _build/nrf52840_xxaa/drv_rtc.c.o
                0x0000000000000c48                drv_rtc_overflow_enable
 .text.drv_rtc_overflow_pending
                0x0000000000000c70       0x34 _build/nrf52840_xxaa/drv_rtc.c.o
                0x0000000000000c70                drv_rtc_overflow_pending
 .text.drv_rtc_compare_disable
                0x0000000000000ca4       0x2c _build/nrf52840_xxaa/drv_rtc.c.o
                0x0000000000000ca4                drv_rtc_compare_disable
 .text.drv_rtc_compare_pending
                0x0000000000000cd0       0x34 _build/nrf52840_xxaa/drv_rtc.c.o
                0x0000000000000cd0                drv_rtc_compare_pending
 .text.drv_rtc_counter_get
                0x0000000000000d04        0x8 _build/nrf52840_xxaa/drv_rtc.c.o
                0x0000000000000d04                drv_rtc_counter_get
 .text.drv_rtc_irq_trigger
                0x0000000000000d0c       0x20 _build/nrf52840_xxaa/drv_rtc.c.o
                0x0000000000000d0c                drv_rtc_irq_trigger
 .text.RTC1_IRQHandler
                0x0000000000000d2c       0x14 _build/nrf52840_xxaa/drv_rtc.c.o
                0x0000000000000d2c                RTC1_IRQHandler
 .text.HardFault_Handler
                0x0000000000000d40       0x34 _build/nrf52840_xxaa/hardfault_handler_gcc.c.o
                0x0000000000000d40                HardFault_Handler
 .text.HardFault_process
                0x0000000000000d74       0x24 _build/nrf52840_xxaa/hardfault_implementation.c.o
                0x0000000000000d74                HardFault_process
 .text.HardFault_c_handler
                0x0000000000000d98       0x20 _build/nrf52840_xxaa/hardfault_implementation.c.o
                0x0000000000000d98                HardFault_c_handler
 .text.assert_nrf_callback
                0x0000000000000db8       0x20 _build/nrf52840_xxaa/nrf_assert.c.o
                0x0000000000000db8                assert_nrf_callback
 .text.nrf_atfifo_init
                0x0000000000000dd8       0x30 _build/nrf52840_xxaa/nrf_atfifo.c.o
                0x0000000000000dd8                nrf_atfifo_init
 .text.nrf_atfifo_item_alloc
                0x0000000000000e08       0x5c _build/nrf52840_xxaa/nrf_atfifo.c.o
                0x0000000000000e08                nrf_atfifo_item_alloc
 .text.nrf_atfifo_item_put
                0x0000000000000e64       0x20 _build/nrf52840_xxaa/nrf_atfifo.c.o
                0x0000000000000e64                nrf_atfifo_item_put
 .text.nrf_atfifo_item_get
                0x0000000000000e84       0x60 _build/nrf52840_xxaa/nrf_atfifo.c.o
                0x0000000000000e84                nrf_atfifo_item_get
 .text.nrf_atfifo_item_free
                0x0000000000000ee4       0x20 _build/nrf52840_xxaa/nrf_atfifo.c.o
                0x0000000000000ee4                nrf_atfifo_item_free
 .text.nrf_atomic_u32_fetch_store
                0x0000000000000f04       0x1c _build/nrf52840_xxaa/nrf_atomic.c.o
                0x0000000000000f04                nrf_atomic_u32_fetch_store
 .text.queue_write
                0x0000000000000f20       0xdc _build/nrf52840_xxaa/nrf_queue.c.o
 .text.nrf_queue_in
                0x0000000000000ffc       0x8c _build/nrf52840_xxaa/nrf_queue.c.o
                0x0000000000000ffc                nrf_queue_in
 .text.nrf_queue_out
                0x0000000000001088       0xc8 _build/nrf52840_xxaa/nrf_queue.c.o
                0x0000000000001088                nrf_queue_out
 .text.nrf_queue_reset
                0x0000000000001150       0x30 _build/nrf52840_xxaa/nrf_queue.c.o
                0x0000000000001150                nrf_queue_reset
 .text.nrf_queue_is_empty
                0x0000000000001180       0x28 _build/nrf52840_xxaa/nrf_queue.c.o
                0x0000000000001180                nrf_queue_is_empty
 .text.serial_timeout_handler
                0x00000000000011a8        0x8 _build/nrf52840_xxaa/nrf_serial.c.o
 .text.uart_event_handler
                0x00000000000011b0       0xf4 _build/nrf52840_xxaa/nrf_serial.c.o
 .text.nrf_serial_init
                0x00000000000012a4      0x144 _build/nrf52840_xxaa/nrf_serial.c.o
                0x00000000000012a4                nrf_serial_init
 .text.nrf_serial_write
                0x00000000000013e8      0x25c _build/nrf52840_xxaa/nrf_serial.c.o
                0x00000000000013e8                nrf_serial_write
 .text.nrf_serial_read
                0x0000000000001644      0x254 _build/nrf52840_xxaa/nrf_serial.c.o
                0x0000000000001644                nrf_serial_read
 .text.nrf_serial_flush
                0x0000000000001898      0x184 _build/nrf52840_xxaa/nrf_serial.c.o
                0x0000000000001898                nrf_serial_flush
 .text.nrf_sortlist_add
                0x0000000000001a1c       0x44 _build/nrf52840_xxaa/nrf_sortlist.c.o
                0x0000000000001a1c                nrf_sortlist_add
 .text.nrf_sortlist_pop
                0x0000000000001a60       0x20 _build/nrf52840_xxaa/nrf_sortlist.c.o
                0x0000000000001a60                nrf_sortlist_pop
 .text.nrf_sortlist_peek
                0x0000000000001a80       0x20 _build/nrf52840_xxaa/nrf_sortlist.c.o
                0x0000000000001a80                nrf_sortlist_peek
 .text.nrf_sortlist_remove
                0x0000000000001aa0       0x48 _build/nrf52840_xxaa/nrf_sortlist.c.o
                0x0000000000001aa0                nrf_sortlist_remove
 .text.clock_irq_handler
                0x0000000000001ae8       0x44 _build/nrf52840_xxaa/nrf_drv_clock.c.o
 .text.nrf_drv_clock_init
                0x0000000000001b2c       0x38 _build/nrf52840_xxaa/nrf_drv_clock.c.o
                0x0000000000001b2c                nrf_drv_clock_init
 .text.nrf_drv_clock_lfclk_request
                0x0000000000001b64       0x80 _build/nrf52840_xxaa/nrf_drv_clock.c.o
                0x0000000000001b64                nrf_drv_clock_lfclk_request
 .text.nrf_drv_power_init
                0x0000000000001be4       0x28 _build/nrf52840_xxaa/nrf_drv_power.c.o
                0x0000000000001be4                nrf_drv_power_init
 .text.uarte_evt_handler
                0x0000000000001c0c       0x34 _build/nrf52840_xxaa/nrf_drv_uart.c.o
 .text.uart_evt_handler
                0x0000000000001c40       0x34 _build/nrf52840_xxaa/nrf_drv_uart.c.o
 .text.nrf_drv_uart_init
                0x0000000000001c74       0xa0 _build/nrf52840_xxaa/nrf_drv_uart.c.o
                0x0000000000001c74                nrf_drv_uart_init
 .text.nrfx_clock_init
                0x0000000000001d14       0x2c _build/nrf52840_xxaa/nrfx_clock.c.o
                0x0000000000001d14                nrfx_clock_init
 .text.nrfx_clock_enable
                0x0000000000001d40       0x4c _build/nrf52840_xxaa/nrfx_clock.c.o
                0x0000000000001d40                nrfx_clock_enable
 .text.nrfx_clock_lfclk_start
                0x0000000000001d8c       0x44 _build/nrf52840_xxaa/nrfx_clock.c.o
                0x0000000000001d8c                nrfx_clock_lfclk_start
 .text.nrfx_clock_irq_handler
                0x0000000000001dd0       0x6c _build/nrf52840_xxaa/nrfx_clock.c.o
                0x0000000000001dd0                nrfx_clock_irq_handler
 .text.GPIOTE_IRQHandler
                0x0000000000001e3c      0x654 _build/nrf52840_xxaa/nrfx_gpiote.c.o
                0x0000000000001e3c                GPIOTE_IRQHandler
 .text.nrfx_power_init
                0x0000000000002490       0x5c _build/nrf52840_xxaa/nrfx_power.c.o
                0x0000000000002490                nrfx_power_init
 .text.nrfx_power_irq_handler
                0x00000000000024ec      0x14c _build/nrf52840_xxaa/nrfx_power.c.o
                0x00000000000024ec                nrfx_power_irq_handler
 .text.POWER_CLOCK_IRQHandler
                0x0000000000002638       0x10 _build/nrf52840_xxaa/nrfx_power.c.o
                0x0000000000002638                POWER_CLOCK_IRQHandler
 .text.UARTE0_UART0_IRQHandler
                0x0000000000002648       0x28 _build/nrf52840_xxaa/nrfx_prs.c.o
                0x0000000000002648                UARTE0_UART0_IRQHandler
 .text.nrfx_prs_acquire
                0x0000000000002670       0x50 _build/nrf52840_xxaa/nrfx_prs.c.o
                0x0000000000002670                nrfx_prs_acquire
 .text.nrfx_uart_0_irq_handler
                0x00000000000026c0      0x1c4 _build/nrf52840_xxaa/nrfx_uart.c.o
                0x00000000000026c0                nrfx_uart_0_irq_handler
 .text.nrfx_uart_init
                0x0000000000002884      0x2c0 _build/nrf52840_xxaa/nrfx_uart.c.o
                0x0000000000002884                nrfx_uart_init
 .text.nrfx_uart_tx
                0x0000000000002b44      0x120 _build/nrf52840_xxaa/nrfx_uart.c.o
                0x0000000000002b44                nrfx_uart_tx
 .text.nrfx_uart_tx_in_progress
                0x0000000000002c64       0x18 _build/nrf52840_xxaa/nrfx_uart.c.o
                0x0000000000002c64                nrfx_uart_tx_in_progress
 .text.nrfx_uart_rx
                0x0000000000002c7c      0x19c _build/nrf52840_xxaa/nrfx_uart.c.o
                0x0000000000002c7c                nrfx_uart_rx
 .text.nrfx_uart_rx_ready
                0x0000000000002e18       0x10 _build/nrf52840_xxaa/nrfx_uart.c.o
                0x0000000000002e18                nrfx_uart_rx_ready
 .text.nrfx_uart_rx_enable
                0x0000000000002e28       0x4c _build/nrf52840_xxaa/nrfx_uart.c.o
                0x0000000000002e28                nrfx_uart_rx_enable
 .text.nrfx_uart_rx_abort
                0x0000000000002e74       0x14 _build/nrf52840_xxaa/nrfx_uart.c.o
                0x0000000000002e74                nrfx_uart_rx_abort
 .text.nrfx_uarte_0_irq_handler
                0x0000000000002e88      0x168 _build/nrf52840_xxaa/nrfx_uarte.c.o
                0x0000000000002e88                nrfx_uarte_0_irq_handler
 .text.nrfx_uarte_init
                0x0000000000002ff0      0x2ec _build/nrf52840_xxaa/nrfx_uarte.c.o
                0x0000000000002ff0                nrfx_uarte_init
 .text.nrfx_uarte_tx
                0x00000000000032dc      0x120 _build/nrf52840_xxaa/nrfx_uarte.c.o
                0x00000000000032dc                nrfx_uarte_tx
 .text.nrfx_uarte_tx_in_progress
                0x00000000000033fc       0x1c _build/nrf52840_xxaa/nrfx_uarte.c.o
                0x00000000000033fc                nrfx_uarte_tx_in_progress
 .text.nrfx_uarte_rx
                0x0000000000003418      0x1ac _build/nrf52840_xxaa/nrfx_uarte.c.o
                0x0000000000003418                nrfx_uarte_rx
 .text.nrfx_uarte_rx_ready
                0x00000000000035c4       0x10 _build/nrf52840_xxaa/nrfx_uarte.c.o
                0x00000000000035c4                nrfx_uarte_rx_ready
 .text.nrfx_uarte_rx_abort
                0x00000000000035d4       0x2c _build/nrf52840_xxaa/nrfx_uarte.c.o
                0x00000000000035d4                nrfx_uarte_rx_abort
 .text.sleep_handler
                0x0000000000003600        0x8 _build/nrf52840_xxaa/main.c.o
 .text.startup.main
                0x0000000000003608       0xcc _build/nrf52840_xxaa/main.c.o
                0x0000000000003608                main
 .text.SystemInit
                0x00000000000036d4      0x1c4 _build/nrf52840_xxaa/system_nrf52840.c.o
                0x00000000000036d4                SystemInit
 .text.exit     0x0000000000003898       0x28 /usr/local/gcc-arm-none-eabi-9-2019-q4-major/bin/../lib/gcc/arm-none-eabi/9.2.1/../../../../arm-none-eabi/lib/thumb/v7e-m+fp/hard/libc_nano.a(lib_a-exit.o)
                0x0000000000003898                exit
 .text.__libc_init_array
                0x00000000000038c0       0x48 /usr/local/gcc-arm-none-eabi-9-2019-q4-major/bin/../lib/gcc/arm-none-eabi/9.2.1/../../../../arm-none-eabi/lib/thumb/v7e-m+fp/hard/libc_nano.a(lib_a-init.o)
                0x00000000000038c0                __libc_init_array
 .text.memcpy   0x0000000000003908       0x1c /usr/local/gcc-arm-none-eabi-9-2019-q4-major/bin/../lib/gcc/arm-none-eabi/9.2.1/../../../../arm-none-eabi/lib/thumb/v7e-m+fp/hard/libc_nano.a(lib_a-memcpy-stub.o)
                0x0000000000003908                memcpy
 .text.memset   0x0000000000003924       0x10 /usr/local/gcc-arm-none-eabi-9-2019-q4-major/bin/../lib/gcc/arm-none-eabi/9.2.1/../../../../arm-none-eabi/lib/thumb/v7e-m+fp/hard/libc_nano.a(lib_a-memset.o)
                0x0000000000003924                memset
 .text          0x0000000000003934       0x10 /usr/local/gcc-arm-none-eabi-9-2019-q4-major/bin/../lib/gcc/arm-none-eabi/9.2.1/../../../../arm-none-eabi/lib/thumb/v7e-m+fp/hard/libc_nano.a(lib_a-strlen.o)
                0x0000000000003934                strlen
 .text._exit    0x0000000000003944        0x4 /usr/local/gcc-arm-none-eabi-9-2019-q4-major/bin/../lib/gcc/arm-none-eabi/9.2.1/../../../../arm-none-eabi/lib/thumb/v7e-m+fp/hard/libnosys.a(_exit.o)
                0x0000000000003944                _exit
 .text          0x0000000000003948       0x30 /usr/local/gcc-arm-none-eabi-9-2019-q4-major/bin/../lib/gcc/arm-none-eabi/9.2.1/thumb/v7e-m+fp/hard/libgcc.a(_aeabi_uldivmod.o)
                0x0000000000003948                __aeabi_uldivmod
 .text          0x0000000000003978      0x2c4 /usr/local/gcc-arm-none-eabi-9-2019-q4-major/bin/../lib/gcc/arm-none-eabi/9.2.1/thumb/v7e-m+fp/hard/libgcc.a(_udivmoddi4.o)
                0x0000000000003978                __udivmoddi4
 .text          0x0000000000003c3c        0x4 /usr/local/gcc-arm-none-eabi-9-2019-q4-major/bin/../lib/gcc/arm-none-eabi/9.2.1/thumb/v7e-m+fp/hard/libgcc.a(_dvmd_tls.o)
                0x0000000000003c3c                __aeabi_ldiv0
                0x0000000000003c3c                __aeabi_idiv0
 *(.init)
 .init          0x0000000000003c40        0x4 /usr/local/gcc-arm-none-eabi-9-2019-q4-major/bin/../lib/gcc/arm-none-eabi/9.2.1/thumb/v7e-m+fp/hard/crti.o
                0x0000000000003c40                _init
 .init          0x0000000000003c44        0x8 /usr/local/gcc-arm-none-eabi-9-2019-q4-major/bin/../lib/gcc/arm-none-eabi/9.2.1/thumb/v7e-m+fp/hard/crtn.o
 *(.fini)
 .fini          0x0000000000003c4c        0x4 /usr/local/gcc-arm-none-eabi-9-2019-q4-major/bin/../lib/gcc/arm-none-eabi/9.2.1/thumb/v7e-m+fp/hard/crti.o
                0x0000000000003c4c                _fini
 .fini          0x0000000000003c50        0x8 /usr/local/gcc-arm-none-eabi-9-2019-q4-major/bin/../lib/gcc/arm-none-eabi/9.2.1/thumb/v7e-m+fp/hard/crtn.o
 *crtbegin.o(.ctors)
 *crtbegin?.o(.ctors)
 *(EXCLUDE_FILE(*crtend.o *crtend?.o) .ctors)
 *(SORT_BY_NAME(.ctors.*))
 *(.ctors)
 *crtbegin.o(.dtors)
 *crtbegin?.o(.dtors)
 *(EXCLUDE_FILE(*crtend.o *crtend?.o) .dtors)
 *(SORT_BY_NAME(.dtors.*))
 *(.dtors)
 *(.rodata*)
 .rodata.rtc_irq.str1.4
                0x0000000000003c58       0x3a _build/nrf52840_xxaa/app_timer2.c.o
 *fill*         0x0000000000003c92        0x2 
 .rodata        0x0000000000003c94        0x4 _build/nrf52840_xxaa/app_timer2.c.o
 .rodata.m_app_timer_sortlist
                0x0000000000003c98        0xc _build/nrf52840_xxaa/app_timer2.c.o
 .rodata.app_util_critical_region_enter.str1.4
                0x0000000000003ca4       0x40 _build/nrf52840_xxaa/app_util_platform.c.o
 .rodata.drv_rtc_init.str1.4
                0x0000000000003ce4       0x97 _build/nrf52840_xxaa/drv_rtc.c.o
 *fill*         0x0000000000003d7b        0x5 
 .rodata.delay_machine_code.8277
                0x0000000000003d80        0x6 _build/nrf52840_xxaa/drv_rtc.c.o
 *fill*         0x0000000000003d86        0x2 
 .rodata.queue_write.str1.4
                0x0000000000003d88       0x39 _build/nrf52840_xxaa/nrf_queue.c.o
 *fill*         0x0000000000003dc1        0x3 
 .rodata.uart_event_handler.str1.4
                0x0000000000003dc4       0x3b _build/nrf52840_xxaa/nrf_serial.c.o
 *fill*         0x0000000000003dff        0x1 
 .rodata.nrf_serial_init.str1.4
                0x0000000000003e00       0x39 _build/nrf52840_xxaa/nrf_serial.c.o
 *fill*         0x0000000000003e39        0x3 
 .rodata.nrf_serial_uninit.str1.4
                0x0000000000003e3c       0x37 _build/nrf52840_xxaa/nrf_serial.c.o
 *fill*         0x0000000000003e73        0x1 
 .rodata.nrf_sortlist_add.str1.4
                0x0000000000003e74       0x3f _build/nrf52840_xxaa/nrf_sortlist.c.o
 *fill*         0x0000000000003eb3        0x1 
 .rodata.nrf_drv_clock_uninit.str1.4
                0x0000000000003eb4       0x3a _build/nrf52840_xxaa/nrf_drv_clock.c.o
 *fill*         0x0000000000003eee        0x2 
 .rodata.m_drv_power_config_default
                0x0000000000003ef0        0x1 _build/nrf52840_xxaa/nrf_drv_power.c.o
 *fill*         0x0000000000003ef1        0x3 
 .rodata.nrf_drv_uart_init.str1.4
                0x0000000000003ef4       0x39 _build/nrf52840_xxaa/nrf_drv_uart.c.o
 *fill*         0x0000000000003f2d        0x3 
 .rodata.nrfx_clock_init.str1.4
                0x0000000000003f30       0x38 _build/nrf52840_xxaa/nrfx_clock.c.o
 .rodata.nrfx_gpiote_out_init.str1.4
                0x0000000000003f68       0x6a _build/nrf52840_xxaa/nrfx_gpiote.c.o
 *fill*         0x0000000000003fd2        0x2 
 .rodata.nrfx_power_init.str1.4
                0x0000000000003fd4       0x38 _build/nrf52840_xxaa/nrfx_power.c.o
 .rodata.UARTE0_UART0_IRQHandler.str1.4
                0x000000000000400c       0x3a _build/nrf52840_xxaa/nrfx_prs.c.o
 *fill*         0x0000000000004046        0x2 
 .rodata.nrfx_uart_init.str1.4
                0x0000000000004048       0x37 _build/nrf52840_xxaa/nrfx_uart.c.o
                                         0x97 (size before relaxing)
 *fill*         0x000000000000407f        0x1 
 .rodata.nrfx_uarte_init.str1.4
                0x0000000000004080       0x38 _build/nrf52840_xxaa/nrfx_uarte.c.o
                                         0x97 (size before relaxing)
 .rodata.main.str1.4
                0x00000000000040b8       0x10 _build/nrf52840_xxaa/main.c.o
 .rodata.m_uart0_drv_config
                0x00000000000040c8       0x20 _build/nrf52840_xxaa/main.c.o
 .rodata.serial_buffs
                0x00000000000040e8        0xc _build/nrf52840_xxaa/main.c.o
 .rodata.serial_config
                0x00000000000040f4       0x14 _build/nrf52840_xxaa/main.c.o
 .rodata.serial_queues
                0x0000000000004108        0x8 _build/nrf52840_xxaa/main.c.o
 .rodata.serial_uart
                0x0000000000004110       0x20 _build/nrf52840_xxaa/main.c.o
 .rodata.serial_uart_rx_timer
                0x0000000000004130        0x4 _build/nrf52840_xxaa/main.c.o
 .rodata.serial_uart_tx_timer
                0x0000000000004134        0x4 _build/nrf52840_xxaa/main.c.o
 .rodata._global_impure_ptr
                0x0000000000004138        0x4 /usr/local/gcc-arm-none-eabi-9-2019-q4-major/bin/../lib/gcc/arm-none-eabi/9.2.1/../../../../arm-none-eabi/lib/thumb/v7e-m+fp/hard/libc_nano.a(lib_a-impure.o)
                0x0000000000004138                _global_impure_ptr
 *(.eh_frame*)
 .eh_frame      0x000000000000413c        0x0 /usr/local/gcc-arm-none-eabi-9-2019-q4-major/bin/../lib/gcc/arm-none-eabi/9.2.1/thumb/v7e-m+fp/hard/crtbegin.o
 .eh_frame      0x000000000000413c        0x4 /usr/local/gcc-arm-none-eabi-9-2019-q4-major/bin/../lib/gcc/arm-none-eabi/9.2.1/thumb/v7e-m+fp/hard/crtend.o

.glue_7         0x0000000000004140        0x0
 .glue_7        0x0000000000004140        0x0 linker stubs

.glue_7t        0x0000000000004140        0x0
 .glue_7t       0x0000000000004140        0x0 linker stubs

.vfp11_veneer   0x0000000000004140        0x0
 .vfp11_veneer  0x0000000000004140        0x0 linker stubs

.v4_bx          0x0000000000004140        0x0
 .v4_bx         0x0000000000004140        0x0 linker stubs

.iplt           0x0000000000004140        0x0
 .iplt          0x0000000000004140        0x0 /usr/local/gcc-arm-none-eabi-9-2019-q4-major/bin/../lib/gcc/arm-none-eabi/9.2.1/thumb/v7e-m+fp/hard/crtbegin.o

.mem_section_dummy_rom

.nrf_queue      0x0000000000004140       0x28
                [!provide]                        PROVIDE (__start_nrf_queue = .)
 *(.nrf_queue)
 .nrf_queue     0x0000000000004140       0x28 _build/nrf52840_xxaa/main.c.o
                0x0000000000004140                serial_queues_txq
                0x0000000000004154                serial_queues_rxq
                [!provide]                        PROVIDE (__stop_nrf_queue = .)

.log_const_data
                0x0000000000004168        0x0
                [!provide]                        PROVIDE (__start_log_const_data = .)
 *(SORT_BY_NAME(.log_const_data*))
                [!provide]                        PROVIDE (__stop_log_const_data = .)

.log_backends   0x0000000000004168        0x0
                [!provide]                        PROVIDE (__start_log_backends = .)
 *(SORT_BY_NAME(.log_backends*))
                [!provide]                        PROVIDE (__stop_log_backends = .)

.nrf_balloc     0x0000000000004168        0x0
                [!provide]                        PROVIDE (__start_nrf_balloc = .)
 *(.nrf_balloc)
                [!provide]                        PROVIDE (__stop_nrf_balloc = .)

.ARM.extab
 *(.ARM.extab* .gnu.linkonce.armextab.*)
                0x0000000000004168                __exidx_start = .

.ARM.exidx      0x0000000000004168        0x8
 *(.ARM.exidx* .gnu.linkonce.armexidx.*)
 .ARM.exidx     0x0000000000004168        0x8 /usr/local/gcc-arm-none-eabi-9-2019-q4-major/bin/../lib/gcc/arm-none-eabi/9.2.1/../../../../arm-none-eabi/lib/thumb/v7e-m+fp/hard/crt0.o
 .ARM.exidx     0x0000000000004170        0x0 /usr/local/gcc-arm-none-eabi-9-2019-q4-major/bin/../lib/gcc/arm-none-eabi/9.2.1/thumb/v7e-m+fp/hard/libgcc.a(_udivmoddi4.o)
                                          0x8 (size before relaxing)
                0x0000000000004170                __exidx_end = .
                0x0000000000004170                __etext = .

.rel.dyn        0x0000000000004170        0x0
 .rel.iplt      0x0000000000004170        0x0 /usr/local/gcc-arm-none-eabi-9-2019-q4-major/bin/../lib/gcc/arm-none-eabi/9.2.1/thumb/v7e-m+fp/hard/crtbegin.o

.data           0x0000000020000000       0x88 load address 0x0000000000004170
                0x0000000020000000                __data_start__ = .
 *(vtable)
 *(.data*)
 .data.m_rtc_inst
                0x0000000020000000        0x8 _build/nrf52840_xxaa/app_timer2.c.o
 .data.tx_message.10713
                0x0000000020000008       0x14 _build/nrf52840_xxaa/main.c.o
 .data.SystemCoreClock
                0x000000002000001c        0x4 _build/nrf52840_xxaa/system_nrf52840.c.o
                0x000000002000001c                SystemCoreClock
 .data.impure_data
                0x0000000020000020       0x60 /usr/local/gcc-arm-none-eabi-9-2019-q4-major/bin/../lib/gcc/arm-none-eabi/9.2.1/../../../../arm-none-eabi/lib/thumb/v7e-m+fp/hard/libc_nano.a(lib_a-impure.o)
                0x0000000020000080                . = ALIGN (0x4)
                0x0000000020000080                PROVIDE (__preinit_array_start = .)
 *(.preinit_array)
                0x0000000020000080                PROVIDE (__preinit_array_end = .)
                0x0000000020000080                . = ALIGN (0x4)
                0x0000000020000080                PROVIDE (__init_array_start = .)
 *(SORT_BY_NAME(.init_array.*))
 *(.init_array)
 .init_array    0x0000000020000080        0x4 /usr/local/gcc-arm-none-eabi-9-2019-q4-major/bin/../lib/gcc/arm-none-eabi/9.2.1/thumb/v7e-m+fp/hard/crtbegin.o
                0x0000000020000084                PROVIDE (__init_array_end = .)
                0x0000000020000084                . = ALIGN (0x4)
                [!provide]                        PROVIDE (__fini_array_start = .)
 *(SORT_BY_NAME(.fini_array.*))
 *(.fini_array)
 .fini_array    0x0000000020000084        0x4 /usr/local/gcc-arm-none-eabi-9-2019-q4-major/bin/../lib/gcc/arm-none-eabi/9.2.1/thumb/v7e-m+fp/hard/crtbegin.o
                [!provide]                        PROVIDE (__fini_array_end = .)
 *(.jcr*)
                0x0000000020000088                . = ALIGN (0x4)
                0x0000000020000088                __data_end__ = .
LOAD /usr/local/gcc-arm-none-eabi-9-2019-q4-major/bin/../lib/gcc/arm-none-eabi/9.2.1/thumb/v7e-m+fp/hard/crti.o
LOAD /usr/local/gcc-arm-none-eabi-9-2019-q4-major/bin/../lib/gcc/arm-none-eabi/9.2.1/thumb/v7e-m+fp/hard/crtbegin.o
LOAD /usr/local/gcc-arm-none-eabi-9-2019-q4-major/bin/../lib/gcc/arm-none-eabi/9.2.1/../../../../arm-none-eabi/lib/thumb/v7e-m+fp/hard/crt0.o
LOAD _build/nrf52840_xxaa/gcc_startup_nrf52840.S.o
LOAD _build/nrf52840_xxaa/nrf_log_frontend.c.o
LOAD _build/nrf52840_xxaa/nrf_log_str_formatter.c.o
LOAD _build/nrf52840_xxaa/boards.c.o
LOAD _build/nrf52840_xxaa/app_button.c.o
LOAD _build/nrf52840_xxaa/app_error.c.o
LOAD _build/nrf52840_xxaa/app_error_handler_gcc.c.o
LOAD _build/nrf52840_xxaa/app_error_weak.c.o
LOAD _build/nrf52840_xxaa/app_scheduler.c.o
LOAD _build/nrf52840_xxaa/app_timer2.c.o
LOAD _build/nrf52840_xxaa/app_util_platform.c.o
LOAD _build/nrf52840_xxaa/drv_rtc.c.o
LOAD _build/nrf52840_xxaa/hardfault_handler_gcc.c.o
LOAD _build/nrf52840_xxaa/hardfault_implementation.c.o
LOAD _build/nrf52840_xxaa/nrf_assert.c.o
LOAD _build/nrf52840_xxaa/nrf_atfifo.c.o
LOAD _build/nrf52840_xxaa/nrf_atomic.c.o
LOAD _build/nrf52840_xxaa/nrf_balloc.c.o
LOAD _build/nrf52840_xxaa/nrf_fprintf.c.o
LOAD _build/nrf52840_xxaa/nrf_fprintf_format.c.o
LOAD _build/nrf52840_xxaa/nrf_memobj.c.o
LOAD _build/nrf52840_xxaa/nrf_queue.c.o
LOAD _build/nrf52840_xxaa/nrf_ringbuf.c.o
LOAD _build/nrf52840_xxaa/nrf_serial.c.o
LOAD _build/nrf52840_xxaa/nrf_sortlist.c.o
LOAD _build/nrf52840_xxaa/nrf_strerror.c.o
LOAD _build/nrf52840_xxaa/nrf_drv_clock.c.o
LOAD _build/nrf52840_xxaa/nrf_drv_power.c.o
LOAD _build/nrf52840_xxaa/nrf_drv_uart.c.o
LOAD _build/nrf52840_xxaa/nrf_nvic.c.o
LOAD _build/nrf52840_xxaa/nrf_soc.c.o
LOAD _build/nrf52840_xxaa/nrfx_atomic.c.o
LOAD _build/nrf52840_xxaa/nrfx_clock.c.o
LOAD _build/nrf52840_xxaa/nrfx_gpiote.c.o
LOAD _build/nrf52840_xxaa/nrfx_power.c.o
LOAD _build/nrf52840_xxaa/nrfx_prs.c.o
LOAD _build/nrf52840_xxaa/nrfx_uart.c.o
LOAD _build/nrf52840_xxaa/nrfx_uarte.c.o
LOAD _build/nrf52840_xxaa/bsp.c.o
LOAD _build/nrf52840_xxaa/main.c.o
LOAD _build/nrf52840_xxaa/system_nrf52840.c.o
LOAD /usr/local/gcc-arm-none-eabi-9-2019-q4-major/bin/../lib/gcc/arm-none-eabi/9.2.1/../../../../arm-none-eabi/lib/thumb/v7e-m+fp/hard/libc_nano.a
LOAD /usr/local/gcc-arm-none-eabi-9-2019-q4-major/bin/../lib/gcc/arm-none-eabi/9.2.1/../../../../arm-none-eabi/lib/thumb/v7e-m+fp/hard/libnosys.a
LOAD /usr/local/gcc-arm-none-eabi-9-2019-q4-major/bin/../lib/gcc/arm-none-eabi/9.2.1/../../../../arm-none-eabi/lib/thumb/v7e-m+fp/hard/libm.a
START GROUP
LOAD /usr/local/gcc-arm-none-eabi-9-2019-q4-major/bin/../lib/gcc/arm-none-eabi/9.2.1/thumb/v7e-m+fp/hard/libgcc.a
LOAD /usr/local/gcc-arm-none-eabi-9-2019-q4-major/bin/../lib/gcc/arm-none-eabi/9.2.1/../../../../arm-none-eabi/lib/thumb/v7e-m+fp/hard/libg_nano.a
LOAD /usr/local/gcc-arm-none-eabi-9-2019-q4-major/bin/../lib/gcc/arm-none-eabi/9.2.1/../../../../arm-none-eabi/lib/thumb/v7e-m+fp/hard/libc_nano.a
END GROUP
START GROUP
LOAD /usr/local/gcc-arm-none-eabi-9-2019-q4-major/bin/../lib/gcc/arm-none-eabi/9.2.1/thumb/v7e-m+fp/hard/libgcc.a
LOAD /usr/local/gcc-arm-none-eabi-9-2019-q4-major/bin/../lib/gcc/arm-none-eabi/9.2.1/../../../../arm-none-eabi/lib/thumb/v7e-m+fp/hard/libc_nano.a
END GROUP
LOAD /usr/local/gcc-arm-none-eabi-9-2019-q4-major/bin/../lib/gcc/arm-none-eabi/9.2.1/thumb/v7e-m+fp/hard/crtend.o
LOAD /usr/local/gcc-arm-none-eabi-9-2019-q4-major/bin/../lib/gcc/arm-none-eabi/9.2.1/thumb/v7e-m+fp/hard/crtn.o
START GROUP
LOAD /usr/local/gcc-arm-none-eabi-9-2019-q4-major/bin/../lib/gcc/arm-none-eabi/9.2.1/thumb/v7e-m+fp/hard/libgcc.a
LOAD /usr/local/gcc-arm-none-eabi-9-2019-q4-major/bin/../lib/gcc/arm-none-eabi/9.2.1/../../../../arm-none-eabi/lib/thumb/v7e-m+fp/hard/libc.a
LOAD /usr/local/gcc-arm-none-eabi-9-2019-q4-major/bin/../lib/gcc/arm-none-eabi/9.2.1/../../../../arm-none-eabi/lib/thumb/v7e-m+fp/hard/libnosys.a
END GROUP

.igot.plt       0x0000000020000088        0x0 load address 0x00000000000041f8
 .igot.plt      0x0000000020000088        0x0 /usr/local/gcc-arm-none-eabi-9-2019-q4-major/bin/../lib/gcc/arm-none-eabi/9.2.1/thumb/v7e-m+fp/hard/crtbegin.o
                0x0000000020000088                . = ALIGN (0x4)

.mem_section_dummy_ram

.log_dynamic_data
                0x0000000020000088        0x0
                [!provide]                        PROVIDE (__start_log_dynamic_data = .)
 *(SORT_BY_NAME(.log_dynamic_data*))
                [!provide]                        PROVIDE (__stop_log_dynamic_data = .)

.log_filter_data
                0x0000000020000088        0x0
                [!provide]                        PROVIDE (__start_log_filter_data = .)
 *(SORT_BY_NAME(.log_filter_data*))
                [!provide]                        PROVIDE (__stop_log_filter_data = .)

.bss            0x0000000020000088      0x29c load address 0x00000000000041f8
                0x0000000020000088                . = ALIGN (0x4)
                0x0000000020000088                __bss_start__ = .
 *(.bss*)
 .bss           0x0000000020000088       0x1c /usr/local/gcc-arm-none-eabi-9-2019-q4-major/bin/../lib/gcc/arm-none-eabi/9.2.1/thumb/v7e-m+fp/hard/crtbegin.o
 .bss.m_error_data.8132
                0x00000000200000a4       0x20 _build/nrf52840_xxaa/app_error.c.o
 .bss.m_app_timer_sortlist_sortlist_cb
                0x00000000200000c4        0x4 _build/nrf52840_xxaa/app_timer2.c.o
 .bss.m_base_counter
                0x00000000200000c8        0x8 _build/nrf52840_xxaa/app_timer2.c.o
 .bss.m_global_active
                0x00000000200000d0        0x1 _build/nrf52840_xxaa/app_timer2.c.o
 *fill*         0x00000000200000d1        0x3 
 .bss.m_req_fifo_data
                0x00000000200000d4       0x58 _build/nrf52840_xxaa/app_timer2.c.o
 .bss.m_req_fifo_inst
                0x000000002000012c       0x10 _build/nrf52840_xxaa/app_timer2.c.o
 *fill*         0x000000002000013c        0x4 
 .bss.m_stamp64
                0x0000000020000140        0x8 _build/nrf52840_xxaa/app_timer2.c.o
 .bss.mp_active_timer
                0x0000000020000148        0x4 _build/nrf52840_xxaa/app_timer2.c.o
 .bss.m_in_critical_region
                0x000000002000014c        0x4 _build/nrf52840_xxaa/app_util_platform.c.o
 .bss.m_cb      0x0000000020000150        0x8 _build/nrf52840_xxaa/drv_rtc.c.o
 .bss.m_handlers
                0x0000000020000158        0x4 _build/nrf52840_xxaa/drv_rtc.c.o
 .bss.m_clock_cb
                0x000000002000015c       0x14 _build/nrf52840_xxaa/nrf_drv_clock.c.o
 .bss.m_initialized
                0x0000000020000170        0x1 _build/nrf52840_xxaa/nrf_drv_power.c.o
 *fill*         0x0000000020000171        0x3 
 .bss.m_contexts
                0x0000000020000174        0x8 _build/nrf52840_xxaa/nrf_drv_uart.c.o
 .bss.m_handlers
                0x000000002000017c        0x8 _build/nrf52840_xxaa/nrf_drv_uart.c.o
 .bss.m_clock_cb
                0x0000000020000184        0x8 _build/nrf52840_xxaa/nrfx_clock.c.o
 *fill*         0x000000002000018c        0x4 
 .bss.m_cb      0x0000000020000190       0x6c _build/nrf52840_xxaa/nrfx_gpiote.c.o
 .bss.m_pofwarn_handler
                0x00000000200001fc        0x4 _build/nrf52840_xxaa/nrfx_power.c.o
 .bss.m_sleepevt_handler
                0x0000000020000200        0x4 _build/nrf52840_xxaa/nrfx_power.c.o
 .bss.m_usbevt_handler
                0x0000000020000204        0x4 _build/nrf52840_xxaa/nrfx_power.c.o
 .bss.m_prs_box_4
                0x0000000020000208        0x8 _build/nrf52840_xxaa/nrfx_prs.c.o
 .bss.m_cb      0x0000000020000210       0x2c _build/nrf52840_xxaa/nrfx_uart.c.o
 *fill*         0x000000002000023c        0x4 
 .bss.m_cb      0x0000000020000240       0x24 _build/nrf52840_xxaa/nrfx_uarte.c.o
 .bss.serial_buffs_rxb
                0x0000000020000264        0x1 _build/nrf52840_xxaa/main.c.o
 *fill*         0x0000000020000265        0x3 
 .bss.serial_buffs_txb
                0x0000000020000268        0x1 _build/nrf52840_xxaa/main.c.o
 *fill*         0x0000000020000269        0x3 
 .bss.serial_queues_rxq_nrf_queue_buffer
                0x000000002000026c       0x21 _build/nrf52840_xxaa/main.c.o
 *fill*         0x000000002000028d        0x3 
 .bss.serial_queues_rxq_nrf_queue_cb
                0x0000000020000290        0xc _build/nrf52840_xxaa/main.c.o
 .bss.serial_queues_txq_nrf_queue_buffer
                0x000000002000029c       0x21 _build/nrf52840_xxaa/main.c.o
 *fill*         0x00000000200002bd        0x3 
 .bss.serial_queues_txq_nrf_queue_cb
                0x00000000200002c0        0xc _build/nrf52840_xxaa/main.c.o
 .bss.serial_uart_ctx
                0x00000000200002cc       0x10 _build/nrf52840_xxaa/main.c.o
 *fill*         0x00000000200002dc        0x4 
 .bss.serial_uart_rx_timer_data
                0x00000000200002e0       0x20 _build/nrf52840_xxaa/main.c.o
 .bss.serial_uart_tx_timer_data
                0x0000000020000300       0x20 _build/nrf52840_xxaa/main.c.o
 *(COMMON)
 COMMON         0x0000000020000320        0x2 _build/nrf52840_xxaa/nrf_drv_uart.c.o
                0x0000000020000320                nrf_drv_uart_use_easy_dma
 COMMON         0x0000000020000322        0x1 _build/nrf52840_xxaa/nrfx_clock.c.o
                0x0000000020000322                nrfx_clock_irq_enabled
 COMMON         0x0000000020000323        0x1 _build/nrf52840_xxaa/nrfx_power.c.o
                0x0000000020000323                nrfx_power_irq_enabled
                0x0000000020000324                . = ALIGN (0x4)
                0x0000000020000324                __bss_end__ = .

.heap           0x0000000020000328     0x2000
                0x0000000020000328                __HeapBase = .
                0x0000000020000328                __end__ = .
                [!provide]                        PROVIDE (end = .)
 *(.heap*)
 .heap          0x0000000020000328     0x2000 _build/nrf52840_xxaa/gcc_startup_nrf52840.S.o
                0x0000000020002328                __HeapLimit = .

.stack_dummy    0x0000000020000328     0x2000
 *(.stack*)
 .stack         0x0000000020000328     0x2000 _build/nrf52840_xxaa/gcc_startup_nrf52840.S.o
                0x0000000020040000                __StackTop = (ORIGIN (RAM) + LENGTH (RAM))
                0x000000002003e000                __StackLimit = (__StackTop - SIZEOF (.stack_dummy))
                0x0000000020040000                PROVIDE (__stack = __StackTop)
                0x0000000000000001                ASSERT ((__StackLimit >= __HeapLimit), region RAM overflowed with stack)
                0x0000000000000088                DataInitFlashUsed = (__bss_start__ - __data_start__)
                0x0000000000004170                CodeFlashUsed = (__etext - ORIGIN (FLASH))
                0x00000000000041f8                TotalFlashUsed = (CodeFlashUsed + DataInitFlashUsed)
                0x0000000000000001                ASSERT ((TotalFlashUsed <= LENGTH (FLASH)), region FLASH overflowed with .data and user data)
OUTPUT(_build/nrf52840_xxaa.out elf32-littlearm)

.ARM.attributes
                0x0000000000000000       0x30
 .ARM.attributes
                0x0000000000000000       0x1e /usr/local/gcc-arm-none-eabi-9-2019-q4-major/bin/../lib/gcc/arm-none-eabi/9.2.1/thumb/v7e-m+fp/hard/crti.o
 .ARM.attributes
                0x000000000000001e       0x34 /usr/local/gcc-arm-none-eabi-9-2019-q4-major/bin/../lib/gcc/arm-none-eabi/9.2.1/thumb/v7e-m+fp/hard/crtbegin.o
 .ARM.attributes
                0x0000000000000052       0x1c /usr/local/gcc-arm-none-eabi-9-2019-q4-major/bin/../lib/gcc/arm-none-eabi/9.2.1/../../../../arm-none-eabi/lib/thumb/v7e-m+fp/hard/crt0.o
 .ARM.attributes
                0x000000000000006e       0x20 _build/nrf52840_xxaa/gcc_startup_nrf52840.S.o
 .ARM.attributes
                0x000000000000008e       0x34 _build/nrf52840_xxaa/boards.c.o
 .ARM.attributes
                0x00000000000000c2       0x34 _build/nrf52840_xxaa/app_error.c.o
 .ARM.attributes
                0x00000000000000f6       0x34 _build/nrf52840_xxaa/app_error_handler_gcc.c.o
 .ARM.attributes
                0x000000000000012a       0x34 _build/nrf52840_xxaa/app_error_weak.c.o
 .ARM.attributes
                0x000000000000015e       0x34 _build/nrf52840_xxaa/app_timer2.c.o
 .ARM.attributes
                0x0000000000000192       0x34 _build/nrf52840_xxaa/app_util_platform.c.o
 .ARM.attributes
                0x00000000000001c6       0x34 _build/nrf52840_xxaa/drv_rtc.c.o
 .ARM.attributes
                0x00000000000001fa       0x34 _build/nrf52840_xxaa/hardfault_handler_gcc.c.o
 .ARM.attributes
                0x000000000000022e       0x34 _build/nrf52840_xxaa/hardfault_implementation.c.o
 .ARM.attributes
                0x0000000000000262       0x34 _build/nrf52840_xxaa/nrf_assert.c.o
 .ARM.attributes
                0x0000000000000296       0x34 _build/nrf52840_xxaa/nrf_atfifo.c.o
 .ARM.attributes
                0x00000000000002ca       0x34 _build/nrf52840_xxaa/nrf_atomic.c.o
 .ARM.attributes
                0x00000000000002fe       0x34 _build/nrf52840_xxaa/nrf_queue.c.o
 .ARM.attributes
                0x0000000000000332       0x34 _build/nrf52840_xxaa/nrf_serial.c.o
 .ARM.attributes
                0x0000000000000366       0x34 _build/nrf52840_xxaa/nrf_sortlist.c.o
 .ARM.attributes
                0x000000000000039a       0x34 _build/nrf52840_xxaa/nrf_drv_clock.c.o
 .ARM.attributes
                0x00000000000003ce       0x34 _build/nrf52840_xxaa/nrf_drv_power.c.o
 .ARM.attributes
                0x0000000000000402       0x34 _build/nrf52840_xxaa/nrf_drv_uart.c.o
 .ARM.attributes
                0x0000000000000436       0x34 _build/nrf52840_xxaa/nrfx_clock.c.o
 .ARM.attributes
                0x000000000000046a       0x34 _build/nrf52840_xxaa/nrfx_gpiote.c.o
 .ARM.attributes
                0x000000000000049e       0x34 _build/nrf52840_xxaa/nrfx_power.c.o
 .ARM.attributes
                0x00000000000004d2       0x34 _build/nrf52840_xxaa/nrfx_prs.c.o
 .ARM.attributes
                0x0000000000000506       0x34 _build/nrf52840_xxaa/nrfx_uart.c.o
 .ARM.attributes
                0x000000000000053a       0x34 _build/nrf52840_xxaa/nrfx_uarte.c.o
 .ARM.attributes
                0x000000000000056e       0x34 _build/nrf52840_xxaa/main.c.o
 .ARM.attributes
                0x00000000000005a2       0x34 _build/nrf52840_xxaa/system_nrf52840.c.o
 .ARM.attributes
                0x00000000000005d6       0x34 /usr/local/gcc-arm-none-eabi-9-2019-q4-major/bin/../lib/gcc/arm-none-eabi/9.2.1/../../../../arm-none-eabi/lib/thumb/v7e-m+fp/hard/libc_nano.a(lib_a-exit.o)
 .ARM.attributes
                0x000000000000060a       0x32 /usr/local/gcc-arm-none-eabi-9-2019-q4-major/bin/../lib/gcc/arm-none-eabi/9.2.1/../../../../arm-none-eabi/lib/thumb/v7e-m+fp/hard/libc_nano.a(lib_a-impure.o)
 .ARM.attributes
                0x000000000000063c       0x34 /usr/local/gcc-arm-none-eabi-9-2019-q4-major/bin/../lib/gcc/arm-none-eabi/9.2.1/../../../../arm-none-eabi/lib/thumb/v7e-m+fp/hard/libc_nano.a(lib_a-init.o)
 .ARM.attributes
                0x0000000000000670       0x34 /usr/local/gcc-arm-none-eabi-9-2019-q4-major/bin/../lib/gcc/arm-none-eabi/9.2.1/../../../../arm-none-eabi/lib/thumb/v7e-m+fp/hard/libc_nano.a(lib_a-memcpy-stub.o)
 .ARM.attributes
                0x00000000000006a4       0x34 /usr/local/gcc-arm-none-eabi-9-2019-q4-major/bin/../lib/gcc/arm-none-eabi/9.2.1/../../../../arm-none-eabi/lib/thumb/v7e-m+fp/hard/libc_nano.a(lib_a-memset.o)
 .ARM.attributes
                0x00000000000006d8       0x17 /usr/local/gcc-arm-none-eabi-9-2019-q4-major/bin/../lib/gcc/arm-none-eabi/9.2.1/../../../../arm-none-eabi/lib/thumb/v7e-m+fp/hard/libc_nano.a(lib_a-strlen.o)
 .ARM.attributes
                0x00000000000006ef       0x34 /usr/local/gcc-arm-none-eabi-9-2019-q4-major/bin/../lib/gcc/arm-none-eabi/9.2.1/../../../../arm-none-eabi/lib/thumb/v7e-m+fp/hard/libnosys.a(_exit.o)
 .ARM.attributes
                0x0000000000000723       0x1e /usr/local/gcc-arm-none-eabi-9-2019-q4-major/bin/../lib/gcc/arm-none-eabi/9.2.1/thumb/v7e-m+fp/hard/libgcc.a(_aeabi_uldivmod.o)
 .ARM.attributes
                0x0000000000000741       0x34 /usr/local/gcc-arm-none-eabi-9-2019-q4-major/bin/../lib/gcc/arm-none-eabi/9.2.1/thumb/v7e-m+fp/hard/libgcc.a(_udivmoddi4.o)
 .ARM.attributes
                0x0000000000000775       0x1e /usr/local/gcc-arm-none-eabi-9-2019-q4-major/bin/../lib/gcc/arm-none-eabi/9.2.1/thumb/v7e-m+fp/hard/libgcc.a(_dvmd_tls.o)
 .ARM.attributes
                0x0000000000000793       0x32 /usr/local/gcc-arm-none-eabi-9-2019-q4-major/bin/../lib/gcc/arm-none-eabi/9.2.1/thumb/v7e-m+fp/hard/crtend.o
 .ARM.attributes
                0x00000000000007c5       0x1e /usr/local/gcc-arm-none-eabi-9-2019-q4-major/bin/../lib/gcc/arm-none-eabi/9.2.1/thumb/v7e-m+fp/hard/crtn.o

.comment        0x0000000000000000       0x79
 .comment       0x0000000000000000       0x79 _build/nrf52840_xxaa/boards.c.o
                                         0x7a (size before relaxing)
 .comment       0x0000000000000079       0x7a _build/nrf52840_xxaa/app_error.c.o
 .comment       0x0000000000000079       0x7a _build/nrf52840_xxaa/app_error_handler_gcc.c.o
 .comment       0x0000000000000079       0x7a _build/nrf52840_xxaa/app_error_weak.c.o
 .comment       0x0000000000000079       0x7a _build/nrf52840_xxaa/app_timer2.c.o
 .comment       0x0000000000000079       0x7a _build/nrf52840_xxaa/app_util_platform.c.o
 .comment       0x0000000000000079       0x7a _build/nrf52840_xxaa/drv_rtc.c.o
 .comment       0x0000000000000079       0x7a _build/nrf52840_xxaa/hardfault_handler_gcc.c.o
 .comment       0x0000000000000079       0x7a _build/nrf52840_xxaa/hardfault_implementation.c.o
 .comment       0x0000000000000079       0x7a _build/nrf52840_xxaa/nrf_assert.c.o
 .comment       0x0000000000000079       0x7a _build/nrf52840_xxaa/nrf_atfifo.c.o
 .comment       0x0000000000000079       0x7a _build/nrf52840_xxaa/nrf_atomic.c.o
 .comment       0x0000000000000079       0x7a _build/nrf52840_xxaa/nrf_queue.c.o
 .comment       0x0000000000000079       0x7a _build/nrf52840_xxaa/nrf_serial.c.o
 .comment       0x0000000000000079       0x7a _build/nrf52840_xxaa/nrf_sortlist.c.o
 .comment       0x0000000000000079       0x7a _build/nrf52840_xxaa/nrf_drv_clock.c.o
 .comment       0x0000000000000079       0x7a _build/nrf52840_xxaa/nrf_drv_power.c.o
 .comment       0x0000000000000079       0x7a _build/nrf52840_xxaa/nrf_drv_uart.c.o
 .comment       0x0000000000000079       0x7a _build/nrf52840_xxaa/nrfx_clock.c.o
 .comment       0x0000000000000079       0x7a _build/nrf52840_xxaa/nrfx_gpiote.c.o
 .comment       0x0000000000000079       0x7a _build/nrf52840_xxaa/nrfx_power.c.o
 .comment       0x0000000000000079       0x7a _build/nrf52840_xxaa/nrfx_prs.c.o
 .comment       0x0000000000000079       0x7a _build/nrf52840_xxaa/nrfx_uart.c.o
 .comment       0x0000000000000079       0x7a _build/nrf52840_xxaa/nrfx_uarte.c.o
 .comment       0x0000000000000079       0x7a _build/nrf52840_xxaa/main.c.o
 .comment       0x0000000000000079       0x7a _build/nrf52840_xxaa/system_nrf52840.c.o

.debug_line     0x0000000000000000    0x19c8e
 .debug_line    0x0000000000000000       0x89 _build/nrf52840_xxaa/gcc_startup_nrf52840.S.o
 .debug_line    0x0000000000000089     0x13a9 _build/nrf52840_xxaa/boards.c.o
 .debug_line    0x0000000000001432      0x5a4 _build/nrf52840_xxaa/app_error.c.o
 .debug_line    0x00000000000019d6      0x522 _build/nrf52840_xxaa/app_error_handler_gcc.c.o
 .debug_line    0x0000000000001ef8      0x6e6 _build/nrf52840_xxaa/app_error_weak.c.o
 .debug_line    0x00000000000025de     0x1251 _build/nrf52840_xxaa/app_timer2.c.o
 .debug_line    0x000000000000382f      0x73e _build/nrf52840_xxaa/app_util_platform.c.o
 .debug_line    0x0000000000003f6d     0x181d _build/nrf52840_xxaa/drv_rtc.c.o
 .debug_line    0x000000000000578a      0x4f4 _build/nrf52840_xxaa/hardfault_handler_gcc.c.o
 .debug_line    0x0000000000005c7e      0x793 _build/nrf52840_xxaa/hardfault_implementation.c.o
 .debug_line    0x0000000000006411      0x4bc _build/nrf52840_xxaa/nrf_assert.c.o
 .debug_line    0x00000000000068cd      0xa47 _build/nrf52840_xxaa/nrf_atfifo.c.o
 .debug_line    0x0000000000007314      0x8bb _build/nrf52840_xxaa/nrf_atomic.c.o
 .debug_line    0x0000000000007bcf     0x15fa _build/nrf52840_xxaa/nrf_queue.c.o
 .debug_line    0x00000000000091c9     0x1fba _build/nrf52840_xxaa/nrf_serial.c.o
 .debug_line    0x000000000000b183      0x8e1 _build/nrf52840_xxaa/nrf_sortlist.c.o
 .debug_line    0x000000000000ba64      0xf67 _build/nrf52840_xxaa/nrf_drv_clock.c.o
 .debug_line    0x000000000000c9cb      0x965 _build/nrf52840_xxaa/nrf_drv_power.c.o
 .debug_line    0x000000000000d330      0x88d _build/nrf52840_xxaa/nrf_drv_uart.c.o
 .debug_line    0x000000000000dbbd     0x1168 _build/nrf52840_xxaa/nrfx_clock.c.o
 .debug_line    0x000000000000ed25     0x3f87 _build/nrf52840_xxaa/nrfx_gpiote.c.o
 .debug_line    0x0000000000012cac     0x123d _build/nrf52840_xxaa/nrfx_power.c.o
 .debug_line    0x0000000000013ee9      0x988 _build/nrf52840_xxaa/nrfx_prs.c.o
 .debug_line    0x0000000000014871     0x209f _build/nrf52840_xxaa/nrfx_uart.c.o
 .debug_line    0x0000000000016910     0x1ff3 _build/nrf52840_xxaa/nrfx_uarte.c.o
 .debug_line    0x0000000000018903      0xd05 _build/nrf52840_xxaa/main.c.o
 .debug_line    0x0000000000019608      0x686 _build/nrf52840_xxaa/system_nrf52840.c.o

.debug_info     0x0000000000000000    0x2fb96
 .debug_info    0x0000000000000000       0x26 _build/nrf52840_xxaa/gcc_startup_nrf52840.S.o
 .debug_info    0x0000000000000026     0x1906 _build/nrf52840_xxaa/boards.c.o
 .debug_info    0x000000000000192c      0xbac _build/nrf52840_xxaa/app_error.c.o
 .debug_info    0x00000000000024d8      0xa0e _build/nrf52840_xxaa/app_error_handler_gcc.c.o
 .debug_info    0x0000000000002ee6      0xde0 _build/nrf52840_xxaa/app_error_weak.c.o
 .debug_info    0x0000000000003cc6     0x22e2 _build/nrf52840_xxaa/app_timer2.c.o
 .debug_info    0x0000000000005fa8     0x12c1 _build/nrf52840_xxaa/app_util_platform.c.o
 .debug_info    0x0000000000007269     0x2d28 _build/nrf52840_xxaa/drv_rtc.c.o
 .debug_info    0x0000000000009f91      0x9a2 _build/nrf52840_xxaa/hardfault_handler_gcc.c.o
 .debug_info    0x000000000000a933     0x1014 _build/nrf52840_xxaa/hardfault_implementation.c.o
 .debug_info    0x000000000000b947      0xa41 _build/nrf52840_xxaa/nrf_assert.c.o
 .debug_info    0x000000000000c388     0x158b _build/nrf52840_xxaa/nrf_atfifo.c.o
 .debug_info    0x000000000000d913     0x13e4 _build/nrf52840_xxaa/nrf_atomic.c.o
 .debug_info    0x000000000000ecf7     0x2394 _build/nrf52840_xxaa/nrf_queue.c.o
 .debug_info    0x000000000001108b     0x37ef _build/nrf52840_xxaa/nrf_serial.c.o
 .debug_info    0x000000000001487a      0xe30 _build/nrf52840_xxaa/nrf_sortlist.c.o
 .debug_info    0x00000000000156aa     0x189a _build/nrf52840_xxaa/nrf_drv_clock.c.o
 .debug_info    0x0000000000016f44     0x10f2 _build/nrf52840_xxaa/nrf_drv_power.c.o
 .debug_info    0x0000000000018036     0x1aff _build/nrf52840_xxaa/nrf_drv_uart.c.o
 .debug_info    0x0000000000019b35     0x1de1 _build/nrf52840_xxaa/nrfx_clock.c.o
 .debug_info    0x000000000001b916     0x4cbb _build/nrf52840_xxaa/nrfx_gpiote.c.o
 .debug_info    0x00000000000205d1     0x267b _build/nrf52840_xxaa/nrfx_power.c.o
 .debug_info    0x0000000000022c4c     0x1202 _build/nrf52840_xxaa/nrfx_prs.c.o
 .debug_info    0x0000000000023e4e     0x444a _build/nrf52840_xxaa/nrfx_uart.c.o
 .debug_info    0x0000000000028298     0x4390 _build/nrf52840_xxaa/nrfx_uarte.c.o
 .debug_info    0x000000000002c628     0x206d _build/nrf52840_xxaa/main.c.o
 .debug_info    0x000000000002e695     0x1501 _build/nrf52840_xxaa/system_nrf52840.c.o

.debug_abbrev   0x0000000000000000     0x6503
 .debug_abbrev  0x0000000000000000       0x14 _build/nrf52840_xxaa/gcc_startup_nrf52840.S.o
 .debug_abbrev  0x0000000000000014      0x445 _build/nrf52840_xxaa/boards.c.o
 .debug_abbrev  0x0000000000000459      0x276 _build/nrf52840_xxaa/app_error.c.o
 .debug_abbrev  0x00000000000006cf      0x1ed _build/nrf52840_xxaa/app_error_handler_gcc.c.o
 .debug_abbrev  0x00000000000008bc      0x28a _build/nrf52840_xxaa/app_error_weak.c.o
 .debug_abbrev  0x0000000000000b46      0x58f _build/nrf52840_xxaa/app_timer2.c.o
 .debug_abbrev  0x00000000000010d5      0x3ff _build/nrf52840_xxaa/app_util_platform.c.o
 .debug_abbrev  0x00000000000014d4      0x566 _build/nrf52840_xxaa/drv_rtc.c.o
 .debug_abbrev  0x0000000000001a3a      0x1d9 _build/nrf52840_xxaa/hardfault_handler_gcc.c.o
 .debug_abbrev  0x0000000000001c13      0x2cc _build/nrf52840_xxaa/hardfault_implementation.c.o
 .debug_abbrev  0x0000000000001edf      0x22a _build/nrf52840_xxaa/nrf_assert.c.o
 .debug_abbrev  0x0000000000002109      0x3b9 _build/nrf52840_xxaa/nrf_atfifo.c.o
 .debug_abbrev  0x00000000000024c2      0x378 _build/nrf52840_xxaa/nrf_atomic.c.o
 .debug_abbrev  0x000000000000283a      0x4a4 _build/nrf52840_xxaa/nrf_queue.c.o
 .debug_abbrev  0x0000000000002cde      0x5c0 _build/nrf52840_xxaa/nrf_serial.c.o
 .debug_abbrev  0x000000000000329e      0x293 _build/nrf52840_xxaa/nrf_sortlist.c.o
 .debug_abbrev  0x0000000000003531      0x52f _build/nrf52840_xxaa/nrf_drv_clock.c.o
 .debug_abbrev  0x0000000000003a60      0x36e _build/nrf52840_xxaa/nrf_drv_power.c.o
 .debug_abbrev  0x0000000000003dce      0x2da _build/nrf52840_xxaa/nrf_drv_uart.c.o
 .debug_abbrev  0x00000000000040a8      0x541 _build/nrf52840_xxaa/nrfx_clock.c.o
 .debug_abbrev  0x00000000000045e9      0x5c0 _build/nrf52840_xxaa/nrfx_gpiote.c.o
 .debug_abbrev  0x0000000000004ba9      0x5b8 _build/nrf52840_xxaa/nrfx_power.c.o
 .debug_abbrev  0x0000000000005161      0x363 _build/nrf52840_xxaa/nrfx_prs.c.o
 .debug_abbrev  0x00000000000054c4      0x574 _build/nrf52840_xxaa/nrfx_uart.c.o
 .debug_abbrev  0x0000000000005a38      0x548 _build/nrf52840_xxaa/nrfx_uarte.c.o
 .debug_abbrev  0x0000000000005f80      0x354 _build/nrf52840_xxaa/main.c.o
 .debug_abbrev  0x00000000000062d4      0x22f _build/nrf52840_xxaa/system_nrf52840.c.o

.debug_aranges  0x0000000000000000      0x960
 .debug_aranges
                0x0000000000000000       0x20 _build/nrf52840_xxaa/gcc_startup_nrf52840.S.o
 .debug_aranges
                0x0000000000000020       0x78 _build/nrf52840_xxaa/boards.c.o
 .debug_aranges
                0x0000000000000098       0x28 _build/nrf52840_xxaa/app_error.c.o
 .debug_aranges
                0x00000000000000c0       0x20 _build/nrf52840_xxaa/app_error_handler_gcc.c.o
 .debug_aranges
                0x00000000000000e0       0x20 _build/nrf52840_xxaa/app_error_weak.c.o
 .debug_aranges
                0x0000000000000100       0x70 _build/nrf52840_xxaa/app_timer2.c.o
 .debug_aranges
                0x0000000000000170       0x48 _build/nrf52840_xxaa/app_util_platform.c.o
 .debug_aranges
                0x00000000000001b8       0xa8 _build/nrf52840_xxaa/drv_rtc.c.o
 .debug_aranges
                0x0000000000000260       0x20 _build/nrf52840_xxaa/hardfault_handler_gcc.c.o
 .debug_aranges
                0x0000000000000280       0x28 _build/nrf52840_xxaa/hardfault_implementation.c.o
 .debug_aranges
                0x00000000000002a8       0x20 _build/nrf52840_xxaa/nrf_assert.c.o
 .debug_aranges
                0x00000000000002c8       0x58 _build/nrf52840_xxaa/nrf_atfifo.c.o
 .debug_aranges
                0x0000000000000320       0xb0 _build/nrf52840_xxaa/nrf_atomic.c.o
 .debug_aranges
                0x00000000000003d0       0x88 _build/nrf52840_xxaa/nrf_queue.c.o
 .debug_aranges
                0x0000000000000458       0x60 _build/nrf52840_xxaa/nrf_serial.c.o
 .debug_aranges
                0x00000000000004b8       0x40 _build/nrf52840_xxaa/nrf_sortlist.c.o
 .debug_aranges
                0x00000000000004f8       0x80 _build/nrf52840_xxaa/nrf_drv_clock.c.o
 .debug_aranges
                0x0000000000000578       0x60 _build/nrf52840_xxaa/nrf_drv_power.c.o
 .debug_aranges
                0x00000000000005d8       0x30 _build/nrf52840_xxaa/nrf_drv_uart.c.o
 .debug_aranges
                0x0000000000000608       0x78 _build/nrf52840_xxaa/nrfx_clock.c.o
 .debug_aranges
                0x0000000000000680       0xd8 _build/nrf52840_xxaa/nrfx_gpiote.c.o
 .debug_aranges
                0x0000000000000758       0xa8 _build/nrf52840_xxaa/nrfx_power.c.o
 .debug_aranges
                0x0000000000000800       0x30 _build/nrf52840_xxaa/nrfx_prs.c.o
 .debug_aranges
                0x0000000000000830       0x78 _build/nrf52840_xxaa/nrfx_uart.c.o
 .debug_aranges
                0x00000000000008a8       0x68 _build/nrf52840_xxaa/nrfx_uarte.c.o
 .debug_aranges
                0x0000000000000910       0x28 _build/nrf52840_xxaa/main.c.o
 .debug_aranges
                0x0000000000000938       0x28 _build/nrf52840_xxaa/system_nrf52840.c.o

.debug_str      0x0000000000000000    0x94910
 .debug_str     0x0000000000000000       0xb3 _build/nrf52840_xxaa/gcc_startup_nrf52840.S.o
 .debug_str     0x00000000000000b3    0x85871 _build/nrf52840_xxaa/boards.c.o
                                      0x86dc8 (size before relaxing)
 .debug_str     0x0000000000085924      0x11f _build/nrf52840_xxaa/app_error.c.o
                                      0x7808e (size before relaxing)
 .debug_str     0x0000000000085a43      0x549 _build/nrf52840_xxaa/app_error_handler_gcc.c.o
                                      0x82568 (size before relaxing)
 .debug_str     0x0000000000085f8c     0x2d3e _build/nrf52840_xxaa/app_error_weak.c.o
                                      0x855f9 (size before relaxing)
 .debug_str     0x0000000000088cca     0x1779 _build/nrf52840_xxaa/app_timer2.c.o
                                      0x89b3b (size before relaxing)
 .debug_str     0x000000000008a443      0x298 _build/nrf52840_xxaa/app_util_platform.c.o
                                      0x788f4 (size before relaxing)
 .debug_str     0x000000000008a6db      0x7a9 _build/nrf52840_xxaa/drv_rtc.c.o
                                      0x89483 (size before relaxing)
 .debug_str     0x000000000008ae84       0x69 _build/nrf52840_xxaa/hardfault_handler_gcc.c.o
                                      0x81a66 (size before relaxing)
 .debug_str     0x000000000008aeed      0x18b _build/nrf52840_xxaa/hardfault_implementation.c.o
                                      0x856ba (size before relaxing)
 .debug_str     0x000000000008b078       0x39 _build/nrf52840_xxaa/nrf_assert.c.o
                                      0x78099 (size before relaxing)
 .debug_str     0x000000000008b0b1      0x16a _build/nrf52840_xxaa/nrf_atfifo.c.o
                                      0x8489c (size before relaxing)
 .debug_str     0x000000000008b21b      0x74a _build/nrf52840_xxaa/nrf_atomic.c.o
                                      0x8215a (size before relaxing)
 .debug_str     0x000000000008b965     0x19e0 _build/nrf52840_xxaa/nrf_queue.c.o
                                      0x86ae4 (size before relaxing)
 .debug_str     0x000000000008d345     0x1b5d _build/nrf52840_xxaa/nrf_serial.c.o
                                      0x89fde (size before relaxing)
 .debug_str     0x000000000008eea2       0xc5 _build/nrf52840_xxaa/nrf_sortlist.c.o
                                      0x844ff (size before relaxing)
 .debug_str     0x000000000008ef67      0x955 _build/nrf52840_xxaa/nrf_drv_clock.c.o
                                      0x88cc8 (size before relaxing)
 .debug_str     0x000000000008f8bc      0xf22 _build/nrf52840_xxaa/nrf_drv_power.c.o
                                      0x86b52 (size before relaxing)
 .debug_str     0x00000000000907de      0x46d _build/nrf52840_xxaa/nrf_drv_uart.c.o
                                      0x86a3d (size before relaxing)
 .debug_str     0x0000000000090c4b      0x7cd _build/nrf52840_xxaa/nrfx_clock.c.o
                                      0x893c9 (size before relaxing)
 .debug_str     0x0000000000091418     0x1828 _build/nrf52840_xxaa/nrfx_gpiote.c.o
                                      0x8a67b (size before relaxing)
 .debug_str     0x0000000000092c40      0x462 _build/nrf52840_xxaa/nrfx_power.c.o
                                      0x86b66 (size before relaxing)
 .debug_str     0x00000000000930a2      0x346 _build/nrf52840_xxaa/nrfx_prs.c.o
                                      0x88b0a (size before relaxing)
 .debug_str     0x00000000000933e8      0x660 _build/nrf52840_xxaa/nrfx_uart.c.o
                                      0x89cee (size before relaxing)
 .debug_str     0x0000000000093a48      0x91c _build/nrf52840_xxaa/nrfx_uarte.c.o
                                      0x8a182 (size before relaxing)
 .debug_str     0x0000000000094364      0x260 _build/nrf52840_xxaa/main.c.o
                                      0x8dc41 (size before relaxing)
 .debug_str     0x00000000000945c4      0x34c _build/nrf52840_xxaa/system_nrf52840.c.o
                                      0x73d01 (size before relaxing)

.debug_loc      0x0000000000000000    0x11d0b
 .debug_loc     0x0000000000000000     0x10b6 _build/nrf52840_xxaa/boards.c.o
 .debug_loc     0x00000000000010b6       0xc8 _build/nrf52840_xxaa/app_error.c.o
 .debug_loc     0x000000000000117e       0x6f _build/nrf52840_xxaa/app_error_handler_gcc.c.o
 .debug_loc     0x00000000000011ed       0x6f _build/nrf52840_xxaa/app_error_weak.c.o
 .debug_loc     0x000000000000125c      0xb0f _build/nrf52840_xxaa/app_timer2.c.o
 .debug_loc     0x0000000000001d6b      0x252 _build/nrf52840_xxaa/app_util_platform.c.o
 .debug_loc     0x0000000000001fbd     0x1990 _build/nrf52840_xxaa/drv_rtc.c.o
 .debug_loc     0x000000000000394d       0x4a _build/nrf52840_xxaa/hardfault_implementation.c.o
 .debug_loc     0x0000000000003997       0x57 _build/nrf52840_xxaa/nrf_assert.c.o
 .debug_loc     0x00000000000039ee      0x716 _build/nrf52840_xxaa/nrf_atfifo.c.o
 .debug_loc     0x0000000000004104      0x587 _build/nrf52840_xxaa/nrf_atomic.c.o
 .debug_loc     0x000000000000468b     0x17a4 _build/nrf52840_xxaa/nrf_queue.c.o
 .debug_loc     0x0000000000005e2f     0x22f5 _build/nrf52840_xxaa/nrf_serial.c.o
 .debug_loc     0x0000000000008124      0x277 _build/nrf52840_xxaa/nrf_sortlist.c.o
 .debug_loc     0x000000000000839b      0x370 _build/nrf52840_xxaa/nrf_drv_clock.c.o
 .debug_loc     0x000000000000870b       0xf7 _build/nrf52840_xxaa/nrf_drv_power.c.o
 .debug_loc     0x0000000000008802      0x1dd _build/nrf52840_xxaa/nrf_drv_uart.c.o
 .debug_loc     0x00000000000089df      0x317 _build/nrf52840_xxaa/nrfx_clock.c.o
 .debug_loc     0x0000000000008cf6     0x42b8 _build/nrf52840_xxaa/nrfx_gpiote.c.o
 .debug_loc     0x000000000000cfae      0x61d _build/nrf52840_xxaa/nrfx_power.c.o
 .debug_loc     0x000000000000d5cb      0x182 _build/nrf52840_xxaa/nrfx_prs.c.o
 .debug_loc     0x000000000000d74d     0x235c _build/nrf52840_xxaa/nrfx_uart.c.o
 .debug_loc     0x000000000000faa9     0x2107 _build/nrf52840_xxaa/nrfx_uarte.c.o
 .debug_loc     0x0000000000011bb0      0x15b _build/nrf52840_xxaa/main.c.o

.debug_ranges   0x0000000000000000     0x5080
 .debug_ranges  0x0000000000000000      0xa10 _build/nrf52840_xxaa/boards.c.o
 .debug_ranges  0x0000000000000a10       0x18 _build/nrf52840_xxaa/app_error.c.o
 .debug_ranges  0x0000000000000a28       0x10 _build/nrf52840_xxaa/app_error_handler_gcc.c.o
 .debug_ranges  0x0000000000000a38       0x10 _build/nrf52840_xxaa/app_error_weak.c.o
 .debug_ranges  0x0000000000000a48      0x2b0 _build/nrf52840_xxaa/app_timer2.c.o
 .debug_ranges  0x0000000000000cf8       0xb0 _build/nrf52840_xxaa/app_util_platform.c.o
 .debug_ranges  0x0000000000000da8      0x3d8 _build/nrf52840_xxaa/drv_rtc.c.o
 .debug_ranges  0x0000000000001180       0x10 _build/nrf52840_xxaa/hardfault_handler_gcc.c.o
 .debug_ranges  0x0000000000001190       0x18 _build/nrf52840_xxaa/hardfault_implementation.c.o
 .debug_ranges  0x00000000000011a8       0x10 _build/nrf52840_xxaa/nrf_assert.c.o
 .debug_ranges  0x00000000000011b8      0x1a8 _build/nrf52840_xxaa/nrf_atfifo.c.o
 .debug_ranges  0x0000000000001360      0x228 _build/nrf52840_xxaa/nrf_atomic.c.o
 .debug_ranges  0x0000000000001588      0x3b0 _build/nrf52840_xxaa/nrf_queue.c.o
 .debug_ranges  0x0000000000001938      0x5e8 _build/nrf52840_xxaa/nrf_serial.c.o
 .debug_ranges  0x0000000000001f20       0x30 _build/nrf52840_xxaa/nrf_sortlist.c.o
 .debug_ranges  0x0000000000001f50      0x188 _build/nrf52840_xxaa/nrf_drv_clock.c.o
 .debug_ranges  0x00000000000020d8       0x68 _build/nrf52840_xxaa/nrf_drv_power.c.o
 .debug_ranges  0x0000000000002140       0x20 _build/nrf52840_xxaa/nrf_drv_uart.c.o
 .debug_ranges  0x0000000000002160      0x2c0 _build/nrf52840_xxaa/nrfx_clock.c.o
 .debug_ranges  0x0000000000002420     0x1400 _build/nrf52840_xxaa/nrfx_gpiote.c.o
 .debug_ranges  0x0000000000003820      0x430 _build/nrf52840_xxaa/nrfx_power.c.o
 .debug_ranges  0x0000000000003c50       0x50 _build/nrf52840_xxaa/nrfx_prs.c.o
 .debug_ranges  0x0000000000003ca0      0x9e8 _build/nrf52840_xxaa/nrfx_uart.c.o
 .debug_ranges  0x0000000000004688      0x908 _build/nrf52840_xxaa/nrfx_uarte.c.o
 .debug_ranges  0x0000000000004f90       0xb0 _build/nrf52840_xxaa/main.c.o
 .debug_ranges  0x0000000000005040       0x40 _build/nrf52840_xxaa/system_nrf52840.c.o

.debug_macro    0x0000000000000000     0x6eba
 .debug_macro   0x0000000000000000      0x349 _build/nrf52840_xxaa/boards.c.o
 .debug_macro   0x0000000000000349       0x26 _build/nrf52840_xxaa/boards.c.o
 .debug_macro   0x000000000000036f      0x430 _build/nrf52840_xxaa/boards.c.o
 .debug_macro   0x000000000000079f       0x59 _build/nrf52840_xxaa/boards.c.o
 .debug_macro   0x00000000000007f8      0x233 _build/nrf52840_xxaa/boards.c.o
 .debug_macro   0x0000000000000a2b      0x14e _build/nrf52840_xxaa/boards.c.o
 .debug_macro   0x0000000000000b79       0x3f _build/nrf52840_xxaa/boards.c.o
 .debug_macro   0x0000000000000bb8       0x16 _build/nrf52840_xxaa/boards.c.o
 .debug_macro   0x0000000000000bce       0x10 _build/nrf52840_xxaa/boards.c.o
 .debug_macro   0x0000000000000bde       0x10 _build/nrf52840_xxaa/boards.c.o
 .debug_macro   0x0000000000000bee       0xb6 _build/nrf52840_xxaa/boards.c.o
 .debug_macro   0x0000000000000ca4       0x16 _build/nrf52840_xxaa/boards.c.o
 .debug_macro   0x0000000000000cba      0x129 _build/nrf52840_xxaa/boards.c.o
 .debug_macro   0x0000000000000de3       0x49 _build/nrf52840_xxaa/boards.c.o
 .debug_macro   0x0000000000000e2c       0x8c _build/nrf52840_xxaa/boards.c.o
 .debug_macro   0x0000000000000eb8       0x19 _build/nrf52840_xxaa/boards.c.o
 .debug_macro   0x0000000000000ed1       0x1d _build/nrf52840_xxaa/boards.c.o
 .debug_macro   0x0000000000000eee       0x35 _build/nrf52840_xxaa/boards.c.o
 .debug_macro   0x0000000000000f23       0x7b _build/nrf52840_xxaa/boards.c.o
 .debug_macro   0x0000000000000f9e       0x64 _build/nrf52840_xxaa/boards.c.o
 .debug_macro   0x0000000000001002       0x20 _build/nrf52840_xxaa/boards.c.o
 .debug_macro   0x0000000000001022       0x16 _build/nrf52840_xxaa/boards.c.o
 .debug_macro   0x0000000000001038      0x208 _build/nrf52840_xxaa/boards.c.o
 .debug_macro   0x0000000000001240      0x16d _build/nrf52840_xxaa/boards.c.o
 .debug_macro   0x00000000000013ad      0x22e _build/nrf52840_xxaa/app_error.c.o
 .debug_macro   0x00000000000015db       0x35 _build/nrf52840_xxaa/app_error.c.o
 .debug_macro   0x0000000000001610       0x97 _build/nrf52840_xxaa/app_error.c.o
 .debug_macro   0x00000000000016a7       0xf6 _build/nrf52840_xxaa/app_error.c.o
 .debug_macro   0x000000000000179d      0x28a _build/nrf52840_xxaa/app_error_handler_gcc.c.o
 .debug_macro   0x0000000000001a27      0x31d _build/nrf52840_xxaa/app_error_weak.c.o
 .debug_macro   0x0000000000001d44       0x16 _build/nrf52840_xxaa/app_error_weak.c.o
 .debug_macro   0x0000000000001d5a       0x31 _build/nrf52840_xxaa/app_error_weak.c.o
 .debug_macro   0x0000000000001d8b       0x16 _build/nrf52840_xxaa/app_error_weak.c.o
 .debug_macro   0x0000000000001da1      0x17f _build/nrf52840_xxaa/app_error_weak.c.o
 .debug_macro   0x0000000000001f20       0x28 _build/nrf52840_xxaa/app_error_weak.c.o
 .debug_macro   0x0000000000001f48       0x23 _build/nrf52840_xxaa/app_error_weak.c.o
 .debug_macro   0x0000000000001f6b       0x1c _build/nrf52840_xxaa/app_error_weak.c.o
 .debug_macro   0x0000000000001f87       0x92 _build/nrf52840_xxaa/app_error_weak.c.o
 .debug_macro   0x0000000000002019      0x408 _build/nrf52840_xxaa/app_timer2.c.o
 .debug_macro   0x0000000000002421       0x27 _build/nrf52840_xxaa/app_timer2.c.o
 .debug_macro   0x0000000000002448       0x45 _build/nrf52840_xxaa/app_timer2.c.o
 .debug_macro   0x000000000000248d       0xac _build/nrf52840_xxaa/app_timer2.c.o
 .debug_macro   0x0000000000002539       0x5b _build/nrf52840_xxaa/app_timer2.c.o
 .debug_macro   0x0000000000002594       0x10 _build/nrf52840_xxaa/app_timer2.c.o
 .debug_macro   0x00000000000025a4       0x2e _build/nrf52840_xxaa/app_timer2.c.o
 .debug_macro   0x00000000000025d2       0x28 _build/nrf52840_xxaa/app_timer2.c.o
 .debug_macro   0x00000000000025fa      0x244 _build/nrf52840_xxaa/app_util_platform.c.o
 .debug_macro   0x000000000000283e      0x3f4 _build/nrf52840_xxaa/drv_rtc.c.o
 .debug_macro   0x0000000000002c32       0x10 _build/nrf52840_xxaa/drv_rtc.c.o
 .debug_macro   0x0000000000002c42      0x213 _build/nrf52840_xxaa/hardfault_handler_gcc.c.o
 .debug_macro   0x0000000000002e55      0x339 _build/nrf52840_xxaa/hardfault_implementation.c.o
 .debug_macro   0x000000000000318e      0x237 _build/nrf52840_xxaa/nrf_assert.c.o
 .debug_macro   0x00000000000033c5       0x10 _build/nrf52840_xxaa/nrf_assert.c.o
 .debug_macro   0x00000000000033d5      0x28d _build/nrf52840_xxaa/nrf_atfifo.c.o
 .debug_macro   0x0000000000003662       0x58 _build/nrf52840_xxaa/nrf_atfifo.c.o
 .debug_macro   0x00000000000036ba       0x5c _build/nrf52840_xxaa/nrf_atfifo.c.o
 .debug_macro   0x0000000000003716       0x57 _build/nrf52840_xxaa/nrf_atfifo.c.o
 .debug_macro   0x000000000000376d      0x232 _build/nrf52840_xxaa/nrf_atomic.c.o
 .debug_macro   0x000000000000399f       0x42 _build/nrf52840_xxaa/nrf_atomic.c.o
 .debug_macro   0x00000000000039e1      0x30b _build/nrf52840_xxaa/nrf_queue.c.o
 .debug_macro   0x0000000000003cec       0x47 _build/nrf52840_xxaa/nrf_queue.c.o
 .debug_macro   0x0000000000003d33      0x41e _build/nrf52840_xxaa/nrf_serial.c.o
 .debug_macro   0x0000000000004151       0x10 _build/nrf52840_xxaa/nrf_serial.c.o
 .debug_macro   0x0000000000004161       0x10 _build/nrf52840_xxaa/nrf_serial.c.o
 .debug_macro   0x0000000000004171       0x10 _build/nrf52840_xxaa/nrf_serial.c.o
 .debug_macro   0x0000000000004181       0x10 _build/nrf52840_xxaa/nrf_serial.c.o
 .debug_macro   0x0000000000004191       0x10 _build/nrf52840_xxaa/nrf_serial.c.o
 .debug_macro   0x00000000000041a1       0x3f _build/nrf52840_xxaa/nrf_serial.c.o
 .debug_macro   0x00000000000041e0       0x10 _build/nrf52840_xxaa/nrf_serial.c.o
 .debug_macro   0x00000000000041f0       0x3b _build/nrf52840_xxaa/nrf_serial.c.o
 .debug_macro   0x000000000000422b      0x287 _build/nrf52840_xxaa/nrf_sortlist.c.o
 .debug_macro   0x00000000000044b2      0x40b _build/nrf52840_xxaa/nrf_drv_clock.c.o
 .debug_macro   0x00000000000048bd       0x16 _build/nrf52840_xxaa/nrf_drv_clock.c.o
 .debug_macro   0x00000000000048d3      0x3a8 _build/nrf52840_xxaa/nrf_drv_power.c.o
 .debug_macro   0x0000000000004c7b       0x2e _build/nrf52840_xxaa/nrf_drv_power.c.o
 .debug_macro   0x0000000000004ca9       0x70 _build/nrf52840_xxaa/nrf_drv_power.c.o
 .debug_macro   0x0000000000004d19      0x372 _build/nrf52840_xxaa/nrf_drv_uart.c.o
 .debug_macro   0x000000000000508b      0x3e9 _build/nrf52840_xxaa/nrfx_clock.c.o
 .debug_macro   0x0000000000005474       0x1c _build/nrf52840_xxaa/nrfx_clock.c.o
 .debug_macro   0x0000000000005490       0x42 _build/nrf52840_xxaa/nrfx_clock.c.o
 .debug_macro   0x00000000000054d2      0x420 _build/nrf52840_xxaa/nrfx_gpiote.c.o
 .debug_macro   0x00000000000058f2       0x1c _build/nrf52840_xxaa/nrfx_gpiote.c.o
 .debug_macro   0x000000000000590e       0x16 _build/nrf52840_xxaa/nrfx_gpiote.c.o
 .debug_macro   0x0000000000005924      0x345 _build/nrf52840_xxaa/nrfx_power.c.o
 .debug_macro   0x0000000000005c69      0x3d5 _build/nrf52840_xxaa/nrfx_prs.c.o
 .debug_macro   0x000000000000603e       0x28 _build/nrf52840_xxaa/nrfx_prs.c.o
 .debug_macro   0x0000000000006066      0x3f0 _build/nrf52840_xxaa/nrfx_uart.c.o
 .debug_macro   0x0000000000006456      0x40e _build/nrf52840_xxaa/nrfx_uarte.c.o
 .debug_macro   0x0000000000006864      0x4f3 _build/nrf52840_xxaa/main.c.o
 .debug_macro   0x0000000000006d57       0x16 _build/nrf52840_xxaa/main.c.o
 .debug_macro   0x0000000000006d6d       0x4d _build/nrf52840_xxaa/main.c.o
 .debug_macro   0x0000000000006dba      0x100 _build/nrf52840_xxaa/system_nrf52840.c.o

.debug_frame    0x0000000000000000     0x1b48
 .debug_frame   0x0000000000000000      0x134 _build/nrf52840_xxaa/boards.c.o
 .debug_frame   0x0000000000000134       0x54 _build/nrf52840_xxaa/app_error.c.o
 .debug_frame   0x0000000000000188       0x20 _build/nrf52840_xxaa/app_error_handler_gcc.c.o
 .debug_frame   0x00000000000001a8       0x20 _build/nrf52840_xxaa/app_error_weak.c.o
 .debug_frame   0x00000000000001c8      0x16c _build/nrf52840_xxaa/app_timer2.c.o
 .debug_frame   0x0000000000000334       0x80 _build/nrf52840_xxaa/app_util_platform.c.o
 .debug_frame   0x00000000000003b4      0x20c _build/nrf52840_xxaa/drv_rtc.c.o
 .debug_frame   0x00000000000005c0       0x20 _build/nrf52840_xxaa/hardfault_handler_gcc.c.o
 .debug_frame   0x00000000000005e0       0x38 _build/nrf52840_xxaa/hardfault_implementation.c.o
 .debug_frame   0x0000000000000618       0x30 _build/nrf52840_xxaa/nrf_assert.c.o
 .debug_frame   0x0000000000000648      0x134 _build/nrf52840_xxaa/nrf_atfifo.c.o
 .debug_frame   0x000000000000077c      0x228 _build/nrf52840_xxaa/nrf_atomic.c.o
 .debug_frame   0x00000000000009a4      0x1a8 _build/nrf52840_xxaa/nrf_queue.c.o
 .debug_frame   0x0000000000000b4c      0x1c0 _build/nrf52840_xxaa/nrf_serial.c.o
 .debug_frame   0x0000000000000d0c       0x90 _build/nrf52840_xxaa/nrf_sortlist.c.o
 .debug_frame   0x0000000000000d9c      0x174 _build/nrf52840_xxaa/nrf_drv_clock.c.o
 .debug_frame   0x0000000000000f10       0xf0 _build/nrf52840_xxaa/nrf_drv_power.c.o
 .debug_frame   0x0000000000001000       0x80 _build/nrf52840_xxaa/nrf_drv_uart.c.o
 .debug_frame   0x0000000000001080      0x148 _build/nrf52840_xxaa/nrfx_clock.c.o
 .debug_frame   0x00000000000011c8      0x2d0 _build/nrf52840_xxaa/nrfx_gpiote.c.o
 .debug_frame   0x0000000000001498      0x19c _build/nrf52840_xxaa/nrfx_power.c.o
 .debug_frame   0x0000000000001634       0x60 _build/nrf52840_xxaa/nrfx_prs.c.o
 .debug_frame   0x0000000000001694      0x190 _build/nrf52840_xxaa/nrfx_uart.c.o
 .debug_frame   0x0000000000001824      0x188 _build/nrf52840_xxaa/nrfx_uarte.c.o
 .debug_frame   0x00000000000019ac       0x40 _build/nrf52840_xxaa/main.c.o
 .debug_frame   0x00000000000019ec       0x40 _build/nrf52840_xxaa/system_nrf52840.c.o
 .debug_frame   0x0000000000001a2c       0x28 /usr/local/gcc-arm-none-eabi-9-2019-q4-major/bin/../lib/gcc/arm-none-eabi/9.2.1/../../../../arm-none-eabi/lib/thumb/v7e-m+fp/hard/libc_nano.a(lib_a-exit.o)
 .debug_frame   0x0000000000001a54       0x2c /usr/local/gcc-arm-none-eabi-9-2019-q4-major/bin/../lib/gcc/arm-none-eabi/9.2.1/../../../../arm-none-eabi/lib/thumb/v7e-m+fp/hard/libc_nano.a(lib_a-init.o)
 .debug_frame   0x0000000000001a80       0x28 /usr/local/gcc-arm-none-eabi-9-2019-q4-major/bin/../lib/gcc/arm-none-eabi/9.2.1/../../../../arm-none-eabi/lib/thumb/v7e-m+fp/hard/libc_nano.a(lib_a-memcpy-stub.o)
 .debug_frame   0x0000000000001aa8       0x20 /usr/local/gcc-arm-none-eabi-9-2019-q4-major/bin/../lib/gcc/arm-none-eabi/9.2.1/../../../../arm-none-eabi/lib/thumb/v7e-m+fp/hard/libc_nano.a(lib_a-memset.o)
 .debug_frame   0x0000000000001ac8       0x20 /usr/local/gcc-arm-none-eabi-9-2019-q4-major/bin/../lib/gcc/arm-none-eabi/9.2.1/../../../../arm-none-eabi/lib/thumb/v7e-m+fp/hard/libnosys.a(_exit.o)
 .debug_frame   0x0000000000001ae8       0x2c /usr/local/gcc-arm-none-eabi-9-2019-q4-major/bin/../lib/gcc/arm-none-eabi/9.2.1/thumb/v7e-m+fp/hard/libgcc.a(_aeabi_uldivmod.o)
 .debug_frame   0x0000000000001b14       0x34 /usr/local/gcc-arm-none-eabi-9-2019-q4-major/bin/../lib/gcc/arm-none-eabi/9.2.1/thumb/v7e-m+fp/hard/libgcc.a(_udivmoddi4.o)
